Component: ARM Compiler 5.05 update 1 (build 106) Tool: armlink [4d0efa]

==============================================================================

Section Cross References

    main.o(i.main) refers to misc.o(i.NVIC_PriorityGroupConfig) for NVIC_PriorityGroupConfig
    main.o(i.main) refers to delay.o(i.delay_init) for delay_init
    main.o(i.main) refers to delay.o(i.delay_xms) for delay_xms
    main.o(i.main) refers to usart.o(i.uart_init) for uart_init
    main.o(i.main) refers to mdbs_func.o(i.Mdbus_CTRL_Init) for Mdbus_CTRL_Init
    main.o(i.main) refers to mb_usart.o(i.Usart3_init) for Usart3_init
    main.o(i.main) refers to led.o(i.PWR_sensor_CTRL) for PWR_sensor_CTRL
    main.o(i.main) refers to led.o(i.LED_Init) for LED_Init
    main.o(i.main) refers to key.o(i.KEY_Init) for KEY_Init
    main.o(i.main) refers to routing.o(i.SensorDataGet) for SensorDataGet
    main.o(i.main) refers to ec20.o(i.EC800_Init) for EC800_Init
    main.o(i.main) refers to routing.o(i.MqttConnect) for MqttConnect
    main.o(i.main) refers to lora.o(i.lora_init) for lora_init
    main.o(i.main) refers to iwdg.o(i.IWDG_Init) for IWDG_Init
    main.o(i.main) refers to freertos_demo.o(i.freertos_demo) for freertos_demo
    system_stm32f4xx.o(i.SystemCoreClockUpdate) refers to system_stm32f4xx.o(.data) for SystemCoreClock
    system_stm32f4xx.o(i.SystemInit) refers to system_stm32f4xx.o(i.SetSysClock) for SetSysClock
    led.o(i.LED_Init) refers to stm32f4xx_rcc.o(i.RCC_AHB1PeriphClockCmd) for RCC_AHB1PeriphClockCmd
    led.o(i.LED_Init) refers to stm32f4xx_gpio.o(i.GPIO_Init) for GPIO_Init
    led.o(i.LED_Init) refers to stm32f4xx_gpio.o(i.GPIO_SetBits) for GPIO_SetBits
    led.o(i.PWR_sensor_CTRL) refers to stm32f4xx_rcc.o(i.RCC_AHB1PeriphClockCmd) for RCC_AHB1PeriphClockCmd
    led.o(i.PWR_sensor_CTRL) refers to stm32f4xx_gpio.o(i.GPIO_Init) for GPIO_Init
    led.o(i.PWR_sensor_CTRL) refers to stm32f4xx_gpio.o(i.GPIO_SetBits) for GPIO_SetBits
    led.o(i.Play_LED) refers to delay.o(i.delay_ms) for delay_ms
    led.o(i.Play_LED) refers to stm32f4xx_gpio.o(i.GPIO_SetBits) for GPIO_SetBits
    beep.o(i.BEEP_Init) refers to stm32f4xx_rcc.o(i.RCC_AHB1PeriphClockCmd) for RCC_AHB1PeriphClockCmd
    beep.o(i.BEEP_Init) refers to stm32f4xx_gpio.o(i.GPIO_Init) for GPIO_Init
    beep.o(i.BEEP_Init) refers to stm32f4xx_gpio.o(i.GPIO_ResetBits) for GPIO_ResetBits
    key.o(i.KEY_Init) refers to stm32f4xx_rcc.o(i.RCC_AHB1PeriphClockCmd) for RCC_AHB1PeriphClockCmd
    key.o(i.KEY_Init) refers to stm32f4xx_gpio.o(i.GPIO_Init) for GPIO_Init
    key.o(i.KEY_Scan) refers to delay.o(i.delay_ms) for delay_ms
    key.o(i.KEY_Scan) refers to key.o(.data) for key_up
    timer.o(i.ConfigureTimeForRunTimeStats) refers to timer.o(i.TIM3_Init) for TIM3_Init
    timer.o(i.ConfigureTimeForRunTimeStats) refers to timer.o(.data) for FreeRTOSRunTimeTicks
    timer.o(i.TIM2_IRQHandler) refers to stm32f4xx_tim.o(i.TIM_GetFlagStatus) for TIM_GetFlagStatus
    timer.o(i.TIM2_IRQHandler) refers to __2printf.o(.text) for __2printf
    timer.o(i.TIM2_IRQHandler) refers to stm32f4xx_tim.o(i.TIM_ClearITPendingBit) for TIM_ClearITPendingBit
    timer.o(i.TIM2_Init) refers to stm32f4xx_rcc.o(i.RCC_APB1PeriphClockCmd) for RCC_APB1PeriphClockCmd
    timer.o(i.TIM2_Init) refers to stm32f4xx_tim.o(i.TIM_ITConfig) for TIM_ITConfig
    timer.o(i.TIM2_Init) refers to stm32f4xx_tim.o(i.TIM_TimeBaseInit) for TIM_TimeBaseInit
    timer.o(i.TIM2_Init) refers to misc.o(i.NVIC_Init) for NVIC_Init
    timer.o(i.TIM2_Init) refers to stm32f4xx_tim.o(i.TIM_Cmd) for TIM_Cmd
    timer.o(i.TIM3_IRQHandler) refers to stm32f4xx_tim.o(i.TIM_GetFlagStatus) for TIM_GetFlagStatus
    timer.o(i.TIM3_IRQHandler) refers to stm32f4xx_tim.o(i.TIM_ClearITPendingBit) for TIM_ClearITPendingBit
    timer.o(i.TIM3_IRQHandler) refers to timer.o(.data) for FreeRTOSRunTimeTicks
    timer.o(i.TIM3_Init) refers to stm32f4xx_rcc.o(i.RCC_APB1PeriphClockCmd) for RCC_APB1PeriphClockCmd
    timer.o(i.TIM3_Init) refers to stm32f4xx_tim.o(i.TIM_ITConfig) for TIM_ITConfig
    timer.o(i.TIM3_Init) refers to stm32f4xx_tim.o(i.TIM_TimeBaseInit) for TIM_TimeBaseInit
    timer.o(i.TIM3_Init) refers to misc.o(i.NVIC_Init) for NVIC_Init
    timer.o(i.TIM3_Init) refers to stm32f4xx_tim.o(i.TIM_Cmd) for TIM_Cmd
    crc16.o(i.mc_check_crc16) refers to crc16.o(.constdata) for CRC16HiTable
    mdbs_func.o(i.CleanPrecipitation) refers to rt_memcpy_w.o(.text) for __aeabi_memcpy4
    mdbs_func.o(i.CleanPrecipitation) refers to mdbs_func.o(i.mb_sent_writeHoldingReg_all) for mb_sent_writeHoldingReg_all
    mdbs_func.o(i.CleanPrecipitation) refers to delay.o(i.delay_ms) for delay_ms
    mdbs_func.o(i.CleanPrecipitation) refers to mdbs_func.o(i.mb_recv_readHoldingReg_all) for mb_recv_readHoldingReg_all
    mdbs_func.o(i.CurrentAddress) refers to rt_memcpy_w.o(.text) for __aeabi_memcpy4
    mdbs_func.o(i.CurrentAddress) refers to mdbs_func.o(i.mb_sent_writeHoldingReg_all) for mb_sent_writeHoldingReg_all
[...]
    __mathlib_dbl_infnan2                    0x08005ea9   Thumb Code    20  dunder.o(i.__mathlib_dbl_infnan2)
    __mathlib_dbl_invalid                    0x08005ec1   Thumb Code    24  dunder.o(i.__mathlib_dbl_invalid)
    __mathlib_dbl_overflow                   0x08005ee1   Thumb Code    24  dunder.o(i.__mathlib_dbl_overflow)
    __mathlib_dbl_underflow                  0x08005f01   Thumb Code    24  dunder.o(i.__mathlib_dbl_underflow)
    _is_digit                                0x08005f2b   Thumb Code    14  __printf_wp.o(i._is_digit)
    _sys_exit                                0x08005f39   Thumb Code     4  usart.o(i._sys_exit)
    ack_send                                 0x08005f3d   Thumb Code    50  mac.o(i.ack_send)
    add_neighbor_route                       0x08005f71   Thumb Code   234  routing.o(i.add_neighbor_route)
    atk_mw1268d_addr_config                  0x08006061   Thumb Code   136  lora.o(i.atk_mw1268d_addr_config)
    atk_mw1268d_at_test                      0x0800612d   Thumb Code   144  lora.o(i.atk_mw1268d_at_test)
    atk_mw1268d_datakey_config               0x080061fd   Thumb Code   134  lora.o(i.atk_mw1268d_datakey_config)
    atk_mw1268d_enter_config                 0x080062c9   Thumb Code     8  lora.o(i.atk_mw1268d_enter_config)
    atk_mw1268d_exit_config                  0x080062d5   Thumb Code     8  lora.o(i.atk_mw1268d_exit_config)
    atk_mw1268d_init                         0x0800634d   Thumb Code   184  lora.o(i.atk_mw1268d_init)
    atk_mw1268d_lbt_config                   0x08006435   Thumb Code   160  lora.o(i.atk_mw1268d_lbt_config)
    atk_mw1268d_netid_config                 0x08006525   Thumb Code   134  lora.o(i.atk_mw1268d_netid_config)
    atk_mw1268d_packsize_config              0x080065f1   Thumb Code   164  lora.o(i.atk_mw1268d_packsize_config)
    atk_mw1268d_rssi_config                  0x080066dd   Thumb Code   160  lora.o(i.atk_mw1268d_rssi_config)
    atk_mw1268d_tmode_config                 0x080067cd   Thumb Code   152  lora.o(i.atk_mw1268d_tmode_config)
    atk_mw1268d_tpower_config                0x080068a9   Thumb Code   164  lora.o(i.atk_mw1268d_tpower_config)
    atk_mw1268d_uart_config                  0x08006991   Thumb Code   202  lora.o(i.atk_mw1268d_uart_config)
    atk_mw1268d_wlrate_channel_config        0x08006aa1   Thumb Code   184  lora.o(i.atk_mw1268d_wlrate_channel_config)
    atk_mw1268d_wltime_config                0x08006ba5   Thumb Code   152  lora.o(i.atk_mw1268d_wltime_config)
    atk_mw1268d_workmode_config              0x08006c81   Thumb Code   166  lora.o(i.atk_mw1268d_workmode_config)
    beacon_send                              0x08006d6d   Thumb Code    54  freertos_demo.o(i.beacon_send)
    beacon_send_route                        0x08006dc5   Thumb Code   162  routing.o(i.beacon_send_route)
    bmp280CompensateP                        0x08006ec9   Thumb Code   420  bmp280.o(i.bmp280CompensateP)
    bmp280CompensateT                        0x08007071   Thumb Code    66  bmp280.o(i.bmp280CompensateT)
    bmp280GetRawData                         0x08007105   Thumb Code    24  bmp280.o(i.bmp280GetRawData)
    bmp280Init                               0x08007125   Thumb Code   102  bmp280.o(i.bmp280Init)
    crc_high_first                           0x08007195   Thumb Code    60  sht45.o(i.crc_high_first)
    createNode                               0x080071d1   Thumb Code    34  tree_node.o(i.createNode)
    cts_send                                 0x080071f3   Thumb Code    50  mac.o(i.cts_send)
    data_relay                               0x08007225   Thumb Code    48  freertos_demo.o(i.data_relay)
    data_relay_route                         0x0800725d   Thumb Code   114  routing.o(i.data_relay_route)
    data_report_route                        0x08007325   Thumb Code   168  routing.o(i.data_report_route)
    debug_task                               0x08007415   Thumb Code   400  freertos_demo.o(i.debug_task)
    delay_init                               0x0800780d   Thumb Code    58  delay.o(i.delay_init)
    delay_ms                                 0x08007851   Thumb Code    60  delay.o(i.delay_ms)
    delay_us                                 0x08007891   Thumb Code    68  delay.o(i.delay_us)
    delay_xms                                0x080078d9   Thumb Code    24  delay.o(i.delay_xms)
    delete_dead_neighbor_route               0x080078f1   Thumb Code    80  routing.o(i.delete_dead_neighbor_route)
    delete_neighbor_route                    0x0800795d   Thumb Code   146  routing.o(i.delete_neighbor_route)
    eTaskConfirmSleepModeStatus              0x080079f5   Thumb Code    52  tasks.o(i.eTaskConfirmSleepModeStatus)
    eTaskGetState                            0x08007a3d   Thumb Code   132  tasks.o(i.eTaskGetState)
    fabs                                     0x08007af9   Thumb Code    24  fabs.o(i.fabs)
    feed_dog                                 0x08007b11   Thumb Code    16  freertos_demo.o(i.feed_dog)
    fputc                                    0x08007b21   Thumb Code    22  usart.o(i.fputc)
    freeTree                                 0x08007b3d   Thumb Code    26  tree_node.o(i.freeTree)
    freertos_demo                            0x08007b59   Thumb Code    28  freertos_demo.o(i.freertos_demo)
    is_channel_idle                          0x08007b89   Thumb Code   222  mac.o(i.is_channel_idle)
    join_wan                                 0x08007c95   Thumb Code    70  freertos_demo.o(i.join_wan)
    join_wan_route                           0x08007ce5   Thumb Code    78  routing.o(i.join_wan_route)
    lora_Send_DATA_MACFrame                  0x08007d51   Thumb Code    56  mac.o(i.lora_Send_DATA_MACFrame)
    lora_Send_MACFrame                       0x08007db1   Thumb Code    90  mac.o(i.lora_Send_MACFrame)
    lora_init                                0x08007e35   Thumb Code    76  lora.o(i.lora_init)
    mac_frame_clear                          0x08007e89   Thumb Code    14  mac.o(i.mac_frame_clear)
    mac_packet_process                       0x08007e97   Thumb Code    10  freertos_demo.o(i.mac_packet_process)
    mac_send_broadcast                       0x08007ea1   Thumb Code    80  mac.o(i.mac_send_broadcast)
    main                                     0x08007f3d   Thumb Code    90  main.o(i.main)
    mb_recv_readHoldingReg_all               0x08007f9d   Thumb Code   226  mdbs_func.o(i.mb_recv_readHoldingReg_all)
    mb_sent_writeHoldingReg_all              0x08008089   Thumb Code   100  mdbs_func.o(i.mb_sent_writeHoldingReg_all)
    mc_check_crc16                           0x080080fd   Thumb Code    62  crc16.o(i.mc_check_crc16)
    myUSART_Sendarr                          0x08008145   Thumb Code    30  mb_usart.o(i.myUSART_Sendarr)
    myUSART_Sendbyte                         0x08008163   Thumb Code    20  mb_usart.o(i.myUSART_Sendbyte)
    node_check                               0x08008179   Thumb Code    92  freertos_demo.o(i.node_check)
    node_check_route                         0x08008209   Thumb Code    18  routing.o(i.node_check_route)
    packet_process_mac                       0x08008221   Thumb Code   130  mac.o(i.packet_process_mac)
    packet_process_route                     0x080082c1   Thumb Code  3002  routing.o(i.packet_process_route)
    packet_receive_mac                       0x08008ea9   Thumb Code   120  mac.o(i.packet_receive_mac)
    packet_receive_route                     0x08008f41   Thumb Code    20  routing.o(i.packet_receive_route)
    pvPortMalloc                             0x08009c79   Thumb Code   258  heap_4.o(i.pvPortMalloc)
    pvTaskIncrementMutexHeldCount            0x08009dc9   Thumb Code    26  tasks.o(i.pvTaskIncrementMutexHeldCount)
    pxPortInitialiseStack                    0x08009de9   Thumb Code    38  port.o(i.pxPortInitialiseStack)
    read_flash                               0x08009e15   Thumb Code    26  flash.o(i.read_flash)
    read_from_flash                          0x08009e35   Thumb Code    60  flash.o(i.read_from_flash)
    reset_4g                                 0x08009e75   Thumb Code    32  ec20.o(i.reset_4g)
    route_packet_process                     0x08009e9d   Thumb Code    10  freertos_demo.o(i.route_packet_process)
    route_update_process                     0x08009ea9   Thumb Code   668  routing.o(i.route_update_process)
    routing_frame_clear                      0x0800a201   Thumb Code    14  routing.o(i.routing_frame_clear)
    routing_update                           0x0800a211   Thumb Code    48  freertos_demo.o(i.routing_update)
    search_max_rssi_neighbor_route           0x0800a249   Thumb Code    58  routing.o(i.search_max_rssi_neighbor_route)
    search_neighbor_route                    0x0800a289   Thumb Code    52  routing.o(i.search_neighbor_route)
    send_timer                               0x0800a2c1   Thumb Code    54  freertos_demo.o(i.send_timer)
    sensor_power_off                         0x0800a319   Thumb Code    22  led.o(i.sensor_power_off)
    sensor_power_on                          0x0800a33d   Thumb Code    18  led.o(i.sensor_power_on)
    sht45init                                0x0800a35d   Thumb Code     8  sht45.o(i.sht45init)
    sqrt                                     0x0800a365   Thumb Code   110  sqrt.o(i.sqrt)
    start_task                               0x0800a3d5   Thumb Code   566  freertos_demo.o(i.start_task)
    uart2_init                               0x0800a7dd   Thumb Code   172  usart.o(i.uart2_init)
    uart4_init                               0x0800a891   Thumb Code   174  usart.o(i.uart4_init)
    uart_init                                0x0800a949   Thumb Code   166  usart.o(i.uart_init)
    update_broadcast_route                   0x0800a9f9   Thumb Code   142  routing.o(i.update_broadcast_route)
    uxListRemove                             0x0800aac9   Thumb Code    40  list.o(i.uxListRemove)
    uxTaskGetNumberOfTasks                   0x0800aaf1   Thumb Code     6  tasks.o(i.uxTaskGetNumberOfTasks)
    uxTaskGetStackHighWaterMark              0x0800aafd   Thumb Code    34  tasks.o(i.uxTaskGetStackHighWaterMark)
    uxTaskGetSystemState                     0x0800ab25   Thumb Code   154  tasks.o(i.uxTaskGetSystemState)
    uxTaskResetEventItemValue                0x0800abdd   Thumb Code    24  tasks.o(i.uxTaskResetEventItemValue)
    vEventGroupSetBitsCallback               0x0800abf9   Thumb Code    16  event_groups.o(i.vEventGroupSetBitsCallback)
    vListInitialise                          0x0800ac09   Thumb Code    26  list.o(i.vListInitialise)
    vListInitialiseItem                      0x0800ac23   Thumb Code     6  list.o(i.vListInitialiseItem)
    vListInsert                              0x0800ac29   Thumb Code    52  list.o(i.vListInsert)
    vListInsertEnd                           0x0800ac5d   Thumb Code    24  list.o(i.vListInsertEnd)
    vPortEnterCritical                       0x0800ac75   Thumb Code    68  port.o(i.vPortEnterCritical)
    vPortExitCritical                        0x0800acfd   Thumb Code    48  port.o(i.vPortExitCritical)
    vPortFree                                0x0800ad6d   Thumb Code   112  heap_4.o(i.vPortFree)
    vPortSetupTimerInterrupt                 0x0800ae1d   Thumb Code    86  port.o(i.vPortSetupTimerInterrupt)
    vPortSuppressTicksAndSleep               0x0800ae85   Thumb Code   314  port.o(i.vPortSuppressTicksAndSleep)
    vPortValidateInterruptPriority           0x0800afd1   Thumb Code    86  port.o(i.vPortValidateInterruptPriority)
    vQueueAddToRegistry                      0x0800b071   Thumb Code    84  queue.o(i.vQueueAddToRegistry)
    vQueueWaitForMessageRestricted           0x0800b0ed   Thumb Code    74  queue.o(i.vQueueWaitForMessageRestricted)
    vTaskDelay                               0x0800b139   Thumb Code    72  tasks.o(i.vTaskDelay)
    vTaskDelete                              0x0800b1ad   Thumb Code   200  tasks.o(i.vTaskDelete)
    vTaskGetInfo                             0x0800b2c1   Thumb Code   126  tasks.o(i.vTaskGetInfo)
    vTaskGetRunTimeStats                     0x0800b345   Thumb Code   168  tasks.o(i.vTaskGetRunTimeStats)
    vTaskInternalSetTimeOutState             0x0800b409   Thumb Code    14  tasks.o(i.vTaskInternalSetTimeOutState)
    vTaskMissedYield                         0x0800b421   Thumb Code     8  tasks.o(i.vTaskMissedYield)
    vTaskPlaceOnEventList                    0x0800b42d   Thumb Code    42  tasks.o(i.vTaskPlaceOnEventList)
    vTaskPlaceOnEventListRestricted          0x0800b481   Thumb Code    84  tasks.o(i.vTaskPlaceOnEventListRestricted)
    vTaskPlaceOnUnorderedEventList           0x0800b4fd   Thumb Code   114  tasks.o(i.vTaskPlaceOnUnorderedEventList)
    vTaskPriorityDisinheritAfterTimeout      0x0800b59d   Thumb Code   248  tasks.o(i.vTaskPriorityDisinheritAfterTimeout)
    vTaskRemoveFromUnorderedEventList        0x0800b6c5   Thumb Code   234  tasks.o(i.vTaskRemoveFromUnorderedEventList)
    vTaskStartScheduler                      0x0800b7e9   Thumb Code   116  tasks.o(i.vTaskStartScheduler)
    vTaskStepTick                            0x0800b8a1   Thumb Code   124  tasks.o(i.vTaskStepTick)
    vTaskSuspendAll                          0x0800b951   Thumb Code    12  tasks.o(i.vTaskSuspendAll)
    vTaskSwitchContext                       0x0800b961   Thumb Code   162  tasks.o(i.vTaskSwitchContext)
    write_flash                              0x0800ba49   Thumb Code    84  flash.o(i.write_flash)
    write_my_addr                            0x0800baa1   Thumb Code    10  freertos_demo.o(i.write_my_addr)
    write_my_addr_route                      0x0800baad   Thumb Code   690  routing.o(i.write_my_addr_route)
    write_to_flash                           0x0800bdd1   Thumb Code    46  flash.o(i.write_to_flash)
    xEventGroupClearBits                     0x0800be05   Thumb Code    72  event_groups.o(i.xEventGroupClearBits)
    xEventGroupCreate                        0x0800be79   Thumb Code    26  event_groups.o(i.xEventGroupCreate)
    xEventGroupSetBits                       0x0800be95   Thumb Code   186  event_groups.o(i.xEventGroupSetBits)
    xEventGroupSetBitsFromISR                0x0800bf7d   Thumb Code    30  event_groups.o(i.xEventGroupSetBitsFromISR)
    xEventGroupWaitBits                      0x0800bfa1   Thumb Code   298  event_groups.o(i.xEventGroupWaitBits)
    xPortGetMinimumEverFreeHeapSize          0x0800c0fd   Thumb Code     6  heap_4.o(i.xPortGetMinimumEverFreeHeapSize)
    xPortStartScheduler                      0x0800c109   Thumb Code   322  port.o(i.xPortStartScheduler)
    xPortSysTickHandler                      0x0800c2a5   Thumb Code    46  port.o(i.xPortSysTickHandler)
    xQueueGenericCreate                      0x0800c2d9   Thumb Code    92  queue.o(i.xQueueGenericCreate)
    xQueueGenericReset                       0x0800c359   Thumb Code   194  queue.o(i.xQueueGenericReset)
    xQueueGenericSend                        0x0800c445   Thumb Code   426  queue.o(i.xQueueGenericSend)
    xQueueGenericSendFromISR                 0x0800c619   Thumb Code   286  queue.o(i.xQueueGenericSendFromISR)
    xQueueReceive                            0x0800c75d   Thumb Code   326  queue.o(i.xQueueReceive)
    xQueueSemaphoreTake                      0x0800c8cd   Thumb Code   368  queue.o(i.xQueueSemaphoreTake)
    xTaskCheckForTimeOut                     0x0800ca65   Thumb Code   140  tasks.o(i.xTaskCheckForTimeOut)
    xTaskCreate                              0x0800cb21   Thumb Code   104  tasks.o(i.xTaskCreate)
    xTaskGetSchedulerState                   0x0800cb89   Thumb Code    24  tasks.o(i.xTaskGetSchedulerState)
    xTaskGetTickCount                        0x0800cba9   Thumb Code     6  tasks.o(i.xTaskGetTickCount)
    xTaskIncrementTick                       0x0800cbb5   Thumb Code   388  tasks.o(i.xTaskIncrementTick)
    xTaskPriorityDisinherit                  0x0800cd89   Thumb Code   206  tasks.o(i.xTaskPriorityDisinherit)
    xTaskPriorityInherit                     0x0800ce89   Thumb Code   224  tasks.o(i.xTaskPriorityInherit)
    xTaskRemoveFromEventList                 0x0800cf75   Thumb Code   258  tasks.o(i.xTaskRemoveFromEventList)
    xTaskResumeAll                           0x0800d0b5   Thumb Code   328  tasks.o(i.xTaskResumeAll)
    xTimerCreate                             0x0800d245   Thumb Code    54  timers.o(i.xTimerCreate)
    xTimerCreateTimerTask                    0x0800d27d   Thumb Code    56  timers.o(i.xTimerCreateTimerTask)
    xTimerGenericCommand                     0x0800d2f1   Thumb Code   118  timers.o(i.xTimerGenericCommand)
    xTimerPendFunctionCallFromISR            0x0800d395   Thumb Code    48  timers.o(i.xTimerPendFunctionCallFromISR)
    _get_lc_numeric                          0x0800d3c9   Thumb Code    44  lc_numeric_c.o(locale$$code)
    _get_lc_ctype                            0x0800d3f5   Thumb Code    44  lc_ctype_c.o(locale$$code)
    __aeabi_dneg                             0x0800d421   Thumb Code     0  basic.o(x$fpl$basic)
    _dneg                                    0x0800d421   Thumb Code     6  basic.o(x$fpl$basic)
    __aeabi_fneg                             0x0800d427   Thumb Code     0  basic.o(x$fpl$basic)
    _fneg                                    0x0800d427   Thumb Code     6  basic.o(x$fpl$basic)
    _dabs                                    0x0800d42d   Thumb Code     6  basic.o(x$fpl$basic)
    _fabs                                    0x0800d433   Thumb Code     6  basic.o(x$fpl$basic)
    __aeabi_dadd                             0x0800d439   Thumb Code     0  daddsub_clz.o(x$fpl$dadd)
    _dadd                                    0x0800d439   Thumb Code   332  daddsub_clz.o(x$fpl$dadd)
    __fpl_dcheck_NaN1                        0x0800d589   Thumb Code    10  dcheck1.o(x$fpl$dcheck1)
    __fpl_dcmp_Inf                           0x0800d599   Thumb Code    24  dcmpi.o(x$fpl$dcmpinf)
    __aeabi_ddiv                             0x0800d5b1   Thumb Code     0  ddiv.o(x$fpl$ddiv)
    _ddiv                                    0x0800d5b1   Thumb Code   552  ddiv.o(x$fpl$ddiv)
    __aeabi_d2iz                             0x0800d861   Thumb Code     0  dfix.o(x$fpl$dfix)
    _dfix                                    0x0800d861   Thumb Code    94  dfix.o(x$fpl$dfix)
    __aeabi_i2d                              0x0800d8bf   Thumb Code     0  dflt_clz.o(x$fpl$dflt)
    _dflt                                    0x0800d8bf   Thumb Code    46  dflt_clz.o(x$fpl$dflt)
    __aeabi_ui2d                             0x0800d8ed   Thumb Code     0  dflt_clz.o(x$fpl$dfltu)
    _dfltu                                   0x0800d8ed   Thumb Code    38  dflt_clz.o(x$fpl$dfltu)
    __aeabi_cdcmple                          0x0800d915   Thumb Code     0  dleqf.o(x$fpl$dleqf)
    _dcmple                                  0x0800d915   Thumb Code   120  dleqf.o(x$fpl$dleqf)
    __fpl_dcmple_InfNaN                      0x0800d977   Thumb Code     0  dleqf.o(x$fpl$dleqf)
    __aeabi_dmul                             0x0800d98d   Thumb Code     0  dmul.o(x$fpl$dmul)
    _dmul                                    0x0800d98d   Thumb Code   332  dmul.o(x$fpl$dmul)
    __fpl_dnaninf                            0x0800dae1   Thumb Code   156  dnaninf.o(x$fpl$dnaninf)
    __fpl_dretinf                            0x0800db7d   Thumb Code    12  dretinf.o(x$fpl$dretinf)
    __aeabi_cdrcmple                         0x0800db89   Thumb Code     0  drleqf.o(x$fpl$drleqf)
    _drcmple                                 0x0800db89   Thumb Code   108  drleqf.o(x$fpl$drleqf)
    __aeabi_drsub                            0x0800dbf5   Thumb Code     0  daddsub_clz.o(x$fpl$drsb)
    _drsb                                    0x0800dbf5   Thumb Code    22  daddsub_clz.o(x$fpl$drsb)
    _dsqrt                                   0x0800dc0d   Thumb Code   404  dsqrt_umaal.o(x$fpl$dsqrt)
    __aeabi_dsub                             0x0800dda5   Thumb Code     0  daddsub_clz.o(x$fpl$dsub)
    _dsub                                    0x0800dda5   Thumb Code   464  daddsub_clz.o(x$fpl$dsub)
    __aeabi_f2d                              0x0800df79   Thumb Code     0  f2d.o(x$fpl$f2d)
    _f2d                                     0x0800df79   Thumb Code    86  f2d.o(x$fpl$f2d)
    __fpl_fnaninf                            0x0800dfcf   Thumb Code   140  fnaninf.o(x$fpl$fnaninf)
    _fp_init                                 0x0800e05b   Thumb Code    10  fpinit.o(x$fpl$fpinit)
    __fplib_config_fpu_vfp                   0x0800e063   Thumb Code     0  fpinit.o(x$fpl$fpinit)
    __fplib_config_pureend_doubles           0x0800e063   Thumb Code     0  fpinit.o(x$fpl$fpinit)
    _printf_fp_dec                           0x0800e065   Thumb Code     4  printf1.o(x$fpl$printf1)
    _printf_fp_hex                           0x0800e069   Thumb Code     4  printf2.o(x$fpl$printf2)
    __fpl_return_NaN                         0x0800e06d   Thumb Code   100  retnan.o(x$fpl$retnan)
    __ARM_scalbn                             0x0800e0d1   Thumb Code    92  scalbn.o(x$fpl$scalbn)
    __fpl_cmpreturn                          0x0800e12d   Thumb Code    48  trapv.o(x$fpl$trapveneer)
    CRC16HiTable                             0x0800e15c   Data         256  crc16.o(.constdata)
    __I$use$fp                               0x0800e15c   Number         0  usenofp.o(x$fpl$usenofp)
    CRC16LoTable                             0x0800e25c   Data         256  crc16.o(.constdata)
    __mathlib_zero                           0x0800e428   Data           8  qnan.o(.constdata)
    Region$$Table$$Base                      0x0800e574   Number         0  anon$$obj.o(Region$$Table)
    Region$$Table$$Limit                     0x0800e594   Number         0  anon$$obj.o(Region$$Table)
    __ctype                                  0x0800e5bd   Data           0  lc_ctype_c.o(locale$$data)
    SystemCoreClock                          0x20000000   Data           4  system_stm32f4xx.o(.data)
    AHBPrescTable                            0x20000004   Data          16  system_stm32f4xx.o(.data)
    FreeRTOSRunTimeTicks                     0x20000014   Data           4  timer.o(.data)
    ADDR_MINE                                0x20000018   Data           8  mac.o(.data)
    ADDR_CURRENT                             0x20000020   Data           8  mac.o(.data)
    recv_rssi                                0x20000028   Data           1  mac.o(.data)
    recv_eventgroup_handle                   0x2000002c   Data           4  mac.o(.data)
    recv_eventgroup_bit                      0x20000030   Data           4  mac.o(.data)
    errcount_LORA                            0x20000034   Data           4  lora.o(.data)
    strx                                     0x20000038   Data           4  lora.o(.data)
    route_eventgroup_handle                  0x2000003c   Data           4  routing.o(.data)
    route_eventgroup_bit                     0x20000040   Data           4  routing.o(.data)
    is_sender_route_handle                   0x20000044   Data           4  routing.o(.data)
    del_number                               0x20000048   Data           1  tree_node.o(.data)
    write_data                               0x2000004a   Data           8  flash.o(.data)
    read_data                                0x20000052   Data           8  flash.o(.data)
    errcount                                 0x2000005c   Data           4  ec20.o(.data)
    i                                        0x20000060   Data           4  ec20.o(.data)
    strx_EC800                               0x20000064   Data           4  ec20.o(.data)
    extstrx_EC800                            0x20000068   Data           4  ec20.o(.data)
    Readystrx_EC800                          0x2000006c   Data           4  ec20.o(.data)
    MQTTVAL                                  0x20000070   Data           4  ec20.o(.data)
    Rxcouter_EC800                           0x20000084   Data           2  usart.o(.data)
    lora_Rxcouter                            0x20000086   Data           2  usart.o(.data)
    __stdout                                 0x20000088   Data           4  usart.o(.data)
    USART_RX_STA                             0x2000008c   Data           2  usart.o(.data)
    start_task_handler                       0x20000090   Data           4  freertos_demo.o(.data)
    debug_task_handler                       0x20000094   Data           4  freertos_demo.o(.data)
    send_timer_handler                       0x20000098   Data           4  freertos_demo.o(.data)
    mac_packet_process_handler               0x2000009c   Data           4  freertos_demo.o(.data)
    route_packet_process_handler             0x200000a0   Data           4  freertos_demo.o(.data)
    join_wan_handler                         0x200000a4   Data           4  freertos_demo.o(.data)
    write_my_addr_handler                    0x200000a8   Data           4  freertos_demo.o(.data)
    beacon_send_handler                      0x200000ac   Data           4  freertos_demo.o(.data)
    data_relay_handler                       0x200000b0   Data           4  freertos_demo.o(.data)
    routing_update_handler                   0x200000b4   Data           4  freertos_demo.o(.data)
    node_check_handler                       0x200000b8   Data           4  freertos_demo.o(.data)
    feed_dog_handler                         0x200000bc   Data           4  freertos_demo.o(.data)
    send_timer_handle                        0x200000c0   Data           4  freertos_demo.o(.data)
    wait_comm_timer_handle                   0x200000c4   Data           4  freertos_demo.o(.data)
    reset_recv_timer_handle                  0x200000c8   Data           4  freertos_demo.o(.data)
    beacon_send_timer_handle                 0x200000cc   Data           4  freertos_demo.o(.data)
    reset_timer_handle                       0x200000d0   Data           4  freertos_demo.o(.data)
    pxCurrentTCB                             0x200000e4   Data           4  tasks.o(.data)
    uxTopUsedPriority                        0x2000011c   Data           4  tasks.o(.data)
    lora_serialTXbuf_st                      0x20000174   Data         200  mac.o(.bss)
    recv_frame                               0x2000023c   Data          76  mac.o(.bss)
    send_frame                               0x20000288   Data          76  mac.o(.bss)
    send_frame_route                         0x200002d8   Data          38  routing.o(.bss)
    recv_frame_route                         0x200002fe   Data          38  routing.o(.bss)
    relay_frame_route                        0x20000324   Data          38  routing.o(.bss)
    update_frame_route                       0x2000034a   Data          38  routing.o(.bss)
    send_in_recv_frame_route                 0x20000370   Data          38  routing.o(.bss)
    send_data_4g                             0x20000396   Data        1024  routing.o(.bss)
    routing_table                            0x20000798   Data         104  routing.o(.bss)
    wait_del                                 0x20000800   Data         256  tree_node.o(.bss)
    AtStrBuf_EC800                           0x20000900   Data        1024  ec20.o(.bss)
    bmp280Cal                                0x20000d00   Data          28  bmp280.o(.bss)
    AtRxBuffer_EC800                         0x20000d1c   Data         200  usart.o(.bss)
    lora_serialRXbuf_st                      0x20000de4   Data         200  usart.o(.bss)
    USART_RX_BUF                             0x20000eac   Data         200  usart.o(.bss)
    serialRXbuf_st                           0x20000f74   Data         256  mb_usart.o(.bss)
    serialTXbuf_st                           0x20001074   Data         256  mb_usart.o(.bss)
    g_uart1DmaRXBuf                          0x20001174   Data         255  mb_usart.o(.bss)
    time_statictic                           0x20001273   Data         500  freertos_demo.o(.bss)
    xQueueRegistry                           0x20001468   Data          64  queue.o(.bss)
    __libspace_start                         0x20006fb4   Data          96  libspace.o(.bss)
    __temporary_stack_top$libspace           0x20007014   Data           0  libspace.o(.bss)



==============================================================================

Memory Map of the image

  Image Entry point : 0x08000189

  Load Region LR_IROM1 (Base: 0x08000000, Size: 0x0000e834, Max: 0x00100000, ABSOLUTE, COMPRESSED[0x0000e6e0])

    Execution Region ER_IROM1 (Base: 0x08000000, Size: 0x0000e6c0, Max: 0x00100000, ABSOLUTE)

    Base Addr    Size         Type   Attr      Idx    E Section Name        Object

    0x08000000   0x00000188   Data   RO         1930    RESET               startup_stm32f40_41xxx.o
    0x08000188   0x00000008   Code   RO         5107  * !!!main             c_w.l(__main.o)
    0x08000190   0x00000034   Code   RO         5496    !!!scatter          c_w.l(__scatter.o)
    0x080001c4   0x0000005a   Code   RO         5494    !!dczerorl2         c_w.l(__dczerorl2.o)
    0x0800021e   0x00000002   PAD
    0x08000220   0x0000001c   Code   RO         5498    !!handler_zi        c_w.l(__scatter_zi.o)
    0x0800023c   0x00000000   Code   RO         5087    .ARM.Collect$$_printf_percent$$00000000  c_w.l(_printf_percent.o)
    0x0800023c   0x00000006   Code   RO         5185    .ARM.Collect$$_printf_percent$$00000001  c_w.l(_printf_n.o)
    0x08000242   0x00000006   Code   RO         5186    .ARM.Collect$$_printf_percent$$00000002  c_w.l(_printf_p.o)
    0x08000248   0x00000006   Code   RO         5086    .ARM.Collect$$_printf_percent$$00000003  c_w.l(_printf_f.o)
    0x0800024e   0x00000006   Code   RO         5189    .ARM.Collect$$_printf_percent$$00000004  c_w.l(_printf_e.o)
    0x08000254   0x00000006   Code   RO         5190    .ARM.Collect$$_printf_percent$$00000005  c_w.l(_printf_g.o)
    0x0800025a   0x00000006   Code   RO         5191    .ARM.Collect$$_printf_percent$$00000006  c_w.l(_printf_a.o)
    0x08000260   0x0000000a   Code   RO         5196    .ARM.Collect$$_printf_percent$$00000007  c_w.l(_printf_ll.o)
    0x0800026a   0x00000006   Code   RO         5188    .ARM.Collect$$_printf_percent$$00000008  c_w.l(_printf_i.o)
    0x08000270   0x00000006   Code   RO         5084    .ARM.Collect$$_printf_percent$$00000009  c_w.l(_printf_d.o)
    0x08000276   0x00000006   Code   RO         5085    .ARM.Collect$$_printf_percent$$0000000A  c_w.l(_printf_u.o)
    0x0800027c   0x00000006   Code   RO         5187    .ARM.Collect$$_printf_percent$$0000000B  c_w.l(_printf_o.o)
    0x08000282   0x00000006   Code   RO         5083    .ARM.Collect$$_printf_percent$$0000000C  c_w.l(_printf_x.o)
    0x08000288   0x00000006   Code   RO         5193    .ARM.Collect$$_printf_percent$$0000000D  c_w.l(_printf_lli.o)
    0x0800028e   0x00000006   Code   RO         5194    .ARM.Collect$$_printf_percent$$0000000E  c_w.l(_printf_lld.o)
    0x08000294   0x00000006   Code   RO         5195    .ARM.Collect$$_printf_percent$$0000000F  c_w.l(_printf_llu.o)
    0x0800029a   0x00000006   Code   RO         5200    .ARM.Collect$$_printf_percent$$00000010  c_w.l(_printf_llo.o)
    0x080002a0   0x00000006   Code   RO         5088    .ARM.Collect$$_printf_percent$$00000011  c_w.l(_printf_llx.o)
    0x080002a6   0x0000000a   Code   RO         5197    .ARM.Collect$$_printf_percent$$00000012  c_w.l(_printf_l.o)
    0x080002b0   0x00000006   Code   RO         5081    .ARM.Collect$$_printf_percent$$00000013  c_w.l(_printf_c.o)
    0x080002b6   0x00000006   Code   RO         5082    .ARM.Collect$$_printf_percent$$00000014  c_w.l(_printf_s.o)
    0x080002bc   0x00000006   Code   RO         5198    .ARM.Collect$$_printf_percent$$00000015  c_w.l(_printf_lc.o)
    0x080002c2   0x00000006   Code   RO         5199    .ARM.Collect$$_printf_percent$$00000016  c_w.l(_printf_ls.o)
    0x080002c8   0x00000004   Code   RO         5192    .ARM.Collect$$_printf_percent$$00000017  c_w.l(_printf_percent_end.o)
    0x080002cc   0x00000002   Code   RO         5359    .ARM.Collect$$libinit$$00000000  c_w.l(libinit.o)
    0x080002ce   0x00000004   Code   RO         5360    .ARM.Collect$$libinit$$00000001  c_w.l(libinit2.o)
    0x080002d2   0x00000000   Code   RO         5363    .ARM.Collect$$libinit$$00000004  c_w.l(libinit2.o)
    0x080002d2   0x00000000   Code   RO         5366    .ARM.Collect$$libinit$$0000000A  c_w.l(libinit2.o)
    0x080002d2   0x00000000   Code   RO         5368    .ARM.Collect$$libinit$$0000000C  c_w.l(libinit2.o)
    0x080002d2   0x00000000   Code   RO         5370    .ARM.Collect$$libinit$$0000000E  c_w.l(libinit2.o)
    0x080002d2   0x00000006   Code   RO         5371    .ARM.Collect$$libinit$$0000000F  c_w.l(libinit2.o)
    0x080002d8   0x00000000   Code   RO         5373    .ARM.Collect$$libinit$$00000011  c_w.l(libinit2.o)
    0x080002d8   0x0000000c   Code   RO         5374    .ARM.Collect$$libinit$$00000012  c_w.l(libinit2.o)
    0x080002e4   0x00000000   Code   RO         5375    .ARM.Collect$$libinit$$00000013  c_w.l(libinit2.o)
    0x080002e4   0x00000000   Code   RO         5377    .ARM.Collect$$libinit$$00000015  c_w.l(libinit2.o)
    0x080002e4   0x0000000a   Code   RO         5378    .ARM.Collect$$libinit$$00000016  c_w.l(libinit2.o)
    0x080002ee   0x00000000   Code   RO         5379    .ARM.Collect$$libinit$$00000017  c_w.l(libinit2.o)
    0x080002ee   0x00000000   Code   RO         5381    .ARM.Collect$$libinit$$00000019  c_w.l(libinit2.o)
    0x080002ee   0x00000000   Code   RO         5383    .ARM.Collect$$libinit$$0000001B  c_w.l(libinit2.o)
    0x080002ee   0x00000000   Code   RO         5385    .ARM.Collect$$libinit$$0000001D  c_w.l(libinit2.o)
    0x080002ee   0x00000000   Code   RO         5387    .ARM.Collect$$libinit$$0000001F  c_w.l(libinit2.o)
    0x080002ee   0x00000000   Code   RO         5389    .ARM.Collect$$libinit$$00000021  c_w.l(libinit2.o)
    0x080002ee   0x00000000   Code   RO         5391    .ARM.Collect$$libinit$$00000023  c_w.l(libinit2.o)
    0x080002ee   0x00000000   Code   RO         5393    .ARM.Collect$$libinit$$00000025  c_w.l(libinit2.o)
    0x080002ee   0x00000000   Code   RO         5397    .ARM.Collect$$libinit$$0000002C  c_w.l(libinit2.o)
    0x080002ee   0x00000000   Code   RO         5399    .ARM.Collect$$libinit$$0000002E  c_w.l(libinit2.o)
    0x080002ee   0x00000000   Code   RO         5401    .ARM.Collect$$libinit$$00000030  c_w.l(libinit2.o)
    0x080002ee   0x00000000   Code   RO         5403    .ARM.Collect$$libinit$$00000032  c_w.l(libinit2.o)
    0x080002ee   0x00000002   Code   RO         5404    .ARM.Collect$$libinit$$00000033  c_w.l(libinit2.o)
    0x080002f0   0x00000002   Code   RO         5455    .ARM.Collect$$libshutdown$$00000000  c_w.l(libshutdown.o)
    0x080002f2   0x00000000   Code   RO         5465    .ARM.Collect$$libshutdown$$00000003  c_w.l(libshutdown2.o)
    0x080002f2   0x00000000   Code   RO         5468    .ARM.Collect$$libshutdown$$00000006  c_w.l(libshutdown2.o)
    0x080002f2   0x00000000   Code   RO         5471    .ARM.Collect$$libshutdown$$00000009  c_w.l(libshutdown2.o)
    0x080002f2   0x00000000   Code   RO         5473    .ARM.Collect$$libshutdown$$0000000B  c_w.l(libshutdown2.o)
    0x080002f2   0x00000000   Code   RO         5476    .ARM.Collect$$libshutdown$$0000000E  c_w.l(libshutdown2.o)
    0x080002f2   0x00000002   Code   RO         5477    .ARM.Collect$$libshutdown$$0000000F  c_w.l(libshutdown2.o)
    0x080002f4   0x00000000   Code   RO         5153    .ARM.Collect$$rtentry$$00000000  c_w.l(__rtentry.o)
    0x080002f4   0x00000000   Code   RO         5260    .ARM.Collect$$rtentry$$00000002  c_w.l(__rtentry2.o)
    0x080002f4   0x00000006   Code   RO         5272    .ARM.Collect$$rtentry$$00000004  c_w.l(__rtentry4.o)
    0x080002fa   0x00000000   Code   RO         5262    .ARM.Collect$$rtentry$$00000009  c_w.l(__rtentry2.o)
    0x080002fa   0x00000004   Code   RO         5263    .ARM.Collect$$rtentry$$0000000A  c_w.l(__rtentry2.o)
    0x080002fe   0x00000000   Code   RO         5265    .ARM.Collect$$rtentry$$0000000C  c_w.l(__rtentry2.o)
    0x080002fe   0x00000008   Code   RO         5266    .ARM.Collect$$rtentry$$0000000D  c_w.l(__rtentry2.o)
    0x08000306   0x00000002   Code   RO         5409    .ARM.Collect$$rtexit$$00000000  c_w.l(rtexit.o)
    0x08000308   0x00000000   Code   RO         5425    .ARM.Collect$$rtexit$$00000002  c_w.l(rtexit2.o)
    0x08000308   0x00000004   Code   RO         5426    .ARM.Collect$$rtexit$$00000003  c_w.l(rtexit2.o)
    0x0800030c   0x00000006   Code   RO         5427    .ARM.Collect$$rtexit$$00000004  c_w.l(rtexit2.o)
    0x08000312   0x00000002   PAD
    0x08000314   0x000000be   Code   RO         4927    .emb_text           port.o
    0x080003d2   0x00000002   PAD
    0x080003d4   0x00000040   Code   RO         1931    .text               startup_stm32f40_41xxx.o
    0x08000414   0x00000002   Code   RO         5018    .text               c_w.l(use_no_semi_2.o)
    0x08000416   0x00000048   Code   RO         5020    .text               c_w.l(llsdiv.o)
    0x0800045e   0x00000002   PAD
    0x08000460   0x00000018   Code   RO         5022    .text               c_w.l(printf.o)
    0x08000478   0x00000018   Code   RO         5024    .text               c_w.l(__2printf.o)
    0x08000490   0x0000002c   Code   RO         5026    .text               c_w.l(__2sprintf.o)
    0x080004bc   0x0000004e   Code   RO         5034    .text               c_w.l(_printf_pad.o)
    0x0800050a   0x00000052   Code   RO         5036    .text               c_w.l(_printf_str.o)
    0x0800055c   0x00000078   Code   RO         5038    .text               c_w.l(_printf_dec.o)
    0x080005d4   0x00000094   Code   RO         5058    .text               c_w.l(_printf_hex_int_ll_ptr.o)
    0x08000668   0x00000188   Code   RO         5078    .text               c_w.l(__printf_flags_ss_wp.o)
    0x080007f0   0x00000024   Code   RO         5089    .text               c_w.l(strstr.o)
    0x08000814   0x00000048   Code   RO         5091    .text               c_w.l(strcpy.o)
    0x0800085c   0x0000003e   Code   RO         5093    .text               c_w.l(strlen.o)
    0x0800089a   0x0000008a   Code   RO         5095    .text               c_w.l(rt_memcpy_v6.o)
    0x08000924   0x00000064   Code   RO         5097    .text               c_w.l(rt_memcpy_w.o)
    0x08000988   0x00000010   Code   RO         5099    .text               c_w.l(aeabi_memset.o)
    0x08000998   0x00000044   Code   RO         5101    .text               c_w.l(rt_memclr.o)
    0x080009dc   0x0000004e   Code   RO         5103    .text               c_w.l(rt_memclr_w.o)
    0x08000a2a   0x00000006   Code   RO         5105    .text               c_w.l(heapauxi.o)
    0x08000a30   0x00000002   Code   RO         5151    .text               c_w.l(use_no_semi.o)
    0x08000a32   0x000000ee   Code   RO         5154    .text               c_w.l(lludivv7m.o)
    0x08000b20   0x00000016   Code   RO         5156    .text               c_w.l(_rserrno.o)
    0x08000b36   0x00000024   Code   RO         5158    .text               c_w.l(_printf_truncate.o)
    0x08000b5a   0x000000b2   Code   RO         5160    .text               c_w.l(_printf_intcommon.o)
    0x08000c0c   0x00000028   Code   RO         5162    .text               c_w.l(_printf_charcount.o)
    0x08000c34   0x0000041a   Code   RO         5164    .text               c_w.l(_printf_fp_dec.o)
    0x0800104e   0x00000002   PAD
    0x08001050   0x00000030   Code   RO         5166    .text               c_w.l(_printf_char_common.o)
    0x08001080   0x0000000a   Code   RO         5168    .text               c_w.l(_sputc.o)
    0x0800108a   0x0000002c   Code   RO         5170    .text               c_w.l(_printf_char.o)
    0x080010b6   0x00000002   PAD
    0x080010b8   0x00000024   Code   RO         5172    .text               c_w.l(_printf_char_file.o)
    0x080010dc   0x000000bc   Code   RO         5174    .text               c_w.l(_printf_wctomb.o)
    0x08001198   0x0000007c   Code   RO         5177    .text               c_w.l(_printf_longlong_dec.o)
    0x08001214   0x00000070   Code   RO         5183    .text               c_w.l(_printf_oct_int_ll.o)
    0x08001284   0x00000008   Code   RO         5281    .text               c_w.l(rt_locale_intlibspace.o)
    0x0800128c   0x00000008   Code   RO         5286    .text               c_w.l(rt_errno_addr_intlibspace.o)
    0x08001294   0x0000008a   Code   RO         5288    .text               c_w.l(lludiv10.o)
    0x0800131e   0x00000002   PAD
    0x08001320   0x000002fc   Code   RO         5290    .text               c_w.l(_printf_fp_hex.o)
    0x0800161c   0x00000080   Code   RO         5293    .text               c_w.l(_printf_fp_infnan.o)
    0x0800169c   0x0000002c   Code   RO         5297    .text               c_w.l(_printf_wchar.o)
    0x080016c8   0x000000dc   Code   RO         5299    .text               c_w.l(bigflt0.o)
    0x080017a4   0x00000008   Code   RO         5324    .text               c_w.l(ferror.o)
    0x080017ac   0x00000040   Code   RO         5328    .text               c_w.l(_wcrtomb.o)
    0x080017ec   0x00000008   Code   RO         5341    .text               c_w.l(libspace.o)
    0x080017f4   0x0000004a   Code   RO         5344    .text               c_w.l(sys_stackheap_outer.o)
    0x0800183e   0x00000002   PAD
    0x08001840   0x00000010   Code   RO         5346    .text               c_w.l(rt_ctype_table.o)
    0x08001850   0x0000000c   Code   RO         5350    .text               c_w.l(exit.o)
    0x0800185c   0x00000080   Code   RO         5352    .text               c_w.l(strcmpv7m.o)
    0x080018dc   0x0000003e   Code   RO         5302    CL$$btod_d2e        c_w.l(btod.o)
    0x0800191a   0x00000046   Code   RO         5304    CL$$btod_d2e_denorm_low  c_w.l(btod.o)
    0x08001960   0x00000060   Code   RO         5303    CL$$btod_d2e_norm_op1  c_w.l(btod.o)
    0x080019c0   0x00000338   Code   RO         5312    CL$$btod_div_common  c_w.l(btod.o)
    0x08001cf8   0x000000c6   Code   RO         5309    CL$$btod_e2e        c_w.l(btod.o)
    0x08001dbe   0x00000028   Code   RO         5306    CL$$btod_ediv       c_w.l(btod.o)
    0x08001de6   0x00000028   Code   RO         5305    CL$$btod_emul       c_w.l(btod.o)
    0x08001e0e   0x00000244   Code   RO         5311    CL$$btod_mult_common  c_w.l(btod.o)
    0x08002052   0x00000002   PAD
    0x08002054   0x000000a4   Code   RO          632    i.ACK_PACKET_PROCESS  mac.o
    0x080020f8   0x0000001c   Code   RO         1120    i.AddChild          tree_node.o
    0x08002114   0x00000040   Code   RO         1488    i.BMP280            bmp280.o
    0x08002154   0x00000030   Code   RO         1791    i.Beacon_Send_Timer_Callback  freertos_demo.o
    0x08002184   0x00000004   Code   RO          221    i.BusFault_Handler  stm32f4xx_it.o
    0x08002188   0x00000170   Code   RO          633    i.CTS_PACKET_PROCESS  mac.o
    0x080022f8   0x0000002a   Code   RO         1121    i.ChangeChild       tree_node.o
    0x08002322   0x00000086   Code   RO          498    i.CleanPrecipitation  mdbs_func.o
    0x080023a8   0x00000030   Code   RO         1263    i.Clear_Buffer_EC800  ec20.o
    0x080023d8   0x00000030   Code   RO          784    i.Clear_Buffer_LORA  lora.o
    0x08002408   0x00000018   Code   RO          428    i.ConfigureTimeForRunTimeStats  timer.o
    0x08002420   0x000000a8   Code   RO          500    i.CurrentPrecipitation  mdbs_func.o
    0x080024c8   0x000000a4   Code   RO          501    i.CurrentRadiation  mdbs_func.o
    0x0800256c   0x000000ac   Code   RO          502    i.CurrentSoilstate  mdbs_func.o
    0x08002618   0x000000a8   Code   RO          503    i.CurrentWindsDirection  mdbs_func.o
    0x080026c0   0x000000a4   Code   RO          504    i.CurrentWindsSpeed  mdbs_func.o
    0x08002764   0x000001a4   Code   RO          634    i.DATA_PACKET_PROCESS  mac.o
    0x08002908   0x00000016   Code   RO         2659    i.DMA_Cmd           stm32f4xx_dma.o
    0x0800291e   0x00000002   PAD
    0x08002920   0x00000158   Code   RO         2660    i.DMA_DeInit        stm32f4xx_dma.o
    0x08002a78   0x00000014   Code   RO         2664    i.DMA_GetCmdStatus  stm32f4xx_dma.o
    0x08002a8c   0x00000058   Code   RO         2671    i.DMA_Init          stm32f4xx_dma.o
    0x08002ae4   0x00000004   Code   RO         2674    i.DMA_SetCurrDataCounter  stm32f4xx_dma.o
    0x08002ae8   0x00000002   Code   RO          222    i.DebugMon_Handler  stm32f4xx_it.o
    0x08002aea   0x00000056   Code   RO         1122    i.DelSubtree        tree_node.o
    0x08002b40   0x00000080   Code   RO         1123    i.DeleteDeadNode    tree_node.o
    0x08002bc0   0x00000052   Code   RO         1124    i.Disconnect        tree_node.o
    0x08002c12   0x00000002   PAD
    0x08002c14   0x0000002c   Code   RO         1264    i.EC20Send_RecAccessMode  ec20.o
    0x08002c40   0x00000214   Code   RO         1265    i.EC20_CONNECT_MQTT_SERVER  ec20.o
    0x08002e54   0x0000001c   Code   RO         1266    i.EC20_CONNECT_SERVER_CFG_INFOR  ec20.o
    0x08002e70   0x00000110   Code   RO         1268    i.EC20_MQTT_SEND_DATA  ec20.o
    0x08002f80   0x0000048c   Code   RO         1269    i.EC800_Init        ec20.o
    0x0800340c   0x00000038   Code   RO         1270    i.EN_pin_init       ec20.o
    0x08003444   0x0000002c   Code   RO          590    i.EXTI0_IRQHandler  exti.o
    0x08003470   0x0000000c   Code   RO         3348    i.EXTI_ClearITPendingBit  stm32f4xx_exti.o
    0x0800347c   0x0000000c   Code   RO         3471    i.FLASH_ClearFlag   stm32f4xx_flash.o
    0x08003488   0x00000088   Code   RO         3477    i.FLASH_EraseSector  stm32f4xx_flash.o
    0x08003510   0x00000054   Code   RO         3479    i.FLASH_GetStatus   stm32f4xx_flash.o
    0x08003564   0x00000014   Code   RO         3483    i.FLASH_Lock        stm32f4xx_flash.o
    0x08003578   0x00000050   Code   RO         3506    i.FLASH_ProgramHalfWord  stm32f4xx_flash.o
    0x080035c8   0x00000024   Code   RO         3509    i.FLASH_Unlock      stm32f4xx_flash.o
    0x080035ec   0x00000022   Code   RO         3510    i.FLASH_WaitForLastOperation  stm32f4xx_flash.o
    0x0800360e   0x0000003c   Code   RO         1125    i.FindFather        tree_node.o
    0x0800364a   0x00000048   Code   RO         1126    i.FindTarget        tree_node.o
    0x08003692   0x00000090   Code   RO         1982    i.GPIO_Init         stm32f4xx_gpio.o
    0x08003722   0x00000046   Code   RO         1983    i.GPIO_PinAFConfig  stm32f4xx_gpio.o
    0x08003768   0x00000004   Code   RO         1990    i.GPIO_SetBits      stm32f4xx_gpio.o
    0x0800376c   0x00000004   Code   RO          223    i.HardFault_Handler  stm32f4xx_it.o
    0x08003770   0x00000054   Code   RO         1352    i.IIC_Ack           myiic.o
    0x080037c4   0x0000005c   Code   RO         1353    i.IIC_Init          myiic.o
    0x08003820   0x00000054   Code   RO         1354    i.IIC_NAck          myiic.o
    0x08003874   0x00000028   Code   RO         1355    i.IIC_ReadSHT45_Len  myiic.o
    0x0800389c   0x0000006c   Code   RO         1356    i.IIC_Read_Byte     myiic.o
    0x08003908   0x0000006a   Code   RO         1357    i.IIC_Read_Len      myiic.o
    0x08003972   0x00000048   Code   RO         1358    i.IIC_Read_One_Byte  myiic.o
    0x080039ba   0x00000002   PAD
    0x080039bc   0x00000068   Code   RO         1359    i.IIC_Send_Byte     myiic.o
    0x08003a24   0x0000004c   Code   RO         1360    i.IIC_Start         myiic.o
    0x08003a70   0x0000004c   Code   RO         1361    i.IIC_Stop          myiic.o
    0x08003abc   0x00000060   Code   RO         1362    i.IIC_Wait_Ack      myiic.o
    0x08003b1c   0x0000004c   Code   RO         1363    i.IIC_Write_One_Byte  myiic.o
    0x08003b68   0x00000010   Code   RO         3725    i.IWDG_Enable       stm32f4xx_iwdg.o
    0x08003b78   0x00000008   Code   RO         1553    i.IWDG_Feed         iwdg.o
    0x08003b80   0x00000024   Code   RO         1554    i.IWDG_Init         iwdg.o
    0x08003ba4   0x00000010   Code   RO         3727    i.IWDG_ReloadCounter  stm32f4xx_iwdg.o
    0x08003bb4   0x0000000c   Code   RO         3728    i.IWDG_SetPrescaler  stm32f4xx_iwdg.o
    0x08003bc0   0x0000000c   Code   RO         3729    i.IWDG_SetReload    stm32f4xx_iwdg.o
    0x08003bcc   0x0000000c   Code   RO         3730    i.IWDG_WriteAccessCmd  stm32f4xx_iwdg.o
    0x08003bd8   0x00000044   Code   RO          401    i.KEY_Init          key.o
    0x08003c1c   0x00000044   Code   RO          337    i.LED_Init          led.o
    0x08003c60   0x0000003c   Code   RO          505    i.Mdbus_CTRL_Init   mdbs_func.o
    0x08003c9c   0x00000004   Code   RO          224    i.MemManage_Handler  stm32f4xx_it.o
    0x08003ca0   0x000000a0   Code   RO          949    i.MqttConnect       routing.o
    0x08003d40   0x000000b8   Code   RO          950    i.MqttReport        routing.o
    0x08003df8   0x00000002   Code   RO          225    i.NMI_Handler       stm32f4xx_it.o
    0x08003dfa   0x00000002   PAD
    0x08003dfc   0x00000078   Code   RO         1937    i.NVIC_Init         misc.o
    0x08003e74   0x00000014   Code   RO         1938    i.NVIC_PriorityGroupConfig  misc.o
    0x08003e88   0x00000028   Code   RO         1271    i.NVIC_SystemReset  ec20.o
    0x08003eb0   0x00000002   Code   RO         1792    i.POST_SLEEP_PROCESSING  freertos_demo.o
    0x08003eb2   0x00000002   Code   RO         1793    i.PRE_SLEEP_PROCESSING  freertos_demo.o
    0x08003eb4   0x000000b0   Code   RO          338    i.PWR_sensor_CTRL   led.o
    0x08003f64   0x00000020   Code   RO         2079    i.RCC_AHB1PeriphClockCmd  stm32f4xx_rcc.o
    0x08003f84   0x00000020   Code   RO         2082    i.RCC_AHB2PeriphClockCmd  stm32f4xx_rcc.o
    0x08003fa4   0x00000020   Code   RO         2088    i.RCC_APB1PeriphClockCmd  stm32f4xx_rcc.o
    0x08003fc4   0x00000020   Code   RO         2091    i.RCC_APB2PeriphClockCmd  stm32f4xx_rcc.o
    0x08003fe4   0x000000e8   Code   RO         2100    i.RCC_GetClocksFreq  stm32f4xx_rcc.o
    0x080040cc   0x00000024   Code   RO         3411    i.RNG_Cmd           stm32f4xx_rng.o
    0x080040f0   0x00000018   Code   RO         3413    i.RNG_GetFlagStatus  stm32f4xx_rng.o
    0x08004108   0x0000000c   Code   RO         3415    i.RNG_GetRandomNumber  stm32f4xx_rng.o
    0x08004114   0x0000001a   Code   RO          635    i.RNG_Get_RandnomRange  mac.o
    0x0800412e   0x00000014   Code   RO          636    i.RNG_Get_RandomNum  mac.o
    0x08004142   0x0000003c   Code   RO          637    i.RNG_Init          mac.o
    0x0800417e   0x00000002   PAD
    0x08004180   0x000001f0   Code   RO          638    i.RTS_PACKET_PROCESS  mac.o
    0x08004370   0x00000020   Code   RO         1127    i.ReSetNode         tree_node.o
    0x08004390   0x00000040   Code   RO         1794    i.Reset_Recv_Timer_Callback  freertos_demo.o
    0x080043d0   0x0000004c   Code   RO         1795    i.Reset_Timer_Callback  freertos_demo.o
    0x0800441c   0x00000038   Code   RO          951    i.RoutingTableInitial  routing.o
    0x08004454   0x000000d0   Code   RO         1439    i.SHT45_ReadRawData  sht45.o
    0x08004524   0x000000a0   Code   RO         1210    i.STMFLASH_GetFlashSector  flash.o
    0x080045c4   0x00000068   Code   RO         1128    i.ScanDeadNode      tree_node.o
    0x0800462c   0x0000002c   Code   RO         1796    i.Send_Timer_Callback  freertos_demo.o
    0x08004658   0x000001e0   Code   RO          952    i.SensorDataGet     routing.o
    0x08004838   0x000000ec   Code   RO          300    i.SetSysClock       system_stm32f4xx.o
    0x08004924   0x00000028   Code   RO         1941    i.SysTick_CLKSourceConfig  misc.o
    0x0800494c   0x00000010   Code   RO         1579    i.SysTick_Handler   delay.o
    0x0800495c   0x00000068   Code   RO          302    i.SystemInit        system_stm32f4xx.o
    0x080049c4   0x0000003c   Code   RO          429    i.TIM2_IRQHandler   timer.o
    0x08004a00   0x0000002c   Code   RO          431    i.TIM3_IRQHandler   timer.o
    0x08004a2c   0x0000005c   Code   RO          432    i.TIM3_Init         timer.o
    0x08004a88   0x00000006   Code   RO         2796    i.TIM_ClearITPendingBit  stm32f4xx_tim.o
    0x08004a8e   0x00000018   Code   RO         2801    i.TIM_Cmd           stm32f4xx_tim.o
    0x08004aa6   0x00000012   Code   RO         2821    i.TIM_GetFlagStatus  stm32f4xx_tim.o
    0x08004ab8   0x00000012   Code   RO         2826    i.TIM_ITConfig      stm32f4xx_tim.o
    0x08004aca   0x00000002   PAD
    0x08004acc   0x00000084   Code   RO         2873    i.TIM_TimeBaseInit  stm32f4xx_tim.o
    0x08004b50   0x00000054   Code   RO         1129    i.TraverseTree      tree_node.o
    0x08004ba4   0x00000078   Code   RO         1643    i.UART4_IRQHandler  usart.o
    0x08004c1c   0x00000074   Code   RO         1644    i.USART1_IRQHandler  usart.o
    0x08004c90   0x00000034   Code   RO         1645    i.USART2_IRQHandler  usart.o
    0x08004cc4   0x0000008c   Code   RO         1735    i.USART3_IRQHandler  mb_usart.o
    0x08004d50   0x00000012   Code   RO         2469    i.USART_ClearFlag   stm32f4xx_usart.o
    0x08004d62   0x0000001e   Code   RO         2470    i.USART_ClearITPendingBit  stm32f4xx_usart.o
    0x08004d80   0x00000018   Code   RO         2473    i.USART_Cmd         stm32f4xx_usart.o
    0x08004d98   0x00000012   Code   RO         2474    i.USART_DMACmd      stm32f4xx_usart.o
    0x08004daa   0x00000054   Code   RO         2477    i.USART_GetITStatus  stm32f4xx_usart.o
    0x08004dfe   0x0000004a   Code   RO         2479    i.USART_ITConfig    stm32f4xx_usart.o
    0x08004e48   0x000000d4   Code   RO         2480    i.USART_Init        stm32f4xx_usart.o
    0x08004f1c   0x0000000a   Code   RO         2487    i.USART_ReceiveData  stm32f4xx_usart.o
    0x08004f26   0x00000002   PAD
    0x08004f28   0x00000028   Code   RO         1646    i.Uart2_SendStr     usart.o
    0x08004f50   0x00000028   Code   RO         1647    i.Uart4_SendStr     usart.o
    0x08004f78   0x00000004   Code   RO          226    i.UsageFault_Handler  stm32f4xx_it.o
    0x08004f7c   0x00000158   Code   RO         1736    i.Usart3_init       mb_usart.o
    0x080050d4   0x0000000e   Code   RO         1737    i.WaitForTransmitComplete  mb_usart.o
    0x080050e2   0x00000002   PAD
    0x080050e4   0x00000030   Code   RO         1797    i.Wait_Comm_Timer_Callback  freertos_demo.o
    0x08005114   0x00000030   Code   RO         5242    i.__ARM_fpclassify  m_wm.l(fpclassify.o)
    0x08005144   0x00000004   PAD
    0x08005148   0x00000c38   Code   RO         5137    i.__hardfp_pow      m_wm.l(pow.o)
    0x08005d80   0x000000f8   Code   RO         5244    i.__kernel_poly     m_wm.l(poly.o)
    0x08005e78   0x00000030   Code   RO         5222    i.__mathlib_dbl_divzero  m_wm.l(dunder.o)
    0x08005ea8   0x00000014   Code   RO         5224    i.__mathlib_dbl_infnan2  m_wm.l(dunder.o)
    0x08005ebc   0x00000004   PAD
    0x08005ec0   0x00000020   Code   RO         5225    i.__mathlib_dbl_invalid  m_wm.l(dunder.o)
    0x08005ee0   0x00000020   Code   RO         5226    i.__mathlib_dbl_overflow  m_wm.l(dunder.o)
    0x08005f00   0x00000020   Code   RO         5228    i.__mathlib_dbl_underflow  m_wm.l(dunder.o)
    0x08005f20   0x0000000a   Code   RO         1272    i.__set_FAULTMASK   ec20.o
    0x08005f2a   0x0000000e   Code   RO         5071    i._is_digit         c_w.l(__printf_wp.o)
    0x08005f38   0x00000004   Code   RO         1648    i._sys_exit         usart.o
    0x08005f3c   0x00000032   Code   RO          639    i.ack_send          mac.o
    0x08005f6e   0x00000002   PAD
    0x08005f70   0x000000f0   Code   RO          953    i.add_neighbor_route  routing.o
    0x08006060   0x000000cc   Code   RO          785    i.atk_mw1268d_addr_config  lora.o
    0x0800612c   0x000000d0   Code   RO          786    i.atk_mw1268d_at_test  lora.o
    0x080061fc   0x000000cc   Code   RO          789    i.atk_mw1268d_datakey_config  lora.o
    0x080062c8   0x0000000c   Code   RO          790    i.atk_mw1268d_enter_config  lora.o
    0x080062d4   0x0000000c   Code   RO          791    i.atk_mw1268d_exit_config  lora.o
    0x080062e0   0x0000006c   Code   RO          794    i.atk_mw1268d_hw_init  lora.o
    0x0800634c   0x000000e8   Code   RO          795    i.atk_mw1268d_init  lora.o
    0x08006434   0x000000f0   Code   RO          796    i.atk_mw1268d_lbt_config  lora.o
    0x08006524   0x000000cc   Code   RO          797    i.atk_mw1268d_netid_config  lora.o
    0x080065f0   0x000000ec   Code   RO          798    i.atk_mw1268d_packsize_config  lora.o
    0x080066dc   0x000000f0   Code   RO          799    i.atk_mw1268d_rssi_config  lora.o
    0x080067cc   0x000000dc   Code   RO          800    i.atk_mw1268d_tmode_config  lora.o
    0x080068a8   0x000000e8   Code   RO          801    i.atk_mw1268d_tpower_config  lora.o
    0x08006990   0x00000110   Code   RO          802    i.atk_mw1268d_uart_config  lora.o
    0x08006aa0   0x00000104   Code   RO          803    i.atk_mw1268d_wlrate_channel_config  lora.o
    0x08006ba4   0x000000dc   Code   RO          804    i.atk_mw1268d_wltime_config  lora.o
    0x08006c80   0x000000ec   Code   RO          805    i.atk_mw1268d_workmode_config  lora.o
    0x08006d6c   0x00000058   Code   RO         1798    i.beacon_send       freertos_demo.o
    0x08006dc4   0x00000104   Code   RO          954    i.beacon_send_route  routing.o
    0x08006ec8   0x000001a8   Code   RO         1489    i.bmp280CompensateP  bmp280.o
    0x08007070   0x00000048   Code   RO         1490    i.bmp280CompensateT  bmp280.o
    0x080070b8   0x0000004c   Code   RO         1492    i.bmp280GetPressure  bmp280.o
    0x08007104   0x00000020   Code   RO         1493    i.bmp280GetRawData  bmp280.o
    0x08007124   0x00000070   Code   RO         1494    i.bmp280Init        bmp280.o
    0x08007194   0x0000003c   Code   RO         1441    i.crc_high_first    sht45.o
    0x080071d0   0x00000022   Code   RO         1130    i.createNode        tree_node.o
    0x080071f2   0x00000032   Code   RO          640    i.cts_send          mac.o
    0x08007224   0x00000038   Code   RO         1799    i.data_relay        freertos_demo.o
    0x0800725c   0x000000c8   Code   RO          955    i.data_relay_route  routing.o
    0x08007324   0x000000f0   Code   RO          956    i.data_report_route  routing.o
    0x08007414   0x000003f8   Code   RO         1800    i.debug_task        freertos_demo.o
    0x0800780c   0x00000044   Code   RO         1580    i.delay_init        delay.o
    0x08007850   0x00000040   Code   RO         1581    i.delay_ms          delay.o
    0x08007890   0x00000048   Code   RO         1582    i.delay_us          delay.o
    0x080078d8   0x00000018   Code   RO         1583    i.delay_xms         delay.o
    0x080078f0   0x0000006c   Code   RO          957    i.delete_dead_neighbor_route  routing.o
    0x0800795c   0x00000098   Code   RO          958    i.delete_neighbor_route  routing.o
    0x080079f4   0x00000048   Code   RO         4107    i.eTaskConfirmSleepModeStatus  tasks.o
    0x08007a3c   0x000000bc   Code   RO         4108    i.eTaskGetState     tasks.o
    0x08007af8   0x00000018   Code   RO         5238    i.fabs              m_wm.l(fabs.o)
    0x08007b10   0x00000010   Code   RO         1801    i.feed_dog          freertos_demo.o
    0x08007b20   0x0000001c   Code   RO         1649    i.fputc             usart.o
    0x08007b3c   0x0000001a   Code   RO         1131    i.freeTree          tree_node.o
    0x08007b56   0x00000002   PAD
    0x08007b58   0x00000030   Code   RO         1802    i.freertos_demo     freertos_demo.o
    0x08007b88   0x0000010c   Code   RO          641    i.is_channel_idle   mac.o
    0x08007c94   0x00000050   Code   RO         1803    i.join_wan          freertos_demo.o
    0x08007ce4   0x0000006c   Code   RO          959    i.join_wan_route    routing.o
    0x08007d50   0x00000060   Code   RO          642    i.lora_Send_DATA_MACFrame  mac.o
    0x08007db0   0x00000084   Code   RO          643    i.lora_Send_MACFrame  mac.o
    0x08007e34   0x00000054   Code   RO          806    i.lora_init         lora.o
    0x08007e88   0x0000000e   Code   RO          644    i.mac_frame_clear   mac.o
    0x08007e96   0x0000000a   Code   RO         1804    i.mac_packet_process  freertos_demo.o
    0x08007ea0   0x0000009c   Code   RO          646    i.mac_send_broadcast  mac.o
    0x08007f3c   0x00000060   Code   RO            3    i.main              main.o
    0x08007f9c   0x000000ec   Code   RO          508    i.mb_recv_readHoldingReg_all  mdbs_func.o
    0x08008088   0x00000074   Code   RO          510    i.mb_sent_writeHoldingReg_all  mdbs_func.o
    0x080080fc   0x00000048   Code   RO          475    i.mc_check_crc16    crc16.o
    0x08008144   0x0000001e   Code   RO         1738    i.myUSART_Sendarr   mb_usart.o
    0x08008162   0x00000014   Code   RO         1739    i.myUSART_Sendbyte  mb_usart.o
    0x08008176   0x00000002   PAD
    0x08008178   0x00000090   Code   RO         1805    i.node_check        freertos_demo.o
    0x08008208   0x00000018   Code   RO          961    i.node_check_route  routing.o
    0x08008220   0x000000a0   Code   RO          649    i.packet_process_mac  mac.o
    0x080082c0   0x00000be8   Code   RO          962    i.packet_process_route  routing.o
    0x08008ea8   0x00000098   Code   RO          650    i.packet_receive_mac  mac.o
    0x08008f40   0x0000001c   Code   RO          963    i.packet_receive_route  routing.o
    0x08008f5c   0x000000cc   Code   RO         4110    i.prvAddCurrentTaskToDelayedList  tasks.o
    0x08009028   0x000000ec   Code   RO         4111    i.prvAddNewTaskToReadyList  tasks.o
    0x08009114   0x00000064   Code   RO         4565    i.prvCheckForValidListAndQueue  timers.o
    0x08009178   0x00000048   Code   RO         4112    i.prvCheckTasksWaitingTermination  tasks.o
    0x080091c0   0x0000002a   Code   RO         3836    i.prvCopyDataFromQueue  queue.o
    0x080091ea   0x0000007e   Code   RO         3837    i.prvCopyDataToQueue  queue.o
    0x08009268   0x00000012   Code   RO         4113    i.prvDeleteTCB      tasks.o
    0x0800927a   0x00000014   Code   RO         3838    i.prvGetDisinheritPriorityAfterTimeout  queue.o
    0x0800928e   0x00000002   PAD
    0x08009290   0x0000004c   Code   RO         4114    i.prvGetExpectedIdleTime  tasks.o
    0x080092dc   0x00000028   Code   RO         4566    i.prvGetNextExpireTime  timers.o
    0x08009304   0x00000070   Code   RO         4858    i.prvHeapInit       heap_4.o
    0x08009374   0x00000098   Code   RO         4115    i.prvIdleTask       tasks.o
    0x0800940c   0x0000002e   Code   RO         3840    i.prvInitialiseNewQueue  queue.o
    0x0800943a   0x00000002   PAD
    0x0800943c   0x000000dc   Code   RO         4116    i.prvInitialiseNewTask  tasks.o
    0x08009518   0x00000078   Code   RO         4567    i.prvInitialiseNewTimer  timers.o
    0x08009590   0x00000068   Code   RO         4117    i.prvInitialiseTaskLists  tasks.o
    0x080095f8   0x00000068   Code   RO         4859    i.prvInsertBlockIntoFreeList  heap_4.o
    0x08009660   0x00000058   Code   RO         4568    i.prvInsertTimerInActiveList  timers.o
    0x080096b8   0x0000001a   Code   RO         3841    i.prvIsQueueEmpty   queue.o
    0x080096d2   0x0000001e   Code   RO         3842    i.prvIsQueueFull    queue.o
    0x080096f0   0x0000006a   Code   RO         4118    i.prvListTasksWithinSingleList  tasks.o
    0x0800975a   0x00000002   PAD
    0x0800975c   0x000000c0   Code   RO         3843    i.prvNotifyQueueSetContainer  queue.o
    0x0800981c   0x00000044   Code   RO         4569    i.prvProcessExpiredTimer  timers.o
    0x08009860   0x00000160   Code   RO         4570    i.prvProcessReceivedCommands  timers.o
    0x080099c0   0x00000074   Code   RO         4571    i.prvProcessTimerOrBlockTask  timers.o
    0x08009a34   0x00000028   Code   RO         4572    i.prvReloadTimer    timers.o
    0x08009a5c   0x00000030   Code   RO         4119    i.prvResetNextTaskUnblockTime  tasks.o
    0x08009a8c   0x0000002c   Code   RO         4573    i.prvSampleTimeNow  timers.o
    0x08009ab8   0x00000044   Code   RO         4574    i.prvSwitchTimerLists  timers.o
    0x08009afc   0x00000016   Code   RO         4121    i.prvTaskCheckFreeStackSpace  tasks.o
    0x08009b12   0x00000002   PAD
    0x08009b14   0x00000070   Code   RO         4928    i.prvTaskExitError  port.o
    0x08009b84   0x0000001e   Code   RO         4741    i.prvTestWaitCondition  event_groups.o
    0x08009ba2   0x0000001a   Code   RO         4575    i.prvTimerTask      timers.o
    0x08009bbc   0x00000090   Code   RO         3844    i.prvUnlockQueue    queue.o
    0x08009c4c   0x0000002a   Code   RO         4123    i.prvWriteNameToBuffer  tasks.o
    0x08009c76   0x00000002   PAD
    0x08009c78   0x00000150   Code   RO         4861    i.pvPortMalloc      heap_4.o
    0x08009dc8   0x00000020   Code   RO         4124    i.pvTaskIncrementMutexHeldCount  tasks.o
    0x08009de8   0x0000002c   Code   RO         4929    i.pxPortInitialiseStack  port.o
    0x08009e14   0x00000020   Code   RO         1211    i.read_flash        flash.o
    0x08009e34   0x00000040   Code   RO         1212    i.read_from_flash   flash.o
    0x08009e74   0x00000028   Code   RO         1273    i.reset_4g          ec20.o
    0x08009e9c   0x0000000a   Code   RO         1806    i.route_packet_process  freertos_demo.o
    0x08009ea6   0x00000002   PAD
    0x08009ea8   0x00000358   Code   RO          964    i.route_update_process  routing.o
    0x0800a200   0x0000000e   Code   RO          965    i.routing_frame_clear  routing.o
    0x0800a20e   0x00000002   PAD
    0x0800a210   0x00000038   Code   RO         1807    i.routing_update    freertos_demo.o
    0x0800a248   0x00000040   Code   RO          966    i.search_max_rssi_neighbor_route  routing.o
    0x0800a288   0x00000038   Code   RO          968    i.search_neighbor_route  routing.o
    0x0800a2c0   0x00000058   Code   RO         1808    i.send_timer        freertos_demo.o
    0x0800a318   0x00000024   Code   RO          340    i.sensor_power_off  led.o
    0x0800a33c   0x00000020   Code   RO          341    i.sensor_power_on   led.o
    0x0800a35c   0x00000008   Code   RO         1442    i.sht45init         sht45.o
    0x0800a364   0x0000006e   Code   RO         5249    i.sqrt              m_wm.l(sqrt.o)
    0x0800a3d2   0x00000002   PAD
    0x0800a3d4   0x00000408   Code   RO         1809    i.start_task        freertos_demo.o
    0x0800a7dc   0x000000b4   Code   RO         1650    i.uart2_init        usart.o
    0x0800a890   0x000000b8   Code   RO         1651    i.uart4_init        usart.o
    0x0800a948   0x000000b0   Code   RO         1652    i.uart_init         usart.o
    0x0800a9f8   0x000000d0   Code   RO          969    i.update_broadcast_route  routing.o
    0x0800aac8   0x00000028   Code   RO         3775    i.uxListRemove      list.o
    0x0800aaf0   0x0000000c   Code   RO         4129    i.uxTaskGetNumberOfTasks  tasks.o
    0x0800aafc   0x00000028   Code   RO         4130    i.uxTaskGetStackHighWaterMark  tasks.o
    0x0800ab24   0x000000b8   Code   RO         4131    i.uxTaskGetSystemState  tasks.o
    0x0800abdc   0x0000001c   Code   RO         4135    i.uxTaskResetEventItemValue  tasks.o
    0x0800abf8   0x00000010   Code   RO         4745    i.vEventGroupSetBitsCallback  event_groups.o
    0x0800ac08   0x0000001a   Code   RO         3776    i.vListInitialise   list.o
    0x0800ac22   0x00000006   Code   RO         3777    i.vListInitialiseItem  list.o
    0x0800ac28   0x00000034   Code   RO         3778    i.vListInsert       list.o
    0x0800ac5c   0x00000018   Code   RO         3779    i.vListInsertEnd    list.o
    0x0800ac74   0x00000088   Code   RO         4931    i.vPortEnterCritical  port.o
    0x0800acfc   0x00000070   Code   RO         4932    i.vPortExitCritical  port.o
    0x0800ad6c   0x000000b0   Code   RO         4862    i.vPortFree         heap_4.o
    0x0800ae1c   0x00000068   Code   RO         4933    i.vPortSetupTimerInterrupt  port.o
    0x0800ae84   0x0000014c   Code   RO         4934    i.vPortSuppressTicksAndSleep  port.o
    0x0800afd0   0x000000a0   Code   RO         4935    i.vPortValidateInterruptPriority  port.o
    0x0800b070   0x0000007c   Code   RO         3850    i.vQueueAddToRegistry  queue.o
    0x0800b0ec   0x0000004a   Code   RO         3854    i.vQueueWaitForMessageRestricted  queue.o
    0x0800b136   0x00000002   PAD
    0x0800b138   0x00000074   Code   RO         4136    i.vTaskDelay        tasks.o
    0x0800b1ac   0x00000114   Code   RO         4137    i.vTaskDelete       tasks.o
    0x0800b2c0   0x00000084   Code   RO         4140    i.vTaskGetInfo      tasks.o
    0x0800b344   0x000000c4   Code   RO         4141    i.vTaskGetRunTimeStats  tasks.o
    0x0800b408   0x00000018   Code   RO         4142    i.vTaskInternalSetTimeOutState  tasks.o
    0x0800b420   0x0000000c   Code   RO         4144    i.vTaskMissedYield  tasks.o
    0x0800b42c   0x00000054   Code   RO         4145    i.vTaskPlaceOnEventList  tasks.o
    0x0800b480   0x0000007c   Code   RO         4146    i.vTaskPlaceOnEventListRestricted  tasks.o
    0x0800b4fc   0x000000a0   Code   RO         4147    i.vTaskPlaceOnUnorderedEventList  tasks.o
    0x0800b59c   0x00000128   Code   RO         4148    i.vTaskPriorityDisinheritAfterTimeout  tasks.o
    0x0800b6c4   0x00000124   Code   RO         4150    i.vTaskRemoveFromUnorderedEventList  tasks.o
    0x0800b7e8   0x000000b8   Code   RO         4154    i.vTaskStartScheduler  tasks.o
    0x0800b8a0   0x000000b0   Code   RO         4155    i.vTaskStepTick     tasks.o
    0x0800b950   0x00000010   Code   RO         4157    i.vTaskSuspendAll   tasks.o
    0x0800b960   0x000000e8   Code   RO         4158    i.vTaskSwitchContext  tasks.o
    0x0800ba48   0x00000058   Code   RO         1214    i.write_flash       flash.o
    0x0800baa0   0x0000000a   Code   RO         1810    i.write_my_addr     freertos_demo.o
    0x0800baaa   0x00000002   PAD
    0x0800baac   0x00000324   Code   RO          970    i.write_my_addr_route  routing.o
    0x0800bdd0   0x00000034   Code   RO         1215    i.write_to_flash    flash.o
    0x0800be04   0x00000074   Code   RO         4747    i.xEventGroupClearBits  event_groups.o
    0x0800be78   0x0000001a   Code   RO         4749    i.xEventGroupCreate  event_groups.o
    0x0800be92   0x00000002   PAD
    0x0800be94   0x000000e8   Code   RO         4751    i.xEventGroupSetBits  event_groups.o
    0x0800bf7c   0x00000024   Code   RO         4752    i.xEventGroupSetBitsFromISR  event_groups.o
    0x0800bfa0   0x0000015c   Code   RO         4754    i.xEventGroupWaitBits  event_groups.o
    0x0800c0fc   0x0000000c   Code   RO         4866    i.xPortGetMinimumEverFreeHeapSize  heap_4.o
    0x0800c108   0x0000019c   Code   RO         4936    i.xPortStartScheduler  port.o
    0x0800c2a4   0x00000034   Code   RO         4937    i.xPortSysTickHandler  port.o
    0x0800c2d8   0x00000080   Code   RO         3859    i.xQueueGenericCreate  queue.o
    0x0800c358   0x000000ec   Code   RO         3860    i.xQueueGenericReset  queue.o
    0x0800c444   0x000001d4   Code   RO         3861    i.xQueueGenericSend  queue.o
    0x0800c618   0x00000144   Code   RO         3862    i.xQueueGenericSendFromISR  queue.o
    0x0800c75c   0x00000170   Code   RO         3869    i.xQueueReceive     queue.o
    0x0800c8cc   0x00000198   Code   RO         3874    i.xQueueSemaphoreTake  queue.o
    0x0800ca64   0x000000bc   Code   RO         4161    i.xTaskCheckForTimeOut  tasks.o
    0x0800cb20   0x00000068   Code   RO         4162    i.xTaskCreate       tasks.o
    0x0800cb88   0x00000020   Code   RO         4171    i.xTaskGetSchedulerState  tasks.o
    0x0800cba8   0x0000000c   Code   RO         4172    i.xTaskGetTickCount  tasks.o
    0x0800cbb4   0x000001d4   Code   RO         4174    i.xTaskIncrementTick  tasks.o
    0x0800cd88   0x00000100   Code   RO         4175    i.xTaskPriorityDisinherit  tasks.o
    0x0800ce88   0x000000ec   Code   RO         4176    i.xTaskPriorityInherit  tasks.o
    0x0800cf74   0x00000140   Code   RO         4177    i.xTaskRemoveFromEventList  tasks.o
    0x0800d0b4   0x00000190   Code   RO         4178    i.xTaskResumeAll    tasks.o
    0x0800d244   0x00000036   Code   RO         4582    i.xTimerCreate      timers.o
    0x0800d27a   0x00000002   PAD
    0x0800d27c   0x00000074   Code   RO         4583    i.xTimerCreateTimerTask  timers.o
    0x0800d2f0   0x000000a4   Code   RO         4584    i.xTimerGenericCommand  timers.o
    0x0800d394   0x00000034   Code   RO         4591    i.xTimerPendFunctionCallFromISR  timers.o
    0x0800d3c8   0x0000002c   Code   RO         5331    locale$$code        c_w.l(lc_numeric_c.o)
    0x0800d3f4   0x0000002c   Code   RO         5412    locale$$code        c_w.l(lc_ctype_c.o)
    0x0800d420   0x00000018   Code   RO         5201    x$fpl$basic         fz_wm.l(basic.o)
    0x0800d438   0x00000150   Code   RO         5111    x$fpl$dadd          fz_wm.l(daddsub_clz.o)
    0x0800d588   0x00000010   Code   RO         5333    x$fpl$dcheck1       fz_wm.l(dcheck1.o)
    0x0800d598   0x00000018   Code   RO         5405    x$fpl$dcmpinf       fz_wm.l(dcmpi.o)
    0x0800d5b0   0x000002b0   Code   RO         5118    x$fpl$ddiv          fz_wm.l(ddiv.o)
    0x0800d860   0x0000005e   Code   RO         5121    x$fpl$dfix          fz_wm.l(dfix.o)
    0x0800d8be   0x0000002e   Code   RO         5126    x$fpl$dflt          fz_wm.l(dflt_clz.o)
    0x0800d8ec   0x00000026   Code   RO         5125    x$fpl$dfltu         fz_wm.l(dflt_clz.o)
    0x0800d912   0x00000002   PAD
    0x0800d914   0x00000078   Code   RO         5335    x$fpl$dleqf         fz_wm.l(dleqf.o)
    0x0800d98c   0x00000154   Code   RO         5131    x$fpl$dmul          fz_wm.l(dmul.o)
    0x0800dae0   0x0000009c   Code   RO         5203    x$fpl$dnaninf       fz_wm.l(dnaninf.o)
    0x0800db7c   0x0000000c   Code   RO         5205    x$fpl$dretinf       fz_wm.l(dretinf.o)
    0x0800db88   0x0000006c   Code   RO         5207    x$fpl$drleqf        fz_wm.l(drleqf.o)
    0x0800dbf4   0x00000016   Code   RO         5112    x$fpl$drsb          fz_wm.l(daddsub_clz.o)
    0x0800dc0a   0x00000002   PAD
    0x0800dc0c   0x00000198   Code   RO         5337    x$fpl$dsqrt         fz_wm.l(dsqrt_umaal.o)
    0x0800dda4   0x000001d4   Code   RO         5113    x$fpl$dsub          fz_wm.l(daddsub_clz.o)
    0x0800df78   0x00000056   Code   RO         5133    x$fpl$f2d           fz_wm.l(f2d.o)
    0x0800dfce   0x0000008c   Code   RO         5209    x$fpl$fnaninf       fz_wm.l(fnaninf.o)
    0x0800e05a   0x0000000a   Code   RO         5420    x$fpl$fpinit        fz_wm.l(fpinit.o)
    0x0800e064   0x00000004   Code   RO         5135    x$fpl$printf1       fz_wm.l(printf1.o)
    0x0800e068   0x00000004   Code   RO         5213    x$fpl$printf2       fz_wm.l(printf2.o)
    0x0800e06c   0x00000064   Code   RO         5407    x$fpl$retnan        fz_wm.l(retnan.o)
    0x0800e0d0   0x0000005c   Code   RO         5219    x$fpl$scalbn        fz_wm.l(scalbn.o)
    0x0800e12c   0x00000030   Code   RO         5422    x$fpl$trapveneer    fz_wm.l(trapv.o)
    0x0800e15c   0x00000000   Code   RO         5221    x$fpl$usenofp       fz_wm.l(usenofp.o)
    0x0800e15c   0x00000200   Data   RO          476    .constdata          crc16.o
    0x0800e35c   0x00000028   Data   RO         5059    .constdata          c_w.l(_printf_hex_int_ll_ptr.o)
    0x0800e384   0x00000011   Data   RO         5079    .constdata          c_w.l(__printf_flags_ss_wp.o)
    0x0800e395   0x00000003   PAD
    0x0800e398   0x00000088   Data   RO         5140    .constdata          m_wm.l(pow.o)
    0x0800e420   0x00000008   Data   RO         5175    .constdata          c_w.l(_printf_wctomb.o)
    0x0800e428   0x00000008   Data   RO         5246    .constdata          m_wm.l(qnan.o)
    0x0800e430   0x00000026   Data   RO         5291    .constdata          c_w.l(_printf_fp_hex.o)
    0x0800e456   0x00000002   PAD
    0x0800e458   0x00000094   Data   RO         5300    .constdata          c_w.l(bigflt0.o)
    0x0800e4ec   0x00000086   Data   RO          972    .conststring        routing.o
    0x0800e572   0x00000002   PAD
    0x0800e574   0x00000020   Data   RO         5492    Region$$Table       anon$$obj.o
    0x0800e594   0x0000001c   Data   RO         5330    locale$$data        c_w.l(lc_numeric_c.o)
    0x0800e5b0   0x00000110   Data   RO         5411    locale$$data        c_w.l(lc_ctype_c.o)


    Execution Region RW_IRAM1 (Base: 0x20000000, Size: 0x0000a218, Max: 0x00020000, ABSOLUTE, COMPRESSED[0x00000020])

    Base Addr    Size         Type   Attr      Idx    E Section Name        Object

    0x20000000   0x00000014   Data   RW          303    .data               system_stm32f4xx.o
    0x20000014   0x00000004   Data   RW          433    .data               timer.o
    0x20000018   0x0000001c   Data   RW          653    .data               mac.o
    0x20000034   0x00000008   Data   RW          807    .data               lora.o
    0x2000003c   0x0000000c   Data   RW          973    .data               routing.o
    0x20000048   0x00000001   Data   RW         1133    .data               tree_node.o
    0x20000049   0x00000001   PAD
    0x2000004a   0x00000010   Data   RW         1216    .data               flash.o
    0x2000005a   0x00000002   PAD
    0x2000005c   0x00000018   Data   RW         1276    .data               ec20.o
    0x20000074   0x0000000c   Data   RW         1497    .data               bmp280.o
    0x20000080   0x00000004   Data   RW         1584    .data               delay.o
    0x20000084   0x0000000a   Data   RW         1654    .data               usart.o
    0x2000008e   0x00000002   PAD
    0x20000090   0x00000044   Data   RW         1812    .data               freertos_demo.o
    0x200000d4   0x00000010   Data   RW         2132    .data               stm32f4xx_rcc.o
    0x200000e4   0x00000048   Data   RW         4181    .data               tasks.o
    0x2000012c   0x00000014   Data   RW         4593    .data               timers.o
    0x20000140   0x0000001c   Data   RW         4868    .data               heap_4.o
    0x2000015c   0x00000018   Data   RW         4938    .data               port.o
    0x20000174   0x00000160   Zero   RW          652    .bss                mac.o
    0x200002d4   0x00000004   PAD
    0x200002d8   0x00000528   Zero   RW          971    .bss                routing.o
    0x20000800   0x00000100   Zero   RW         1132    .bss                tree_node.o
    0x20000900   0x00000400   Zero   RW         1275    .bss                ec20.o
    0x20000d00   0x0000001c   Zero   RW         1496    .bss                bmp280.o
    0x20000d1c   0x00000258   Zero   RW         1653    .bss                usart.o
    0x20000f74   0x000002ff   Zero   RW         1741    .bss                mb_usart.o
    0x20001273   0x000001f4   Zero   RW         1811    .bss                freertos_demo.o
    0x20001467   0x00000001   PAD
    0x20001468   0x00000040   Zero   RW         3876    .bss                queue.o
    0x200014a8   0x000002e4   Zero   RW         4180    .bss                tasks.o
    0x2000178c   0x00000028   Zero   RW         4592    .bss                timers.o
    0x200017b4   0x00005800   Zero   RW         4867    .bss                heap_4.o
    0x20006fb4   0x00000060   Zero   RW         5342    .bss                c_w.l(libspace.o)
    0x20007014   0x00000004   PAD
    0x20007018   0x00000200   Zero   RW         1929    HEAP                startup_stm32f40_41xxx.o
    0x20007218   0x00003000   Zero   RW         1928    STACK               startup_stm32f40_41xxx.o


==============================================================================

Image component sizes


      Code (inc. data)   RO Data    RW Data    ZI Data      Debug   Object Name

       780         56          0         12         28       5253   bmp280.o
        72         10        512          0          0       1365   crc16.o
       244         18          0          4          0       3161   delay.o
      2234        730          0         24       1024       7588   ec20.o
       804        146          0          0          0       6999   event_groups.o
        44         18          0          0          0        535   exti.o
       396         64          0         16          0       3895   flash.o
      2938       1382          0         68        500      15456   freertos_demo.o
       740        178          0         28      22528       5465   heap_4.o
        44          0          0          0          0       1100   iwdg.o
        68          8          0          0          0        559   key.o
       312         44          0          0          0       2194   led.o
       148          0          0          0          0       5866   list.o
      3472       1034          0          8          0      42232   lora.o
      2632        730          0         28        352      14561   mac.o
        96          6          0          0          0     324035   main.o
       548         40          0          0        767       4733   mb_usart.o
      1382        148          0          0          0       7223   mdbs_func.o
       180         24          0          0          0       2161   misc.o
      1014        128          0          0          0       7970   myiic.o
      1654        424          0         24          0      12630   port.o
      2756        318          0          0         64      30644   queue.o
      7290       1468        134         12       1320      19135   routing.o
       276          0          0          0          0       2121   sht45.o
        64         26        392          0      12800        868   startup_stm32f40_41xxx.o
       478         26          0          0          0       4358   stm32f4xx_dma.o
        12          6          0          0          0        561   stm32f4xx_exti.o
       402         40          0          0          0       4625   stm32f4xx_flash.o
       218          0          0          0          0       2386   stm32f4xx_gpio.o
        20          0          0          0          0       2849   stm32f4xx_it.o
        68         30          0          0          0       2670   stm32f4xx_iwdg.o
       360         42          0         16          0       5356   stm32f4xx_rcc.o
        72         16          0          0          0       1676   stm32f4xx_rng.o
       198         28          0          0          0       3712   stm32f4xx_tim.o
       470          8          0          0          0       6237   stm32f4xx_usart.o
       340         32          0         20          0       1829   system_stm32f4xx.o
      6192       1286          0         72        740      47326   tasks.o
       220         48          0          4          0       2566   timer.o
      1448        282          0         20         40      14602   timers.o
       778        102          0          1        256       8770   tree_node.o
       940        104          0         10        600       8885   usart.o

    ----------------------------------------------------------------------
     42450       9050       1072        372      41024     646157   Object Totals
         0          0         32          0          0          0   (incl. Generated)
        46          0          2          5          5          0   (incl. Padding)

    ----------------------------------------------------------------------

      Code (inc. data)   RO Data    RW Data    ZI Data      Debug   Library Member Name

        24          4          0          0          0         84   __2printf.o
        44          6          0          0          0         84   __2sprintf.o
        90          0          0          0          0          0   __dczerorl2.o
         8          0          0          0          0         68   __main.o
       392          4         17          0          0         92   __printf_flags_ss_wp.o
        14          0          0          0          0         68   __printf_wp.o
         0          0          0          0          0          0   __rtentry.o
        12          0          0          0          0          0   __rtentry2.o
         6          0          0          0          0          0   __rtentry4.o
        52          8          0          0          0          0   __scatter.o
        28          0          0          0          0          0   __scatter_zi.o
         6          0          0          0          0          0   _printf_a.o
         6          0          0          0          0          0   _printf_c.o
        44          0          0          0          0        108   _printf_char.o
        48          6          0          0          0         96   _printf_char_common.o
        36          4          0          0          0         80   _printf_char_file.o
        40          0          0          0          0         68   _printf_charcount.o
         6          0          0          0          0          0   _printf_d.o
       120         16          0          0          0         92   _printf_dec.o
         6          0          0          0          0          0   _printf_e.o
         6          0          0          0          0          0   _printf_f.o
      1050          0          0          0          0        216   _printf_fp_dec.o
       764         10         38          0          0        100   _printf_fp_hex.o
       128         16          0          0          0         84   _printf_fp_infnan.o
         6          0          0          0          0          0   _printf_g.o
       148          4         40          0          0        160   _printf_hex_int_ll_ptr.o
         6          0          0          0          0          0   _printf_i.o
       178          0          0          0          0         88   _printf_intcommon.o
        10          0          0          0          0          0   _printf_l.o
         6          0          0          0          0          0   _printf_lc.o
        10          0          0          0          0          0   _printf_ll.o
         6          0          0          0          0          0   _printf_lld.o
         6          0          0          0          0          0   _printf_lli.o
         6          0          0          0          0          0   _printf_llo.o
         6          0          0          0          0          0   _printf_llu.o
         6          0          0          0          0          0   _printf_llx.o
       124         16          0          0          0         92   _printf_longlong_dec.o
         6          0          0          0          0          0   _printf_ls.o
         6          0          0          0          0          0   _printf_n.o
         6          0          0          0          0          0   _printf_o.o
       112          8          0          0          0        124   _printf_oct_int_ll.o
         6          0          0          0          0          0   _printf_p.o
        78          0          0          0          0        108   _printf_pad.o
         0          0          0          0          0          0   _printf_percent.o
         4          0          0          0          0          0   _printf_percent_end.o
         6          0          0          0          0          0   _printf_s.o
        82          0          0          0          0         80   _printf_str.o
        36          0          0          0          0         84   _printf_truncate.o
         6          0          0          0          0          0   _printf_u.o
        44          0          0          0          0        108   _printf_wchar.o
       188          6          8          0          0         92   _printf_wctomb.o
         6          0          0          0          0          0   _printf_x.o
        22          0          0          0          0        100   _rserrno.o
        10          0          0          0          0         68   _sputc.o
        64          0          0          0          0         92   _wcrtomb.o
        16          0          0          0          0         68   aeabi_memset.o
       220          4        148          0          0         96   bigflt0.o
      1910        128          0          0          0        672   btod.o
        12          0          0          0          0         72   exit.o
         8          0          0          0          0         68   ferror.o
         6          0          0          0          0        152   heapauxi.o
        44         10        272          0          0         76   lc_ctype_c.o
        44         10         28          0          0         76   lc_numeric_c.o
         2          0          0          0          0          0   libinit.o
        34          0          0          0          0          0   libinit2.o
         2          0          0          0          0          0   libshutdown.o
         2          0          0          0          0          0   libshutdown2.o
         8          4          0          0         96         68   libspace.o
        72          0          0          0          0         76   llsdiv.o
       138          0          0          0          0         80   lludiv10.o
       238          0          0          0          0        100   lludivv7m.o
        24          4          0          0          0         84   printf.o
        16          4          0          0          0         76   rt_ctype_table.o
         8          4          0          0          0         68   rt_errno_addr_intlibspace.o
         8          4          0          0          0         68   rt_locale_intlibspace.o
        68          0          0          0          0         68   rt_memclr.o
        78          0          0          0          0         80   rt_memclr_w.o
       138          0          0          0          0         68   rt_memcpy_v6.o
       100          0          0          0          0         80   rt_memcpy_w.o
         2          0          0          0          0          0   rtexit.o
        10          0          0          0          0          0   rtexit2.o
       128          0          0          0          0         68   strcmpv7m.o
        72          0          0          0          0         80   strcpy.o
        62          0          0          0          0         76   strlen.o
        36          0          0          0          0         80   strstr.o
        74          0          0          0          0         80   sys_stackheap_outer.o
         2          0          0          0          0         68   use_no_semi.o
         2          0          0          0          0         68   use_no_semi_2.o
        24          0          0          0          0        164   basic.o
       826         16          0          0          0        492   daddsub_clz.o
        16          4          0          0          0        116   dcheck1.o
        24          0          0          0          0        116   dcmpi.o
       688        140          0          0          0        256   ddiv.o
        94          4          0          0          0        140   dfix.o
        84          0          0          0          0        232   dflt_clz.o
       120          4          0          0          0        140   dleqf.o
       340         12          0          0          0        152   dmul.o
       156          4          0          0          0        140   dnaninf.o
        12          0          0          0          0        116   dretinf.o
       108          0          0          0          0        128   drleqf.o
       408         56          0          0          0        168   dsqrt_umaal.o
        86          4          0          0          0        132   f2d.o
       140          4          0          0          0        132   fnaninf.o
        10          0          0          0          0        116   fpinit.o
         4          0          0          0          0        116   printf1.o
         4          0          0          0          0        116   printf2.o
       100          0          0          0          0        116   retnan.o
        92          0          0          0          0        116   scalbn.o
        48          0          0          0          0        116   trapv.o
         0          0          0          0          0          0   usenofp.o
       164         44          0          0          0        620   dunder.o
        24          0          0          0          0        124   fabs.o
        48          0          0          0          0        124   fpclassify.o
       248          0          0          0          0        152   poly.o
      3128        302        136          0          0        356   pow.o
         0          0          8          0          0          0   qnan.o
       110          0          0          0          0        148   sqrt.o

    ----------------------------------------------------------------------
     14850        874        700          0        100       9996   Library Totals
        30          0          5          0          4          0   (incl. Padding)

    ----------------------------------------------------------------------

      Code (inc. data)   RO Data    RW Data    ZI Data      Debug   Library Name

      7714        280        551          0         96       5152   c_w.l
      3384        248          0          0          0       3320   fz_wm.l
      3722        346        144          0          0       1524   m_wm.l

    ----------------------------------------------------------------------
     14850        874        700          0        100       9996   Library Totals

    ----------------------------------------------------------------------

==============================================================================


      Code (inc. data)   RO Data    RW Data    ZI Data      Debug   

     57300       9924       1772        372      41124     618641   Grand Totals
     57300       9924       1772         32      41124     618641   ELF Image Totals (compressed)
     57300       9924       1772         32          0          0   ROM Totals

==============================================================================

    Total RO  Size (Code + RO Data)                59072 (  57.69kB)
    Total RW  Size (RW Data + ZI Data)             41496 (  40.52kB)
    Total ROM Size (Code + RO Data + RW Data)      59104 (  57.72kB)

==============================================================================

