<html>
<body>
<pre>
<h1>µVision Build Log</h1>
<h2>Tool Versions:</h2>
IDE-Version: ¦ÌVision V5.14.0.0
Copyright (C) 2015 ARM Ltd and ARM Germany GmbH. All rights reserved.
License Information: 1 826996050@qq.com, 2, LIC=HN0AE-5TEAP-2ZSW4-F0F8Y-HYES5-VXVTP
 
Tool Versions:
Toolchain:       MDK-ARM Standard  Version: 5.14.0.0
Toolchain Path:  G:\MDK5\ARM\ARMCC\Bin
C Compiler:      Armcc.exe V5.05 update 1 (build 106)
Assembler:       Armasm.exe V5.05 update 1 (build 106)
Linker/Locator:  ArmLink.exe V5.05 update 1 (build 106)
Library Manager: ArmAr.exe V5.05 update 1 (build 106)
Hex Converter:   FromElf.exe V5.05 update 1 (build 106)
CPU DLL:         SARMCM3.DLL V5.14.0.0
Dialog DLL:      DCM.DLL V1.13.1.0
Target DLL:      CMSIS_AGDI.dll V1.21.0.0
Dialog DLL:      TCM.DLL V1.14.4.0
 
<h2>Project:</h2>
C:\Users\82699\Desktop\FreeRTOS\FreeRTOS_code\FreeRTOS_code\WSN_GW_v0.5\USER\USART.uvprojx
Project File Date:  07/11/2025

<h2>Output:</h2>
Build target 'USART'
compiling main.c...
compiling led.c...
compiling exti.c...
compiling routing.c...
..\HARDWARE\ROUTING\routing.c(58): warning:  #550-D: parameter "table" was set but never used
  void RoutingTableInitial(RoutingTable table)
..\HARDWARE\ROUTING\routing.c: 1 warning, 0 errors
compiling freertos_demo.c...
linking...
Program Size: Code=57520 RO-data=1776 RW-data=368 ZI-data=41120  
FromELF: creating hex file...
"..\OBJ\USART.axf" - 0 Error(s), 1 Warning(s).

<h2>Collection of Component include folders:</h2>
  C:\Users\82699\Desktop\FreeRTOS\FreeRTOS_code\FreeRTOS_code\WSN_GW_v0.5\USER\RTE
  G:\MDK5\ARM\PACK\Keil\STM32F4xx_DFP\1.0.8\Device\Include

<h2>Collection of Component Files used:</h2>
</pre>
</body>
</html>
