Component: ARM Compiler 5.05 update 1 (build 106) Tool: armlink [4d0efa]

==============================================================================

Section Cross References

    main.o(i.main) refers to misc.o(i.NVIC_PriorityGroupConfig) for NVIC_PriorityGroupConfig
    main.o(i.main) refers to delay.o(i.delay_init) for delay_init
    main.o(i.main) refers to delay.o(i.delay_xms) for delay_xms
    main.o(i.main) refers to ewdg.o(i.EWDG_Init) for EWDG_Init
    main.o(i.main) refers to timer.o(i.TIM2_Init) for TIM2_Init
    main.o(i.main) refers to usart.o(i.uart_init) for uart_init
    main.o(i.main) refers to mdbs_func.o(i.Mdbus_CTRL_Init) for Mdbus_CTRL_Init
    main.o(i.main) refers to mb_usart.o(i.Usart3_init) for Usart3_init
    main.o(i.main) refers to led.o(i.PWR_sensor_CTRL) for PWR_sensor_CTRL
    main.o(i.main) refers to led.o(i.LED_Init) for LED_Init
    main.o(i.main) refers to key.o(i.KEY_Init) for KEY_Init
    main.o(i.main) refers to ina226.o(i.INA226_Init) for INA226_Init
    main.o(i.main) refers to adaptive_report.o(i.AdaptiveReport_Init) for AdaptiveReport_Init
    main.o(i.main) refers to routing.o(i.SensorDataGet) for SensorDataGet
    main.o(i.main) refers to lora.o(i.lora_init) for lora_init
    main.o(i.main) refers to iwdg.o(i.IWDG_Init) for IWDG_Init
    main.o(i.main) refers to myrtc.o(i.My_RTC_Init) for My_RTC_Init
    main.o(i.main) refers to myrtc.o(i.RTC_Set_WakeUp) for RTC_Set_WakeUp
    main.o(i.main) refers to stm32f4xx_tim.o(i.TIM_Cmd) for TIM_Cmd
    main.o(i.main) refers to freertos_demo.o(i.freertos_demo) for freertos_demo
    system_stm32f4xx.o(i.SystemCoreClockUpdate) refers to system_stm32f4xx.o(.data) for SystemCoreClock
    system_stm32f4xx.o(i.SystemInit) refers to system_stm32f4xx.o(i.SetSysClock) for SetSysClock
    adaptive_report.o(i.AdaptiveReport_EnsureSensorLockCreated) refers to tasks.o(i.xTaskGetSchedulerState) for xTaskGetSchedulerState
    adaptive_report.o(i.AdaptiveReport_EnsureSensorLockCreated) refers to queue.o(i.xQueueCreateMutex) for xQueueCreateMutex
    adaptive_report.o(i.AdaptiveReport_EnsureSensorLockCreated) refers to port.o(i.vPortEnterCritical) for vPortEnterCritical
    adaptive_report.o(i.AdaptiveReport_EnsureSensorLockCreated) refers to port.o(i.vPortExitCritical) for vPortExitCritical
    adaptive_report.o(i.AdaptiveReport_EnsureSensorLockCreated) refers to queue.o(i.vQueueDelete) for vQueueDelete
    adaptive_report.o(i.AdaptiveReport_EnsureSensorLockCreated) refers to adaptive_report.o(.bss) for g_adapt
    adaptive_report.o(i.AdaptiveReport_EnvTask) refers to adaptive_report.o(i.AdaptiveReport_SampleEnvOnce) for AdaptiveReport_SampleEnvOnce
    adaptive_report.o(i.AdaptiveReport_EnvTask) refers to tasks.o(i.vTaskDelay) for vTaskDelay
    adaptive_report.o(i.AdaptiveReport_GetNextPeriodMs) refers to _printf_percent.o(.ARM.Collect$$_printf_percent$$00000000) for _printf_percent
    adaptive_report.o(i.AdaptiveReport_GetNextPeriodMs) refers to _printf_d.o(.ARM.Collect$$_printf_percent$$00000009) for _printf_d
    adaptive_report.o(i.AdaptiveReport_GetNextPeriodMs) refers to _printf_u.o(.ARM.Collect$$_printf_percent$$0000000A) for _printf_u
    adaptive_report.o(i.AdaptiveReport_GetNextPeriodMs) refers to _printf_f.o(.ARM.Collect$$_printf_percent$$00000003) for _printf_f
    adaptive_report.o(i.AdaptiveReport_GetNextPeriodMs) refers to _printf_dec.o(.text) for _printf_int_dec
    adaptive_report.o(i.AdaptiveReport_GetNextPeriodMs) refers to printf1.o(x$fpl$printf1) for _printf_fp_dec
    adaptive_report.o(i.AdaptiveReport_GetNextPeriodMs) refers to adaptive_report.o(i.AdaptiveReport_SensorLock) for AdaptiveReport_SensorLock
    adaptive_report.o(i.AdaptiveReport_GetNextPeriodMs) refers to ina226.o(i.INA226_ReadBusVoltage_mV) for INA226_ReadBusVoltage_mV
    adaptive_report.o(i.AdaptiveReport_GetNextPeriodMs) refers to adaptive_report.o(i.AdaptiveReport_SensorUnlock) for AdaptiveReport_SensorUnlock
    adaptive_report.o(i.AdaptiveReport_GetNextPeriodMs) refers to adaptive_report.o(i.adapt_clampf) for adapt_clampf
    adaptive_report.o(i.AdaptiveReport_GetNextPeriodMs) refers to adaptive_report.o(i.adapt_radiation_avg) for adapt_radiation_avg
    adaptive_report.o(i.AdaptiveReport_GetNextPeriodMs) refers to expf.o(i.__hardfp_expf) for __hardfp_expf
    adaptive_report.o(i.AdaptiveReport_GetNextPeriodMs) refers to adaptive_report.o(i.adapt_clamp_u32) for adapt_clamp_u32
    adaptive_report.o(i.AdaptiveReport_GetNextPeriodMs) refers to f2d.o(x$fpl$f2d) for __aeabi_f2d
    adaptive_report.o(i.AdaptiveReport_GetNextPeriodMs) refers to __2printf.o(.text) for __2printf
    adaptive_report.o(i.AdaptiveReport_GetNextPeriodMs) refers to adaptive_report.o(.bss) for g_adapt
    adaptive_report.o(i.AdaptiveReport_Init) refers to adaptive_report.o(.bss) for g_adapt
    adaptive_report.o(i.AdaptiveReport_RecordTxResult) refers to adaptive_report.o(.bss) for g_adapt
[...]
    node_check                               0x0800922d   Thumb Code    92  freertos_demo.o(i.node_check)
    node_check_route                         0x080092bd   Thumb Code    18  routing.o(i.node_check_route)
    packet_process_mac                       0x080092d5   Thumb Code   130  mac.o(i.packet_process_mac)
    packet_process_route                     0x08009375   Thumb Code  3002  routing.o(i.packet_process_route)
    packet_receive_mac                       0x08009f5d   Thumb Code   120  mac.o(i.packet_receive_mac)
    packet_receive_route                     0x08009ff5   Thumb Code    20  routing.o(i.packet_receive_route)
    pvPortMalloc                             0x0800ad49   Thumb Code   258  heap_4.o(i.pvPortMalloc)
    pvTaskIncrementMutexHeldCount            0x0800ae99   Thumb Code    26  tasks.o(i.pvTaskIncrementMutexHeldCount)
    pxPortInitialiseStack                    0x0800aeb9   Thumb Code    38  port.o(i.pxPortInitialiseStack)
    read_flash                               0x0800aee5   Thumb Code    26  flash.o(i.read_flash)
    read_from_flash                          0x0800af05   Thumb Code    60  flash.o(i.read_from_flash)
    route_packet_process                     0x0800af45   Thumb Code    10  freertos_demo.o(i.route_packet_process)
    route_update_process                     0x0800af51   Thumb Code   668  routing.o(i.route_update_process)
    routing_frame_clear                      0x0800b2a9   Thumb Code    14  routing.o(i.routing_frame_clear)
    routing_update                           0x0800b2b9   Thumb Code    48  freertos_demo.o(i.routing_update)
    rts_send                                 0x0800b2f1   Thumb Code    50  mac.o(i.rts_send)
    search_max_rssi_neighbor_route           0x0800b325   Thumb Code    58  routing.o(i.search_max_rssi_neighbor_route)
    search_min_rssi_neighbor_route           0x0800b365   Thumb Code    58  routing.o(i.search_min_rssi_neighbor_route)
    search_neighbor_route                    0x0800b3a5   Thumb Code    52  routing.o(i.search_neighbor_route)
    send_timer                               0x0800b3dd   Thumb Code    54  freertos_demo.o(i.send_timer)
    sensor_power_off                         0x0800b435   Thumb Code    22  led.o(i.sensor_power_off)
    sensor_power_on                          0x0800b459   Thumb Code    18  led.o(i.sensor_power_on)
    sht45init                                0x0800b479   Thumb Code     8  sht45.o(i.sht45init)
    sqrt                                     0x0800b481   Thumb Code   110  sqrt.o(i.sqrt)
    start_task                               0x0800b4f1   Thumb Code   556  freertos_demo.o(i.start_task)
    uart4_init                               0x0800b8f9   Thumb Code   174  usart.o(i.uart4_init)
    uart_init                                0x0800b9b1   Thumb Code   166  usart.o(i.uart_init)
    update_broadcast_route                   0x0800ba61   Thumb Code   142  routing.o(i.update_broadcast_route)
    uxListRemove                             0x0800bb31   Thumb Code    40  list.o(i.uxListRemove)
    uxTaskGetNumberOfTasks                   0x0800bb59   Thumb Code     6  tasks.o(i.uxTaskGetNumberOfTasks)
    uxTaskGetStackHighWaterMark              0x0800bb65   Thumb Code    34  tasks.o(i.uxTaskGetStackHighWaterMark)
    uxTaskGetSystemState                     0x0800bb8d   Thumb Code   154  tasks.o(i.uxTaskGetSystemState)
    uxTaskResetEventItemValue                0x0800bc45   Thumb Code    24  tasks.o(i.uxTaskResetEventItemValue)
    vEventGroupSetBitsCallback               0x0800bc61   Thumb Code    16  event_groups.o(i.vEventGroupSetBitsCallback)
    vListInitialise                          0x0800bc71   Thumb Code    26  list.o(i.vListInitialise)
    vListInitialiseItem                      0x0800bc8b   Thumb Code     6  list.o(i.vListInitialiseItem)
    vListInsert                              0x0800bc91   Thumb Code    52  list.o(i.vListInsert)
    vListInsertEnd                           0x0800bcc5   Thumb Code    24  list.o(i.vListInsertEnd)
    vPortEnterCritical                       0x0800bcdd   Thumb Code    68  port.o(i.vPortEnterCritical)
    vPortExitCritical                        0x0800bd65   Thumb Code    48  port.o(i.vPortExitCritical)
    vPortFree                                0x0800bdd5   Thumb Code   112  heap_4.o(i.vPortFree)
    vPortSetupTimerInterrupt                 0x0800be85   Thumb Code    86  port.o(i.vPortSetupTimerInterrupt)
    vPortSuppressTicksAndSleep               0x0800beed   Thumb Code   314  port.o(i.vPortSuppressTicksAndSleep)
    vPortValidateInterruptPriority           0x0800c039   Thumb Code    86  port.o(i.vPortValidateInterruptPriority)
    vQueueAddToRegistry                      0x0800c0d9   Thumb Code    84  queue.o(i.vQueueAddToRegistry)
    vQueueDelete                             0x0800c155   Thumb Code    34  queue.o(i.vQueueDelete)
    vQueueUnregisterQueue                    0x0800c19d   Thumb Code    60  queue.o(i.vQueueUnregisterQueue)
    vQueueWaitForMessageRestricted           0x0800c201   Thumb Code    74  queue.o(i.vQueueWaitForMessageRestricted)
    vTaskDelay                               0x0800c24d   Thumb Code    72  tasks.o(i.vTaskDelay)
    vTaskDelete                              0x0800c2c1   Thumb Code   200  tasks.o(i.vTaskDelete)
    vTaskGetInfo                             0x0800c3d5   Thumb Code   126  tasks.o(i.vTaskGetInfo)
    vTaskGetRunTimeStats                     0x0800c459   Thumb Code   168  tasks.o(i.vTaskGetRunTimeStats)
    vTaskInternalSetTimeOutState             0x0800c51d   Thumb Code    14  tasks.o(i.vTaskInternalSetTimeOutState)
    vTaskMissedYield                         0x0800c535   Thumb Code     8  tasks.o(i.vTaskMissedYield)
    vTaskPlaceOnEventList                    0x0800c541   Thumb Code    42  tasks.o(i.vTaskPlaceOnEventList)
    vTaskPlaceOnEventListRestricted          0x0800c595   Thumb Code    84  tasks.o(i.vTaskPlaceOnEventListRestricted)
    vTaskPlaceOnUnorderedEventList           0x0800c611   Thumb Code   114  tasks.o(i.vTaskPlaceOnUnorderedEventList)
    vTaskPriorityDisinheritAfterTimeout      0x0800c6b1   Thumb Code   248  tasks.o(i.vTaskPriorityDisinheritAfterTimeout)
    vTaskRemoveFromUnorderedEventList        0x0800c7d9   Thumb Code   234  tasks.o(i.vTaskRemoveFromUnorderedEventList)
    vTaskStartScheduler                      0x0800c8fd   Thumb Code   116  tasks.o(i.vTaskStartScheduler)
    vTaskStepTick                            0x0800c9b5   Thumb Code   124  tasks.o(i.vTaskStepTick)
    vTaskSuspendAll                          0x0800ca65   Thumb Code    12  tasks.o(i.vTaskSuspendAll)
    vTaskSwitchContext                       0x0800ca75   Thumb Code   162  tasks.o(i.vTaskSwitchContext)
    write_flash                              0x0800cb5d   Thumb Code    84  flash.o(i.write_flash)
    write_my_addr                            0x0800cbb5   Thumb Code    10  freertos_demo.o(i.write_my_addr)
    write_my_addr_route                      0x0800cbc1   Thumb Code   690  routing.o(i.write_my_addr_route)
    write_to_flash                           0x0800cee5   Thumb Code    46  flash.o(i.write_to_flash)
    xEventGroupClearBits                     0x0800cf19   Thumb Code    72  event_groups.o(i.xEventGroupClearBits)
    xEventGroupCreate                        0x0800cf8d   Thumb Code    26  event_groups.o(i.xEventGroupCreate)
    xEventGroupSetBits                       0x0800cfa9   Thumb Code   186  event_groups.o(i.xEventGroupSetBits)
    xEventGroupSetBitsFromISR                0x0800d091   Thumb Code    30  event_groups.o(i.xEventGroupSetBitsFromISR)
    xEventGroupWaitBits                      0x0800d0b5   Thumb Code   298  event_groups.o(i.xEventGroupWaitBits)
    xPortGetMinimumEverFreeHeapSize          0x0800d211   Thumb Code     6  heap_4.o(i.xPortGetMinimumEverFreeHeapSize)
    xPortStartScheduler                      0x0800d21d   Thumb Code   322  port.o(i.xPortStartScheduler)
    xPortSysTickHandler                      0x0800d3b9   Thumb Code    46  port.o(i.xPortSysTickHandler)
    xQueueCreateMutex                        0x0800d3ed   Thumb Code    34  queue.o(i.xQueueCreateMutex)
    xQueueGenericCreate                      0x0800d411   Thumb Code    92  queue.o(i.xQueueGenericCreate)
    xQueueGenericReset                       0x0800d491   Thumb Code   194  queue.o(i.xQueueGenericReset)
    xQueueGenericSend                        0x0800d57d   Thumb Code   426  queue.o(i.xQueueGenericSend)
    xQueueGenericSendFromISR                 0x0800d751   Thumb Code   286  queue.o(i.xQueueGenericSendFromISR)
    xQueueReceive                            0x0800d895   Thumb Code   326  queue.o(i.xQueueReceive)
    xQueueSemaphoreTake                      0x0800da05   Thumb Code   368  queue.o(i.xQueueSemaphoreTake)
    xTaskCheckForTimeOut                     0x0800db9d   Thumb Code   140  tasks.o(i.xTaskCheckForTimeOut)
    xTaskCreate                              0x0800dc59   Thumb Code   104  tasks.o(i.xTaskCreate)
    xTaskDelayUntil                          0x0800dcc1   Thumb Code   172  tasks.o(i.xTaskDelayUntil)
    xTaskGetSchedulerState                   0x0800dd9d   Thumb Code    24  tasks.o(i.xTaskGetSchedulerState)
    xTaskGetTickCount                        0x0800ddbd   Thumb Code     6  tasks.o(i.xTaskGetTickCount)
    xTaskIncrementTick                       0x0800ddc9   Thumb Code   388  tasks.o(i.xTaskIncrementTick)
    xTaskPriorityDisinherit                  0x0800df9d   Thumb Code   206  tasks.o(i.xTaskPriorityDisinherit)
    xTaskPriorityInherit                     0x0800e09d   Thumb Code   224  tasks.o(i.xTaskPriorityInherit)
    xTaskRemoveFromEventList                 0x0800e189   Thumb Code   258  tasks.o(i.xTaskRemoveFromEventList)
    xTaskResumeAll                           0x0800e2c9   Thumb Code   328  tasks.o(i.xTaskResumeAll)
    xTimerCreate                             0x0800e459   Thumb Code    54  timers.o(i.xTimerCreate)
    xTimerCreateTimerTask                    0x0800e491   Thumb Code    56  timers.o(i.xTimerCreateTimerTask)
    xTimerGenericCommand                     0x0800e505   Thumb Code   118  timers.o(i.xTimerGenericCommand)
    xTimerPendFunctionCallFromISR            0x0800e5a9   Thumb Code    48  timers.o(i.xTimerPendFunctionCallFromISR)
    _get_lc_numeric                          0x0800e5dd   Thumb Code    44  lc_numeric_c.o(locale$$code)
    _get_lc_ctype                            0x0800e609   Thumb Code    44  lc_ctype_c.o(locale$$code)
    __aeabi_dneg                             0x0800e635   Thumb Code     0  basic.o(x$fpl$basic)
    _dneg                                    0x0800e635   Thumb Code     6  basic.o(x$fpl$basic)
    __aeabi_fneg                             0x0800e63b   Thumb Code     0  basic.o(x$fpl$basic)
    _fneg                                    0x0800e63b   Thumb Code     6  basic.o(x$fpl$basic)
    _dabs                                    0x0800e641   Thumb Code     6  basic.o(x$fpl$basic)
    _fabs                                    0x0800e647   Thumb Code     6  basic.o(x$fpl$basic)
    __aeabi_d2f                              0x0800e64d   Thumb Code     0  d2f.o(x$fpl$d2f)
    _d2f                                     0x0800e64d   Thumb Code    98  d2f.o(x$fpl$d2f)
    __aeabi_dadd                             0x0800e6b1   Thumb Code     0  daddsub_clz.o(x$fpl$dadd)
    _dadd                                    0x0800e6b1   Thumb Code   332  daddsub_clz.o(x$fpl$dadd)
    __fpl_dcheck_NaN1                        0x0800e801   Thumb Code    10  dcheck1.o(x$fpl$dcheck1)
    __fpl_dcmp_Inf                           0x0800e811   Thumb Code    24  dcmpi.o(x$fpl$dcmpinf)
    __aeabi_ddiv                             0x0800e829   Thumb Code     0  ddiv.o(x$fpl$ddiv)
    _ddiv                                    0x0800e829   Thumb Code   552  ddiv.o(x$fpl$ddiv)
    __aeabi_d2iz                             0x0800ead9   Thumb Code     0  dfix.o(x$fpl$dfix)
    _dfix                                    0x0800ead9   Thumb Code    94  dfix.o(x$fpl$dfix)
    __aeabi_i2d                              0x0800eb37   Thumb Code     0  dflt_clz.o(x$fpl$dflt)
    _dflt                                    0x0800eb37   Thumb Code    46  dflt_clz.o(x$fpl$dflt)
    __aeabi_ui2d                             0x0800eb65   Thumb Code     0  dflt_clz.o(x$fpl$dfltu)
    _dfltu                                   0x0800eb65   Thumb Code    38  dflt_clz.o(x$fpl$dfltu)
    __aeabi_cdcmple                          0x0800eb8d   Thumb Code     0  dleqf.o(x$fpl$dleqf)
    _dcmple                                  0x0800eb8d   Thumb Code   120  dleqf.o(x$fpl$dleqf)
    __fpl_dcmple_InfNaN                      0x0800ebef   Thumb Code     0  dleqf.o(x$fpl$dleqf)
    __aeabi_dmul                             0x0800ec05   Thumb Code     0  dmul.o(x$fpl$dmul)
    _dmul                                    0x0800ec05   Thumb Code   332  dmul.o(x$fpl$dmul)
    __fpl_dnaninf                            0x0800ed59   Thumb Code   156  dnaninf.o(x$fpl$dnaninf)
    __fpl_dretinf                            0x0800edf5   Thumb Code    12  dretinf.o(x$fpl$dretinf)
    __aeabi_cdrcmple                         0x0800ee01   Thumb Code     0  drleqf.o(x$fpl$drleqf)
    _drcmple                                 0x0800ee01   Thumb Code   108  drleqf.o(x$fpl$drleqf)
    __aeabi_drsub                            0x0800ee6d   Thumb Code     0  daddsub_clz.o(x$fpl$drsb)
    _drsb                                    0x0800ee6d   Thumb Code    22  daddsub_clz.o(x$fpl$drsb)
    _dsqrt                                   0x0800ee85   Thumb Code   404  dsqrt_umaal.o(x$fpl$dsqrt)
    __aeabi_dsub                             0x0800f01d   Thumb Code     0  daddsub_clz.o(x$fpl$dsub)
    _dsub                                    0x0800f01d   Thumb Code   464  daddsub_clz.o(x$fpl$dsub)
    __aeabi_f2d                              0x0800f1f1   Thumb Code     0  f2d.o(x$fpl$f2d)
    _f2d                                     0x0800f1f1   Thumb Code    86  f2d.o(x$fpl$f2d)
    __fpl_fnaninf                            0x0800f247   Thumb Code   140  fnaninf.o(x$fpl$fnaninf)
    _fp_init                                 0x0800f2d3   Thumb Code    10  fpinit.o(x$fpl$fpinit)
    __fplib_config_fpu_vfp                   0x0800f2db   Thumb Code     0  fpinit.o(x$fpl$fpinit)
    __fplib_config_pureend_doubles           0x0800f2db   Thumb Code     0  fpinit.o(x$fpl$fpinit)
    __fpl_fretinf                            0x0800f2dd   Thumb Code    10  fretinf.o(x$fpl$fretinf)
    _printf_fp_dec                           0x0800f2e7   Thumb Code     4  printf1.o(x$fpl$printf1)
    _printf_fp_hex                           0x0800f2eb   Thumb Code     4  printf2.o(x$fpl$printf2)
    __fpl_return_NaN                         0x0800f2ef   Thumb Code   100  retnan.o(x$fpl$retnan)
    __ARM_scalbn                             0x0800f353   Thumb Code    92  scalbn.o(x$fpl$scalbn)
    __fpl_cmpreturn                          0x0800f3af   Thumb Code    48  trapv.o(x$fpl$trapveneer)
    CRC16HiTable                             0x0800f3de   Data         256  crc16.o(.constdata)
    __I$use$fp                               0x0800f3de   Number         0  usenofp.o(x$fpl$usenofp)
    CRC16LoTable                             0x0800f4de   Data         256  crc16.o(.constdata)
    __mathlib_zero                           0x0800f6d8   Data           8  qnan.o(.constdata)
    Region$$Table$$Base                      0x0800f824   Number         0  anon$$obj.o(Region$$Table)
    Region$$Table$$Limit                     0x0800f844   Number         0  anon$$obj.o(Region$$Table)
    __ctype                                  0x0800f86d   Data           0  lc_ctype_c.o(locale$$data)
    SystemCoreClock                          0x20000000   Data           4  system_stm32f4xx.o(.data)
    AHBPrescTable                            0x20000004   Data          16  system_stm32f4xx.o(.data)
    FreeRTOSRunTimeTicks                     0x20000014   Data           4  timer.o(.data)
    ADDR_MINE                                0x20000018   Data           8  mac.o(.data)
    ADDR_CURRENT                             0x20000020   Data           8  mac.o(.data)
    recv_rssi                                0x20000028   Data           1  mac.o(.data)
    recv_eventgroup_handle                   0x2000002c   Data           4  mac.o(.data)
    recv_eventgroup_bit                      0x20000030   Data           4  mac.o(.data)
    errcount_LORA                            0x20000034   Data           4  lora.o(.data)
    strx                                     0x20000038   Data           4  lora.o(.data)
    route_eventgroup_handle                  0x2000003c   Data           4  routing.o(.data)
    route_eventgroup_bit                     0x20000040   Data           4  routing.o(.data)
    is_sender_route_handle                   0x20000044   Data           4  routing.o(.data)
    del_number                               0x20000048   Data           1  tree_node.o(.data)
    write_data                               0x2000004a   Data           8  flash.o(.data)
    read_data                                0x20000052   Data           8  flash.o(.data)
    SHT45_Data1                              0x2000005c   Data           8  sht45.o(.data)
    overflow_count                           0x20000070   Data           4  myrtc.o(.data)
    Rxcouter_EC800                           0x20000078   Data           2  usart.o(.data)
    lora_Rxcouter                            0x2000007a   Data           2  usart.o(.data)
    lora_frame_locked                        0x2000007c   Data           1  usart.o(.data)
    __stdout                                 0x20000080   Data           4  usart.o(.data)
    USART_RX_STA                             0x20000084   Data           2  usart.o(.data)
    start_task_handler                       0x20000088   Data           4  freertos_demo.o(.data)
    debug_task_handler                       0x2000008c   Data           4  freertos_demo.o(.data)
    send_timer_handler                       0x20000090   Data           4  freertos_demo.o(.data)
    mac_packet_process_handler               0x20000094   Data           4  freertos_demo.o(.data)
    route_packet_process_handler             0x20000098   Data           4  freertos_demo.o(.data)
    join_wan_handler                         0x2000009c   Data           4  freertos_demo.o(.data)
    write_my_addr_handler                    0x200000a0   Data           4  freertos_demo.o(.data)
    beacon_send_handler                      0x200000a4   Data           4  freertos_demo.o(.data)
    data_relay_handler                       0x200000a8   Data           4  freertos_demo.o(.data)
    routing_update_handler                   0x200000ac   Data           4  freertos_demo.o(.data)
    node_check_handler                       0x200000b0   Data           4  freertos_demo.o(.data)
    feed_iwdog_handler                       0x200000b4   Data           4  freertos_demo.o(.data)
    feed_ewdog_handler                       0x200000b8   Data           4  freertos_demo.o(.data)
    send_timer_handle                        0x200000bc   Data           4  freertos_demo.o(.data)
    wait_comm_timer_handle                   0x200000c0   Data           4  freertos_demo.o(.data)
    reset_recv_timer_handle                  0x200000c4   Data           4  freertos_demo.o(.data)
    beacon_send_timer_handle                 0x200000c8   Data           4  freertos_demo.o(.data)
    reset_timer_handle                       0x200000cc   Data           4  freertos_demo.o(.data)
    pxCurrentTCB                             0x200000e0   Data           4  tasks.o(.data)
    uxTopUsedPriority                        0x20000118   Data           4  tasks.o(.data)
    lora_serialTXbuf_st                      0x200001fc   Data         200  mac.o(.bss)
    recv_frame                               0x200002c4   Data          76  mac.o(.bss)
    send_frame                               0x20000310   Data          76  mac.o(.bss)
    send_frame_route                         0x20000360   Data          38  routing.o(.bss)
    recv_frame_route                         0x20000386   Data          38  routing.o(.bss)
    relay_frame_route                        0x200003ac   Data          38  routing.o(.bss)
    update_frame_route                       0x200003d2   Data          38  routing.o(.bss)
    send_in_recv_frame_route                 0x200003f8   Data          38  routing.o(.bss)
    send_data_4g                             0x2000041e   Data        1024  routing.o(.bss)
    routing_table                            0x20000820   Data         104  routing.o(.bss)
    wait_del                                 0x20000888   Data         256  tree_node.o(.bss)
    bmp280Cal                                0x20000988   Data          28  bmp280.o(.bss)
    AtRxBuffer_EC800                         0x200009a4   Data         200  usart.o(.bss)
    lora_serialRXbuf_st                      0x20000a6c   Data         200  usart.o(.bss)
    USART_RX_BUF                             0x20000b34   Data         200  usart.o(.bss)
    serialRXbuf_st                           0x20000bfc   Data         256  mb_usart.o(.bss)
    serialTXbuf_st                           0x20000cfc   Data         256  mb_usart.o(.bss)
    g_uart1DmaRXBuf                          0x20000dfc   Data         255  mb_usart.o(.bss)
    time_statictic                           0x20000efb   Data         500  freertos_demo.o(.bss)
    xQueueRegistry                           0x200010f0   Data          64  queue.o(.bss)
    __libspace_start                         0x20006c3c   Data          96  libspace.o(.bss)
    __temporary_stack_top$libspace           0x20006c9c   Data           0  libspace.o(.bss)



==============================================================================

Memory Map of the image

  Image Entry point : 0x08000189

  Load Region LR_IROM1 (Base: 0x08000000, Size: 0x0000fae0, Max: 0x00100000, ABSOLUTE, COMPRESSED[0x0000f990])

    Execution Region ER_IROM1 (Base: 0x08000000, Size: 0x0000f970, Max: 0x00100000, ABSOLUTE)

    Base Addr    Size         Type   Attr      Idx    E Section Name        Object

    0x08000000   0x00000188   Data   RO         2203    RESET               startup_stm32f40_41xxx.o
    0x08000188   0x00000008   Code   RO         5856  * !!!main             c_w.l(__main.o)
    0x08000190   0x00000034   Code   RO         6275    !!!scatter          c_w.l(__scatter.o)
    0x080001c4   0x0000005a   Code   RO         6273    !!dczerorl2         c_w.l(__dczerorl2.o)
    0x0800021e   0x00000002   PAD
    0x08000220   0x0000001c   Code   RO         6277    !!handler_zi        c_w.l(__scatter_zi.o)
    0x0800023c   0x00000000   Code   RO         5836    .ARM.Collect$$_printf_percent$$00000000  c_w.l(_printf_percent.o)
    0x0800023c   0x00000006   Code   RO         5948    .ARM.Collect$$_printf_percent$$00000001  c_w.l(_printf_n.o)
    0x08000242   0x00000006   Code   RO         5949    .ARM.Collect$$_printf_percent$$00000002  c_w.l(_printf_p.o)
    0x08000248   0x00000006   Code   RO         5835    .ARM.Collect$$_printf_percent$$00000003  c_w.l(_printf_f.o)
    0x0800024e   0x00000006   Code   RO         5952    .ARM.Collect$$_printf_percent$$00000004  c_w.l(_printf_e.o)
    0x08000254   0x00000006   Code   RO         5953    .ARM.Collect$$_printf_percent$$00000005  c_w.l(_printf_g.o)
    0x0800025a   0x00000006   Code   RO         5954    .ARM.Collect$$_printf_percent$$00000006  c_w.l(_printf_a.o)
    0x08000260   0x0000000a   Code   RO         5959    .ARM.Collect$$_printf_percent$$00000007  c_w.l(_printf_ll.o)
    0x0800026a   0x00000006   Code   RO         5951    .ARM.Collect$$_printf_percent$$00000008  c_w.l(_printf_i.o)
    0x08000270   0x00000006   Code   RO         5833    .ARM.Collect$$_printf_percent$$00000009  c_w.l(_printf_d.o)
    0x08000276   0x00000006   Code   RO         5834    .ARM.Collect$$_printf_percent$$0000000A  c_w.l(_printf_u.o)
    0x0800027c   0x00000006   Code   RO         5950    .ARM.Collect$$_printf_percent$$0000000B  c_w.l(_printf_o.o)
    0x08000282   0x00000006   Code   RO         5832    .ARM.Collect$$_printf_percent$$0000000C  c_w.l(_printf_x.o)
    0x08000288   0x00000006   Code   RO         5956    .ARM.Collect$$_printf_percent$$0000000D  c_w.l(_printf_lli.o)
    0x0800028e   0x00000006   Code   RO         5957    .ARM.Collect$$_printf_percent$$0000000E  c_w.l(_printf_lld.o)
    0x08000294   0x00000006   Code   RO         5958    .ARM.Collect$$_printf_percent$$0000000F  c_w.l(_printf_llu.o)
    0x0800029a   0x00000006   Code   RO         5963    .ARM.Collect$$_printf_percent$$00000010  c_w.l(_printf_llo.o)
    0x080002a0   0x00000006   Code   RO         5837    .ARM.Collect$$_printf_percent$$00000011  c_w.l(_printf_llx.o)
    0x080002a6   0x0000000a   Code   RO         5960    .ARM.Collect$$_printf_percent$$00000012  c_w.l(_printf_l.o)
    0x080002b0   0x00000006   Code   RO         5830    .ARM.Collect$$_printf_percent$$00000013  c_w.l(_printf_c.o)
    0x080002b6   0x00000006   Code   RO         5831    .ARM.Collect$$_printf_percent$$00000014  c_w.l(_printf_s.o)
    0x080002bc   0x00000006   Code   RO         5961    .ARM.Collect$$_printf_percent$$00000015  c_w.l(_printf_lc.o)
    0x080002c2   0x00000006   Code   RO         5962    .ARM.Collect$$_printf_percent$$00000016  c_w.l(_printf_ls.o)
    0x080002c8   0x00000004   Code   RO         5955    .ARM.Collect$$_printf_percent$$00000017  c_w.l(_printf_percent_end.o)
    0x080002cc   0x00000002   Code   RO         6138    .ARM.Collect$$libinit$$00000000  c_w.l(libinit.o)
    0x080002ce   0x00000004   Code   RO         6139    .ARM.Collect$$libinit$$00000001  c_w.l(libinit2.o)
    0x080002d2   0x00000000   Code   RO         6142    .ARM.Collect$$libinit$$00000004  c_w.l(libinit2.o)
    0x080002d2   0x00000000   Code   RO         6145    .ARM.Collect$$libinit$$0000000A  c_w.l(libinit2.o)
    0x080002d2   0x00000000   Code   RO         6147    .ARM.Collect$$libinit$$0000000C  c_w.l(libinit2.o)
    0x080002d2   0x00000000   Code   RO         6149    .ARM.Collect$$libinit$$0000000E  c_w.l(libinit2.o)
    0x080002d2   0x00000006   Code   RO         6150    .ARM.Collect$$libinit$$0000000F  c_w.l(libinit2.o)
    0x080002d8   0x00000000   Code   RO         6152    .ARM.Collect$$libinit$$00000011  c_w.l(libinit2.o)
    0x080002d8   0x0000000c   Code   RO         6153    .ARM.Collect$$libinit$$00000012  c_w.l(libinit2.o)
    0x080002e4   0x00000000   Code   RO         6154    .ARM.Collect$$libinit$$00000013  c_w.l(libinit2.o)
    0x080002e4   0x00000000   Code   RO         6156    .ARM.Collect$$libinit$$00000015  c_w.l(libinit2.o)
    0x080002e4   0x0000000a   Code   RO         6157    .ARM.Collect$$libinit$$00000016  c_w.l(libinit2.o)
    0x080002ee   0x00000000   Code   RO         6158    .ARM.Collect$$libinit$$00000017  c_w.l(libinit2.o)
    0x080002ee   0x00000000   Code   RO         6160    .ARM.Collect$$libinit$$00000019  c_w.l(libinit2.o)
    0x080002ee   0x00000000   Code   RO         6162    .ARM.Collect$$libinit$$0000001B  c_w.l(libinit2.o)
    0x080002ee   0x00000000   Code   RO         6164    .ARM.Collect$$libinit$$0000001D  c_w.l(libinit2.o)
    0x080002ee   0x00000000   Code   RO         6166    .ARM.Collect$$libinit$$0000001F  c_w.l(libinit2.o)
    0x080002ee   0x00000000   Code   RO         6168    .ARM.Collect$$libinit$$00000021  c_w.l(libinit2.o)
    0x080002ee   0x00000000   Code   RO         6170    .ARM.Collect$$libinit$$00000023  c_w.l(libinit2.o)
    0x080002ee   0x00000000   Code   RO         6172    .ARM.Collect$$libinit$$00000025  c_w.l(libinit2.o)
    0x080002ee   0x00000000   Code   RO         6176    .ARM.Collect$$libinit$$0000002C  c_w.l(libinit2.o)
    0x080002ee   0x00000000   Code   RO         6178    .ARM.Collect$$libinit$$0000002E  c_w.l(libinit2.o)
    0x080002ee   0x00000000   Code   RO         6180    .ARM.Collect$$libinit$$00000030  c_w.l(libinit2.o)
    0x080002ee   0x00000000   Code   RO         6182    .ARM.Collect$$libinit$$00000032  c_w.l(libinit2.o)
    0x080002ee   0x00000002   Code   RO         6183    .ARM.Collect$$libinit$$00000033  c_w.l(libinit2.o)
    0x080002f0   0x00000002   Code   RO         6234    .ARM.Collect$$libshutdown$$00000000  c_w.l(libshutdown.o)
    0x080002f2   0x00000000   Code   RO         6244    .ARM.Collect$$libshutdown$$00000003  c_w.l(libshutdown2.o)
    0x080002f2   0x00000000   Code   RO         6247    .ARM.Collect$$libshutdown$$00000006  c_w.l(libshutdown2.o)
    0x080002f2   0x00000000   Code   RO         6250    .ARM.Collect$$libshutdown$$00000009  c_w.l(libshutdown2.o)
    0x080002f2   0x00000000   Code   RO         6252    .ARM.Collect$$libshutdown$$0000000B  c_w.l(libshutdown2.o)
    0x080002f2   0x00000000   Code   RO         6255    .ARM.Collect$$libshutdown$$0000000E  c_w.l(libshutdown2.o)
    0x080002f2   0x00000002   Code   RO         6256    .ARM.Collect$$libshutdown$$0000000F  c_w.l(libshutdown2.o)
    0x080002f4   0x00000000   Code   RO         5916    .ARM.Collect$$rtentry$$00000000  c_w.l(__rtentry.o)
    0x080002f4   0x00000000   Code   RO         6041    .ARM.Collect$$rtentry$$00000002  c_w.l(__rtentry2.o)
    0x080002f4   0x00000006   Code   RO         6053    .ARM.Collect$$rtentry$$00000004  c_w.l(__rtentry4.o)
    0x080002fa   0x00000000   Code   RO         6043    .ARM.Collect$$rtentry$$00000009  c_w.l(__rtentry2.o)
    0x080002fa   0x00000004   Code   RO         6044    .ARM.Collect$$rtentry$$0000000A  c_w.l(__rtentry2.o)
    0x080002fe   0x00000000   Code   RO         6046    .ARM.Collect$$rtentry$$0000000C  c_w.l(__rtentry2.o)
    0x080002fe   0x00000008   Code   RO         6047    .ARM.Collect$$rtentry$$0000000D  c_w.l(__rtentry2.o)
    0x08000306   0x00000002   Code   RO         6188    .ARM.Collect$$rtexit$$00000000  c_w.l(rtexit.o)
    0x08000308   0x00000000   Code   RO         6204    .ARM.Collect$$rtexit$$00000002  c_w.l(rtexit2.o)
    0x08000308   0x00000004   Code   RO         6205    .ARM.Collect$$rtexit$$00000003  c_w.l(rtexit2.o)
    0x0800030c   0x00000006   Code   RO         6206    .ARM.Collect$$rtexit$$00000004  c_w.l(rtexit2.o)
    0x08000312   0x00000002   PAD
    0x08000314   0x000000be   Code   RO         5676    .emb_text           port.o
    0x080003d2   0x00000002   PAD
    0x080003d4   0x00000040   Code   RO         2204    .text               startup_stm32f40_41xxx.o
    0x08000414   0x00000002   Code   RO         5767    .text               c_w.l(use_no_semi_2.o)
    0x08000416   0x00000048   Code   RO         5769    .text               c_w.l(llsdiv.o)
    0x0800045e   0x00000002   PAD
    0x08000460   0x00000018   Code   RO         5771    .text               c_w.l(printf.o)
    0x08000478   0x00000018   Code   RO         5773    .text               c_w.l(__2printf.o)
    0x08000490   0x0000002c   Code   RO         5775    .text               c_w.l(__2sprintf.o)
    0x080004bc   0x0000004e   Code   RO         5783    .text               c_w.l(_printf_pad.o)
    0x0800050a   0x00000052   Code   RO         5785    .text               c_w.l(_printf_str.o)
    0x0800055c   0x00000078   Code   RO         5787    .text               c_w.l(_printf_dec.o)
    0x080005d4   0x00000094   Code   RO         5807    .text               c_w.l(_printf_hex_int_ll_ptr.o)
    0x08000668   0x00000188   Code   RO         5827    .text               c_w.l(__printf_flags_ss_wp.o)
    0x080007f0   0x00000024   Code   RO         5838    .text               c_w.l(strstr.o)
    0x08000814   0x00000048   Code   RO         5840    .text               c_w.l(strcpy.o)
    0x0800085c   0x0000003e   Code   RO         5842    .text               c_w.l(strlen.o)
    0x0800089a   0x0000008a   Code   RO         5844    .text               c_w.l(rt_memcpy_v6.o)
    0x08000924   0x00000064   Code   RO         5846    .text               c_w.l(rt_memcpy_w.o)
    0x08000988   0x00000010   Code   RO         5848    .text               c_w.l(aeabi_memset.o)
    0x08000998   0x00000044   Code   RO         5850    .text               c_w.l(rt_memclr.o)
    0x080009dc   0x0000004e   Code   RO         5852    .text               c_w.l(rt_memclr_w.o)
    0x08000a2a   0x00000006   Code   RO         5854    .text               c_w.l(heapauxi.o)
    0x08000a30   0x00000002   Code   RO         5914    .text               c_w.l(use_no_semi.o)
    0x08000a32   0x000000ee   Code   RO         5917    .text               c_w.l(lludivv7m.o)
    0x08000b20   0x00000016   Code   RO         5919    .text               c_w.l(_rserrno.o)
    0x08000b36   0x00000024   Code   RO         5921    .text               c_w.l(_printf_truncate.o)
    0x08000b5a   0x000000b2   Code   RO         5923    .text               c_w.l(_printf_intcommon.o)
    0x08000c0c   0x00000028   Code   RO         5925    .text               c_w.l(_printf_charcount.o)
    0x08000c34   0x0000041a   Code   RO         5927    .text               c_w.l(_printf_fp_dec.o)
    0x0800104e   0x00000002   PAD
    0x08001050   0x00000030   Code   RO         5929    .text               c_w.l(_printf_char_common.o)
    0x08001080   0x0000000a   Code   RO         5931    .text               c_w.l(_sputc.o)
    0x0800108a   0x0000002c   Code   RO         5933    .text               c_w.l(_printf_char.o)
    0x080010b6   0x00000002   PAD
    0x080010b8   0x00000024   Code   RO         5935    .text               c_w.l(_printf_char_file.o)
    0x080010dc   0x000000bc   Code   RO         5937    .text               c_w.l(_printf_wctomb.o)
    0x08001198   0x0000007c   Code   RO         5940    .text               c_w.l(_printf_longlong_dec.o)
    0x08001214   0x00000070   Code   RO         5946    .text               c_w.l(_printf_oct_int_ll.o)
    0x08001284   0x00000008   Code   RO         6062    .text               c_w.l(rt_locale_intlibspace.o)
    0x0800128c   0x00000008   Code   RO         6067    .text               c_w.l(rt_errno_addr_intlibspace.o)
    0x08001294   0x0000008a   Code   RO         6069    .text               c_w.l(lludiv10.o)
    0x0800131e   0x00000002   PAD
    0x08001320   0x000002fc   Code   RO         6071    .text               c_w.l(_printf_fp_hex.o)
    0x0800161c   0x00000080   Code   RO         6074    .text               c_w.l(_printf_fp_infnan.o)
    0x0800169c   0x0000002c   Code   RO         6078    .text               c_w.l(_printf_wchar.o)
    0x080016c8   0x000000dc   Code   RO         6080    .text               c_w.l(bigflt0.o)
    0x080017a4   0x00000008   Code   RO         6105    .text               c_w.l(ferror.o)
    0x080017ac   0x00000040   Code   RO         6109    .text               c_w.l(_wcrtomb.o)
    0x080017ec   0x00000008   Code   RO         6120    .text               c_w.l(libspace.o)
    0x080017f4   0x0000004a   Code   RO         6123    .text               c_w.l(sys_stackheap_outer.o)
    0x0800183e   0x00000002   PAD
    0x08001840   0x00000010   Code   RO         6125    .text               c_w.l(rt_ctype_table.o)
    0x08001850   0x0000000c   Code   RO         6129    .text               c_w.l(exit.o)
    0x0800185c   0x00000080   Code   RO         6131    .text               c_w.l(strcmpv7m.o)
    0x080018dc   0x0000003e   Code   RO         6083    CL$$btod_d2e        c_w.l(btod.o)
    0x0800191a   0x00000046   Code   RO         6085    CL$$btod_d2e_denorm_low  c_w.l(btod.o)
    0x08001960   0x00000060   Code   RO         6084    CL$$btod_d2e_norm_op1  c_w.l(btod.o)
    0x080019c0   0x00000338   Code   RO         6093    CL$$btod_div_common  c_w.l(btod.o)
    0x08001cf8   0x000000c6   Code   RO         6090    CL$$btod_e2e        c_w.l(btod.o)
    0x08001dbe   0x00000028   Code   RO         6087    CL$$btod_ediv       c_w.l(btod.o)
    0x08001de6   0x00000028   Code   RO         6086    CL$$btod_emul       c_w.l(btod.o)
    0x08001e0e   0x00000244   Code   RO         6092    CL$$btod_mult_common  c_w.l(btod.o)
    0x08002052   0x00000002   PAD
    0x08002054   0x000000a4   Code   RO          743    i.ACK_PACKET_PROCESS  mac.o
    0x080020f8   0x00000048   Code   RO          352    i.AdaptiveReport_EnsureSensorLockCreated  adaptive_report.o
    0x08002140   0x00000018   Code   RO          353    i.AdaptiveReport_EnvTask  adaptive_report.o
    0x08002158   0x000003c8   Code   RO          354    i.AdaptiveReport_GetNextPeriodMs  adaptive_report.o
    0x08002520   0x00000034   Code   RO          355    i.AdaptiveReport_Init  adaptive_report.o
    0x08002554   0x000000a0   Code   RO          356    i.AdaptiveReport_RecordTxResult  adaptive_report.o
    0x080025f4   0x000000fc   Code   RO          357    i.AdaptiveReport_SampleEnvOnce  adaptive_report.o
    0x080026f0   0x00000020   Code   RO          358    i.AdaptiveReport_SensorLock  adaptive_report.o
    0x08002710   0x0000001c   Code   RO          359    i.AdaptiveReport_SensorUnlock  adaptive_report.o
    0x0800272c   0x0000001c   Code   RO         1217    i.AddChild          tree_node.o
    0x08002748   0x00000040   Code   RO         1664    i.BMP280            bmp280.o
    0x08002788   0x00000030   Code   RO         2058    i.Beacon_Send_Timer_Callback  freertos_demo.o
    0x080027b8   0x00000004   Code   RO          236    i.BusFault_Handler  stm32f4xx_it.o
    0x080027bc   0x00000170   Code   RO          744    i.CTS_PACKET_PROCESS  mac.o
    0x0800292c   0x0000002a   Code   RO         1218    i.ChangeChild       tree_node.o
    0x08002956   0x00000086   Code   RO          609    i.CleanPrecipitation  mdbs_func.o
    0x080029dc   0x00000030   Code   RO          891    i.Clear_Buffer_LORA  lora.o
    0x08002a0c   0x00000018   Code   RO          539    i.ConfigureTimeForRunTimeStats  timer.o
    0x08002a24   0x000000a8   Code   RO          611    i.CurrentPrecipitation  mdbs_func.o
    0x08002acc   0x000000a4   Code   RO          612    i.CurrentRadiation  mdbs_func.o
    0x08002b70   0x000000ac   Code   RO          613    i.CurrentSoilstate  mdbs_func.o
    0x08002c1c   0x000000a8   Code   RO          614    i.CurrentWindsDirection  mdbs_func.o
    0x08002cc4   0x000000a4   Code   RO          615    i.CurrentWindsSpeed  mdbs_func.o
    0x08002d68   0x000001a4   Code   RO          745    i.DATA_PACKET_PROCESS  mac.o
    0x08002f0c   0x00000016   Code   RO         2932    i.DMA_Cmd           stm32f4xx_dma.o
    0x08002f22   0x00000002   PAD
    0x08002f24   0x00000158   Code   RO         2933    i.DMA_DeInit        stm32f4xx_dma.o
    0x0800307c   0x00000014   Code   RO         2937    i.DMA_GetCmdStatus  stm32f4xx_dma.o
    0x08003090   0x00000058   Code   RO         2944    i.DMA_Init          stm32f4xx_dma.o
    0x080030e8   0x00000004   Code   RO         2947    i.DMA_SetCurrDataCounter  stm32f4xx_dma.o
    0x080030ec   0x00000002   Code   RO          237    i.DebugMon_Handler  stm32f4xx_it.o
    0x080030ee   0x00000056   Code   RO         1219    i.DelSubtree        tree_node.o
    0x08003144   0x00000080   Code   RO         1220    i.DeleteDeadNode    tree_node.o
    0x080031c4   0x00000052   Code   RO         1221    i.Disconnect        tree_node.o
    0x08003216   0x00000002   PAD
    0x08003218   0x00000014   Code   RO         1818    i.EWDG_Feed         ewdg.o
    0x0800322c   0x0000003c   Code   RO         1819    i.EWDG_Init         ewdg.o
    0x08003268   0x0000002c   Code   RO          701    i.EXTI0_IRQHandler  exti.o
    0x08003294   0x0000000c   Code   RO         3621    i.EXTI_ClearITPendingBit  stm32f4xx_exti.o
    0x080032a0   0x00000094   Code   RO         3626    i.EXTI_Init         stm32f4xx_exti.o
    0x08003334   0x0000000c   Code   RO         3744    i.FLASH_ClearFlag   stm32f4xx_flash.o
    0x08003340   0x00000088   Code   RO         3750    i.FLASH_EraseSector  stm32f4xx_flash.o
    0x080033c8   0x00000054   Code   RO         3752    i.FLASH_GetStatus   stm32f4xx_flash.o
    0x0800341c   0x00000014   Code   RO         3756    i.FLASH_Lock        stm32f4xx_flash.o
    0x08003430   0x00000050   Code   RO         3779    i.FLASH_ProgramHalfWord  stm32f4xx_flash.o
    0x08003480   0x00000024   Code   RO         3782    i.FLASH_Unlock      stm32f4xx_flash.o
    0x080034a4   0x00000022   Code   RO         3783    i.FLASH_WaitForLastOperation  stm32f4xx_flash.o
    0x080034c6   0x0000003c   Code   RO         1222    i.FindFather        tree_node.o
    0x08003502   0x00000048   Code   RO         1223    i.FindTarget        tree_node.o
    0x0800354a   0x00000090   Code   RO         2255    i.GPIO_Init         stm32f4xx_gpio.o
    0x080035da   0x00000046   Code   RO         2256    i.GPIO_PinAFConfig  stm32f4xx_gpio.o
    0x08003620   0x00000004   Code   RO         2262    i.GPIO_ResetBits    stm32f4xx_gpio.o
    0x08003624   0x00000004   Code   RO         2263    i.GPIO_SetBits      stm32f4xx_gpio.o
    0x08003628   0x00000008   Code   RO         2265    i.GPIO_ToggleBits   stm32f4xx_gpio.o
    0x08003630   0x00000004   Code   RO          238    i.HardFault_Handler  stm32f4xx_it.o
    0x08003634   0x00000054   Code   RO         1449    i.IIC_Ack           myiic.o
    0x08003688   0x0000005c   Code   RO         1450    i.IIC_Init          myiic.o
    0x080036e4   0x00000054   Code   RO         1451    i.IIC_NAck          myiic.o
    0x08003738   0x00000028   Code   RO         1452    i.IIC_ReadSHT45_Len  myiic.o
    0x08003760   0x0000006c   Code   RO         1453    i.IIC_Read_Byte     myiic.o
    0x080037cc   0x0000006a   Code   RO         1454    i.IIC_Read_Len      myiic.o
    0x08003836   0x00000048   Code   RO         1455    i.IIC_Read_One_Byte  myiic.o
    0x0800387e   0x00000002   PAD
    0x08003880   0x00000068   Code   RO         1456    i.IIC_Send_Byte     myiic.o
    0x080038e8   0x0000004c   Code   RO         1457    i.IIC_Start         myiic.o
    0x08003934   0x0000004c   Code   RO         1458    i.IIC_Stop          myiic.o
    0x08003980   0x00000060   Code   RO         1459    i.IIC_Wait_Ack      myiic.o
    0x080039e0   0x0000004c   Code   RO         1460    i.IIC_Write_One_Byte  myiic.o
    0x08003a2c   0x00000016   Code   RO         1535    i.INA226_Init       ina226.o
    0x08003a42   0x00000044   Code   RO         1537    i.INA226_ReadBusVoltage_mV  ina226.o
    0x08003a86   0x00000084   Code   RO         1542    i.INA226_ReadReg16  ina226.o
    0x08003b0a   0x0000006a   Code   RO         1544    i.INA226_WriteReg16  ina226.o
    0x08003b74   0x00000010   Code   RO         3998    i.IWDG_Enable       stm32f4xx_iwdg.o
    0x08003b84   0x00000008   Code   RO         1729    i.IWDG_Feed         iwdg.o
    0x08003b8c   0x00000024   Code   RO         1730    i.IWDG_Init         iwdg.o
    0x08003bb0   0x00000010   Code   RO         4000    i.IWDG_ReloadCounter  stm32f4xx_iwdg.o
    0x08003bc0   0x0000000c   Code   RO         4001    i.IWDG_SetPrescaler  stm32f4xx_iwdg.o
    0x08003bcc   0x0000000c   Code   RO         4002    i.IWDG_SetReload    stm32f4xx_iwdg.o
    0x08003bd8   0x0000000c   Code   RO         4003    i.IWDG_WriteAccessCmd  stm32f4xx_iwdg.o
    0x08003be4   0x00000044   Code   RO          512    i.KEY_Init          key.o
    0x08003c28   0x00000044   Code   RO          448    i.LED_Init          led.o
    0x08003c6c   0x0000003c   Code   RO          616    i.Mdbus_CTRL_Init   mdbs_func.o
    0x08003ca8   0x00000004   Code   RO          239    i.MemManage_Handler  stm32f4xx_it.o
    0x08003cac   0x000000a0   Code   RO         1755    i.My_RTC_Init       myrtc.o
    0x08003d4c   0x00000002   Code   RO          240    i.NMI_Handler       stm32f4xx_it.o
    0x08003d4e   0x00000002   PAD
    0x08003d50   0x00000078   Code   RO         2210    i.NVIC_Init         misc.o
    0x08003dc8   0x00000014   Code   RO         2211    i.NVIC_PriorityGroupConfig  misc.o
    0x08003ddc   0x00000002   Code   RO         2059    i.POST_SLEEP_PROCESSING  freertos_demo.o
    0x08003dde   0x00000002   Code   RO         2060    i.PRE_SLEEP_PROCESSING  freertos_demo.o
    0x08003de0   0x0000000c   Code   RO         4048    i.PWR_BackupAccessCmd  stm32f4xx_pwr.o
    0x08003dec   0x000000b0   Code   RO          449    i.PWR_sensor_CTRL   led.o
    0x08003e9c   0x00000020   Code   RO         2352    i.RCC_AHB1PeriphClockCmd  stm32f4xx_rcc.o
    0x08003ebc   0x00000020   Code   RO         2355    i.RCC_AHB2PeriphClockCmd  stm32f4xx_rcc.o
    0x08003edc   0x00000020   Code   RO         2361    i.RCC_APB1PeriphClockCmd  stm32f4xx_rcc.o
    0x08003efc   0x00000020   Code   RO         2364    i.RCC_APB2PeriphClockCmd  stm32f4xx_rcc.o
    0x08003f1c   0x000000e8   Code   RO         2373    i.RCC_GetClocksFreq  stm32f4xx_rcc.o
    0x08004004   0x00000040   Code   RO         2374    i.RCC_GetFlagStatus  stm32f4xx_rcc.o
    0x08004044   0x0000002c   Code   RO         2382    i.RCC_LSEConfig     stm32f4xx_rcc.o
    0x08004070   0x0000000c   Code   RO         2396    i.RCC_RTCCLKCmd     stm32f4xx_rcc.o
    0x0800407c   0x0000003c   Code   RO         2397    i.RCC_RTCCLKConfig  stm32f4xx_rcc.o
    0x080040b8   0x00000024   Code   RO         3684    i.RNG_Cmd           stm32f4xx_rng.o
    0x080040dc   0x00000018   Code   RO         3686    i.RNG_GetFlagStatus  stm32f4xx_rng.o
    0x080040f4   0x0000000c   Code   RO         3688    i.RNG_GetRandomNumber  stm32f4xx_rng.o
    0x08004100   0x0000001a   Code   RO          746    i.RNG_Get_RandnomRange  mac.o
    0x0800411a   0x00000014   Code   RO          747    i.RNG_Get_RandomNum  mac.o
    0x0800412e   0x0000003c   Code   RO          748    i.RNG_Init          mac.o
    0x0800416a   0x00000002   PAD
    0x0800416c   0x00000034   Code   RO         1756    i.RTC_Alarm_IRQHandler  myrtc.o
    0x080041a0   0x00000016   Code   RO         4173    i.RTC_Bcd2ToByte    stm32f4xx_rtc.o
    0x080041b6   0x0000001c   Code   RO         4175    i.RTC_ByteToBcd2    stm32f4xx_rtc.o
    0x080041d2   0x00000002   PAD
    0x080041d4   0x0000001c   Code   RO         4178    i.RTC_ClearFlag     stm32f4xx_rtc.o
    0x080041f0   0x00000020   Code   RO         4179    i.RTC_ClearITPendingBit  stm32f4xx_rtc.o
    0x08004210   0x00000050   Code   RO         4185    i.RTC_EnterInitMode  stm32f4xx_rtc.o
    0x08004260   0x00000014   Code   RO         4186    i.RTC_ExitInitMode  stm32f4xx_rtc.o
    0x08004274   0x00000028   Code   RO         4190    i.RTC_GetFlagStatus  stm32f4xx_rtc.o
    0x0800429c   0x00000064   Code   RO         4198    i.RTC_ITConfig      stm32f4xx_rtc.o
    0x08004300   0x00000064   Code   RO         4199    i.RTC_Init          stm32f4xx_rtc.o
    0x08004364   0x00000020   Code   RO         4202    i.RTC_ReadBackupRegister  stm32f4xx_rtc.o
    0x08004384   0x000000c8   Code   RO         4205    i.RTC_SetDate       stm32f4xx_rtc.o
    0x0800444c   0x000000d0   Code   RO         4206    i.RTC_SetTime       stm32f4xx_rtc.o
    0x0800451c   0x0000001c   Code   RO         4207    i.RTC_SetWakeUpCounter  stm32f4xx_rtc.o
    0x08004538   0x00000024   Code   RO         1757    i.RTC_Set_Date      myrtc.o
    0x0800455c   0x00000024   Code   RO         1758    i.RTC_Set_Time      myrtc.o
    0x08004580   0x00000072   Code   RO         1759    i.RTC_Set_WakeUp    myrtc.o
    0x080045f2   0x00000002   PAD
    0x080045f4   0x00000084   Code   RO         1760    i.RTC_WKUP_IRQHandler  myrtc.o
    0x08004678   0x00000060   Code   RO         4222    i.RTC_WaitForSynchro  stm32f4xx_rtc.o
    0x080046d8   0x00000030   Code   RO         4223    i.RTC_WakeUpClockConfig  stm32f4xx_rtc.o
    0x08004708   0x00000078   Code   RO         4224    i.RTC_WakeUpCmd     stm32f4xx_rtc.o
    0x08004780   0x0000001c   Code   RO         4225    i.RTC_WriteBackupRegister  stm32f4xx_rtc.o
    0x0800479c   0x000001f0   Code   RO          749    i.RTS_PACKET_PROCESS  mac.o
    0x0800498c   0x00000020   Code   RO         1224    i.ReSetNode         tree_node.o
    0x080049ac   0x00000040   Code   RO         2061    i.Reset_Recv_Timer_Callback  freertos_demo.o
    0x080049ec   0x00000032   Code   RO         1058    i.RoutingTableInitial  routing.o
    0x08004a1e   0x00000002   PAD
    0x08004a20   0x00000154   Code   RO         1614    i.SHT45_ReadPdata   sht45.o
    0x08004b74   0x000000d0   Code   RO         1615    i.SHT45_ReadRawData  sht45.o
    0x08004c44   0x000000a0   Code   RO         1307    i.STMFLASH_GetFlashSector  flash.o
    0x08004ce4   0x00000068   Code   RO         1225    i.ScanDeadNode      tree_node.o
    0x08004d4c   0x0000002c   Code   RO         2063    i.Send_Timer_Callback  freertos_demo.o
    0x08004d78   0x000001e8   Code   RO         1059    i.SensorDataGet     routing.o
    0x08004f60   0x000000ec   Code   RO          315    i.SetSysClock       system_stm32f4xx.o
    0x0800504c   0x00000028   Code   RO         2214    i.SysTick_CLKSourceConfig  misc.o
    0x08005074   0x00000010   Code   RO         1846    i.SysTick_Handler   delay.o
    0x08005084   0x00000068   Code   RO          317    i.SystemInit        system_stm32f4xx.o
    0x080050ec   0x0000001c   Code   RO          540    i.TIM2_IRQHandler   timer.o
    0x08005108   0x0000005a   Code   RO          541    i.TIM2_Init         timer.o
    0x08005162   0x00000002   PAD
    0x08005164   0x0000002c   Code   RO          542    i.TIM3_IRQHandler   timer.o
    0x08005190   0x0000005c   Code   RO          543    i.TIM3_Init         timer.o
    0x080051ec   0x00000006   Code   RO         3069    i.TIM_ClearITPendingBit  stm32f4xx_tim.o
    0x080051f2   0x00000018   Code   RO         3074    i.TIM_Cmd           stm32f4xx_tim.o
    0x0800520a   0x00000012   Code   RO         3094    i.TIM_GetFlagStatus  stm32f4xx_tim.o
    0x0800521c   0x00000012   Code   RO         3099    i.TIM_ITConfig      stm32f4xx_tim.o
    0x0800522e   0x00000002   PAD
    0x08005230   0x00000084   Code   RO         3146    i.TIM_TimeBaseInit  stm32f4xx_tim.o
    0x080052b4   0x00000054   Code   RO         1226    i.TraverseTree      tree_node.o
    0x08005308   0x000000c4   Code   RO         1910    i.UART4_IRQHandler  usart.o
    0x080053cc   0x00000074   Code   RO         1911    i.USART1_IRQHandler  usart.o
    0x08005440   0x00000034   Code   RO         1912    i.USART2_IRQHandler  usart.o
    0x08005474   0x0000008c   Code   RO         2002    i.USART3_IRQHandler  mb_usart.o
    0x08005500   0x00000012   Code   RO         2742    i.USART_ClearFlag   stm32f4xx_usart.o
    0x08005512   0x0000001e   Code   RO         2743    i.USART_ClearITPendingBit  stm32f4xx_usart.o
    0x08005530   0x00000018   Code   RO         2746    i.USART_Cmd         stm32f4xx_usart.o
    0x08005548   0x00000012   Code   RO         2747    i.USART_DMACmd      stm32f4xx_usart.o
    0x0800555a   0x00000054   Code   RO         2750    i.USART_GetITStatus  stm32f4xx_usart.o
    0x080055ae   0x0000004a   Code   RO         2752    i.USART_ITConfig    stm32f4xx_usart.o
    0x080055f8   0x000000d4   Code   RO         2753    i.USART_Init        stm32f4xx_usart.o
    0x080056cc   0x0000000a   Code   RO         2760    i.USART_ReceiveData  stm32f4xx_usart.o
    0x080056d6   0x00000002   PAD
    0x080056d8   0x00000028   Code   RO         1914    i.Uart4_SendStr     usart.o
    0x08005700   0x00000004   Code   RO          241    i.UsageFault_Handler  stm32f4xx_it.o
    0x08005704   0x00000158   Code   RO         2003    i.Usart3_init       mb_usart.o
    0x0800585c   0x0000000e   Code   RO         2004    i.WaitForTransmitComplete  mb_usart.o
    0x0800586a   0x00000002   PAD
    0x0800586c   0x00000030   Code   RO         2064    i.Wait_Comm_Timer_Callback  freertos_demo.o
    0x0800589c   0x00000030   Code   RO         6007    i.__ARM_fpclassify  m_wm.l(fpclassify.o)
    0x080058cc   0x00000026   Code   RO         6009    i.__ARM_fpclassifyf  m_wm.l(fpclassifyf.o)
    0x080058f2   0x00000002   PAD
    0x080058f4   0x000001e8   Code   RO         5886    i.__hardfp_expf     m_wm.l(expf.o)
    0x08005adc   0x00000004   PAD
    0x08005ae0   0x00000c38   Code   RO         5900    i.__hardfp_pow      m_wm.l(pow.o)
    0x08006718   0x000000f8   Code   RO         6025    i.__kernel_poly     m_wm.l(poly.o)
    0x08006810   0x00000030   Code   RO         5987    i.__mathlib_dbl_divzero  m_wm.l(dunder.o)
    0x08006840   0x00000014   Code   RO         5989    i.__mathlib_dbl_infnan2  m_wm.l(dunder.o)
    0x08006854   0x00000004   PAD
    0x08006858   0x00000020   Code   RO         5990    i.__mathlib_dbl_invalid  m_wm.l(dunder.o)
    0x08006878   0x00000020   Code   RO         5991    i.__mathlib_dbl_overflow  m_wm.l(dunder.o)
    0x08006898   0x00000020   Code   RO         5993    i.__mathlib_dbl_underflow  m_wm.l(dunder.o)
    0x080068b8   0x00000006   Code   RO         6012    i.__mathlib_flt_infnan  m_wm.l(funder.o)
    0x080068be   0x00000002   PAD
    0x080068c0   0x00000010   Code   RO         6015    i.__mathlib_flt_overflow  m_wm.l(funder.o)
    0x080068d0   0x00000010   Code   RO         6017    i.__mathlib_flt_underflow  m_wm.l(funder.o)
    0x080068e0   0x0000000e   Code   RO         5820    i._is_digit         c_w.l(__printf_wp.o)
    0x080068ee   0x00000004   Code   RO         1915    i._sys_exit         usart.o
    0x080068f2   0x00000032   Code   RO          750    i.ack_send          mac.o
    0x08006924   0x00000016   Code   RO          360    i.adapt_clamp_u32   adaptive_report.o
    0x0800693a   0x0000002a   Code   RO          361    i.adapt_clampf      adaptive_report.o
    0x08006964   0x0000002c   Code   RO          362    i.adapt_radiation_avg  adaptive_report.o
    0x08006990   0x00000080   Code   RO          363    i.adapt_radiation_push  adaptive_report.o
    0x08006a10   0x000000f0   Code   RO         1060    i.add_neighbor_route  routing.o
    0x08006b00   0x000000cc   Code   RO          892    i.atk_mw1268d_addr_config  lora.o
    0x08006bcc   0x000000d0   Code   RO          893    i.atk_mw1268d_at_test  lora.o
    0x08006c9c   0x000000cc   Code   RO          896    i.atk_mw1268d_datakey_config  lora.o
    0x08006d68   0x0000000c   Code   RO          897    i.atk_mw1268d_enter_config  lora.o
    0x08006d74   0x0000000c   Code   RO          898    i.atk_mw1268d_exit_config  lora.o
    0x08006d80   0x0000006c   Code   RO          901    i.atk_mw1268d_hw_init  lora.o
    0x08006dec   0x000000e8   Code   RO          902    i.atk_mw1268d_init  lora.o
    0x08006ed4   0x000000f0   Code   RO          903    i.atk_mw1268d_lbt_config  lora.o
    0x08006fc4   0x000000cc   Code   RO          904    i.atk_mw1268d_netid_config  lora.o
    0x08007090   0x000000ec   Code   RO          905    i.atk_mw1268d_packsize_config  lora.o
    0x0800717c   0x000000f0   Code   RO          906    i.atk_mw1268d_rssi_config  lora.o
    0x0800726c   0x000000dc   Code   RO          907    i.atk_mw1268d_tmode_config  lora.o
    0x08007348   0x000000e8   Code   RO          908    i.atk_mw1268d_tpower_config  lora.o
    0x08007430   0x00000110   Code   RO          909    i.atk_mw1268d_uart_config  lora.o
    0x08007540   0x00000104   Code   RO          910    i.atk_mw1268d_wlrate_channel_config  lora.o
    0x08007644   0x000000dc   Code   RO          911    i.atk_mw1268d_wltime_config  lora.o
    0x08007720   0x000000ec   Code   RO          912    i.atk_mw1268d_workmode_config  lora.o
    0x0800780c   0x00000058   Code   RO         2065    i.beacon_send       freertos_demo.o
    0x08007864   0x00000104   Code   RO         1061    i.beacon_send_route  routing.o
    0x08007968   0x000001a8   Code   RO         1665    i.bmp280CompensateP  bmp280.o
    0x08007b10   0x00000048   Code   RO         1666    i.bmp280CompensateT  bmp280.o
    0x08007b58   0x0000004c   Code   RO         1668    i.bmp280GetPressure  bmp280.o
    0x08007ba4   0x00000020   Code   RO         1669    i.bmp280GetRawData  bmp280.o
    0x08007bc4   0x00000070   Code   RO         1670    i.bmp280Init        bmp280.o
    0x08007c34   0x0000003c   Code   RO         1617    i.crc_high_first    sht45.o
    0x08007c70   0x00000022   Code   RO         1227    i.createNode        tree_node.o
    0x08007c92   0x00000032   Code   RO          751    i.cts_send          mac.o
    0x08007cc4   0x00000038   Code   RO         2066    i.data_relay        freertos_demo.o
    0x08007cfc   0x000000d8   Code   RO         1062    i.data_relay_route  routing.o
    0x08007dd4   0x0000012c   Code   RO         1063    i.data_report_route  routing.o
    0x08007f00   0x0000043c   Code   RO         2067    i.debug_task        freertos_demo.o
    0x0800833c   0x00000044   Code   RO         1847    i.delay_init        delay.o
    0x08008380   0x00000040   Code   RO         1848    i.delay_ms          delay.o
    0x080083c0   0x00000048   Code   RO         1849    i.delay_us          delay.o
    0x08008408   0x00000018   Code   RO         1850    i.delay_xms         delay.o
    0x08008420   0x0000006c   Code   RO         1064    i.delete_dead_neighbor_route  routing.o
    0x0800848c   0x00000098   Code   RO         1065    i.delete_neighbor_route  routing.o
    0x08008524   0x00000048   Code   RO         4856    i.eTaskConfirmSleepModeStatus  tasks.o
    0x0800856c   0x000000bc   Code   RO         4857    i.eTaskGetState     tasks.o
    0x08008628   0x00000018   Code   RO         6003    i.fabs              m_wm.l(fabs.o)
    0x08008640   0x0000001e   Code   RO         2068    i.feed_ewdog        freertos_demo.o
    0x0800865e   0x0000001e   Code   RO         2069    i.feed_iwdog        freertos_demo.o
    0x0800867c   0x0000001c   Code   RO         1916    i.fputc             usart.o
    0x08008698   0x0000001a   Code   RO         1228    i.freeTree          tree_node.o
    0x080086b2   0x00000002   PAD
    0x080086b4   0x00000030   Code   RO         2070    i.freertos_demo     freertos_demo.o
    0x080086e4   0x0000010c   Code   RO          752    i.is_channel_idle   mac.o
    0x080087f0   0x00000050   Code   RO         2071    i.join_wan          freertos_demo.o
    0x08008840   0x000000c0   Code   RO         1066    i.join_wan_route    routing.o
    0x08008900   0x00000060   Code   RO          753    i.lora_Send_DATA_MACFrame  mac.o
    0x08008960   0x00000084   Code   RO          754    i.lora_Send_MACFrame  mac.o
    0x080089e4   0x00000054   Code   RO          913    i.lora_init         lora.o
    0x08008a38   0x0000000e   Code   RO          755    i.mac_frame_clear   mac.o
    0x08008a46   0x0000000a   Code   RO         2072    i.mac_packet_process  freertos_demo.o
    0x08008a50   0x0000009c   Code   RO          757    i.mac_send_broadcast  mac.o
    0x08008aec   0x0000026c   Code   RO          758    i.mac_send_require_data_recv  mac.o
    0x08008d58   0x000001c0   Code   RO          759    i.mac_send_without_data_recv  mac.o
    0x08008f18   0x00000088   Code   RO            3    i.main              main.o
    0x08008fa0   0x000000ec   Code   RO          619    i.mb_recv_readHoldingReg_all  mdbs_func.o
    0x0800908c   0x00000074   Code   RO          621    i.mb_sent_writeHoldingReg_all  mdbs_func.o
    0x08009100   0x00000048   Code   RO          586    i.mc_check_crc16    crc16.o
    0x08009148   0x0000001e   Code   RO         2005    i.myUSART_Sendarr   mb_usart.o
    0x08009166   0x00000014   Code   RO         2006    i.myUSART_Sendbyte  mb_usart.o
    0x0800917a   0x00000002   PAD
    0x0800917c   0x000000b0   Code   RO         1067    i.net_access_req    routing.o
    0x0800922c   0x00000090   Code   RO         2073    i.node_check        freertos_demo.o
    0x080092bc   0x00000018   Code   RO         1068    i.node_check_route  routing.o
    0x080092d4   0x000000a0   Code   RO          760    i.packet_process_mac  mac.o
    0x08009374   0x00000be8   Code   RO         1069    i.packet_process_route  routing.o
    0x08009f5c   0x00000098   Code   RO          761    i.packet_receive_mac  mac.o
    0x08009ff4   0x0000001c   Code   RO         1070    i.packet_receive_route  routing.o
    0x0800a010   0x000000cc   Code   RO         4859    i.prvAddCurrentTaskToDelayedList  tasks.o
    0x0800a0dc   0x000000ec   Code   RO         4860    i.prvAddNewTaskToReadyList  tasks.o
    0x0800a1c8   0x00000064   Code   RO         5314    i.prvCheckForValidListAndQueue  timers.o
    0x0800a22c   0x00000048   Code   RO         4861    i.prvCheckTasksWaitingTermination  tasks.o
    0x0800a274   0x0000002a   Code   RO         4585    i.prvCopyDataFromQueue  queue.o
    0x0800a29e   0x0000007e   Code   RO         4586    i.prvCopyDataToQueue  queue.o
    0x0800a31c   0x00000012   Code   RO         4862    i.prvDeleteTCB      tasks.o
    0x0800a32e   0x00000014   Code   RO         4587    i.prvGetDisinheritPriorityAfterTimeout  queue.o
    0x0800a342   0x00000002   PAD
    0x0800a344   0x0000004c   Code   RO         4863    i.prvGetExpectedIdleTime  tasks.o
    0x0800a390   0x00000028   Code   RO         5315    i.prvGetNextExpireTime  timers.o
    0x0800a3b8   0x00000070   Code   RO         5607    i.prvHeapInit       heap_4.o
    0x0800a428   0x00000098   Code   RO         4864    i.prvIdleTask       tasks.o
    0x0800a4c0   0x0000001e   Code   RO         4588    i.prvInitialiseMutex  queue.o
    0x0800a4de   0x0000002e   Code   RO         4589    i.prvInitialiseNewQueue  queue.o
    0x0800a50c   0x000000dc   Code   RO         4865    i.prvInitialiseNewTask  tasks.o
    0x0800a5e8   0x00000078   Code   RO         5316    i.prvInitialiseNewTimer  timers.o
    0x0800a660   0x00000068   Code   RO         4866    i.prvInitialiseTaskLists  tasks.o
    0x0800a6c8   0x00000068   Code   RO         5608    i.prvInsertBlockIntoFreeList  heap_4.o
    0x0800a730   0x00000058   Code   RO         5317    i.prvInsertTimerInActiveList  timers.o
    0x0800a788   0x0000001a   Code   RO         4590    i.prvIsQueueEmpty   queue.o
    0x0800a7a2   0x0000001e   Code   RO         4591    i.prvIsQueueFull    queue.o
    0x0800a7c0   0x0000006a   Code   RO         4867    i.prvListTasksWithinSingleList  tasks.o
    0x0800a82a   0x00000002   PAD
    0x0800a82c   0x000000c0   Code   RO         4592    i.prvNotifyQueueSetContainer  queue.o
    0x0800a8ec   0x00000044   Code   RO         5318    i.prvProcessExpiredTimer  timers.o
    0x0800a930   0x00000160   Code   RO         5319    i.prvProcessReceivedCommands  timers.o
    0x0800aa90   0x00000074   Code   RO         5320    i.prvProcessTimerOrBlockTask  timers.o
    0x0800ab04   0x00000028   Code   RO         5321    i.prvReloadTimer    timers.o
    0x0800ab2c   0x00000030   Code   RO         4868    i.prvResetNextTaskUnblockTime  tasks.o
    0x0800ab5c   0x0000002c   Code   RO         5322    i.prvSampleTimeNow  timers.o
    0x0800ab88   0x00000044   Code   RO         5323    i.prvSwitchTimerLists  timers.o
    0x0800abcc   0x00000016   Code   RO         4870    i.prvTaskCheckFreeStackSpace  tasks.o
    0x0800abe2   0x00000002   PAD
    0x0800abe4   0x00000070   Code   RO         5677    i.prvTaskExitError  port.o
    0x0800ac54   0x0000001e   Code   RO         5490    i.prvTestWaitCondition  event_groups.o
    0x0800ac72   0x0000001a   Code   RO         5324    i.prvTimerTask      timers.o
    0x0800ac8c   0x00000090   Code   RO         4593    i.prvUnlockQueue    queue.o
    0x0800ad1c   0x0000002a   Code   RO         4872    i.prvWriteNameToBuffer  tasks.o
    0x0800ad46   0x00000002   PAD
    0x0800ad48   0x00000150   Code   RO         5610    i.pvPortMalloc      heap_4.o
    0x0800ae98   0x00000020   Code   RO         4873    i.pvTaskIncrementMutexHeldCount  tasks.o
    0x0800aeb8   0x0000002c   Code   RO         5678    i.pxPortInitialiseStack  port.o
    0x0800aee4   0x00000020   Code   RO         1308    i.read_flash        flash.o
    0x0800af04   0x00000040   Code   RO         1309    i.read_from_flash   flash.o
    0x0800af44   0x0000000a   Code   RO         2074    i.route_packet_process  freertos_demo.o
    0x0800af4e   0x00000002   PAD
    0x0800af50   0x00000358   Code   RO         1071    i.route_update_process  routing.o
    0x0800b2a8   0x0000000e   Code   RO         1072    i.routing_frame_clear  routing.o
    0x0800b2b6   0x00000002   PAD
    0x0800b2b8   0x00000038   Code   RO         2075    i.routing_update    freertos_demo.o
    0x0800b2f0   0x00000032   Code   RO          762    i.rts_send          mac.o
    0x0800b322   0x00000002   PAD
    0x0800b324   0x00000040   Code   RO         1073    i.search_max_rssi_neighbor_route  routing.o
    0x0800b364   0x00000040   Code   RO         1074    i.search_min_rssi_neighbor_route  routing.o
    0x0800b3a4   0x00000038   Code   RO         1075    i.search_neighbor_route  routing.o
    0x0800b3dc   0x00000058   Code   RO         2076    i.send_timer        freertos_demo.o
    0x0800b434   0x00000024   Code   RO          451    i.sensor_power_off  led.o
    0x0800b458   0x00000020   Code   RO          452    i.sensor_power_on   led.o
    0x0800b478   0x00000008   Code   RO         1618    i.sht45init         sht45.o
    0x0800b480   0x0000006e   Code   RO         6030    i.sqrt              m_wm.l(sqrt.o)
    0x0800b4ee   0x00000002   PAD
    0x0800b4f0   0x00000408   Code   RO         2077    i.start_task        freertos_demo.o
    0x0800b8f8   0x000000b8   Code   RO         1918    i.uart4_init        usart.o
    0x0800b9b0   0x000000b0   Code   RO         1919    i.uart_init         usart.o
    0x0800ba60   0x000000d0   Code   RO         1076    i.update_broadcast_route  routing.o
    0x0800bb30   0x00000028   Code   RO         4524    i.uxListRemove      list.o
    0x0800bb58   0x0000000c   Code   RO         4878    i.uxTaskGetNumberOfTasks  tasks.o
    0x0800bb64   0x00000028   Code   RO         4879    i.uxTaskGetStackHighWaterMark  tasks.o
    0x0800bb8c   0x000000b8   Code   RO         4880    i.uxTaskGetSystemState  tasks.o
    0x0800bc44   0x0000001c   Code   RO         4884    i.uxTaskResetEventItemValue  tasks.o
    0x0800bc60   0x00000010   Code   RO         5494    i.vEventGroupSetBitsCallback  event_groups.o
    0x0800bc70   0x0000001a   Code   RO         4525    i.vListInitialise   list.o
    0x0800bc8a   0x00000006   Code   RO         4526    i.vListInitialiseItem  list.o
    0x0800bc90   0x00000034   Code   RO         4527    i.vListInsert       list.o
    0x0800bcc4   0x00000018   Code   RO         4528    i.vListInsertEnd    list.o
    0x0800bcdc   0x00000088   Code   RO         5680    i.vPortEnterCritical  port.o
    0x0800bd64   0x00000070   Code   RO         5681    i.vPortExitCritical  port.o
    0x0800bdd4   0x000000b0   Code   RO         5611    i.vPortFree         heap_4.o
    0x0800be84   0x00000068   Code   RO         5682    i.vPortSetupTimerInterrupt  port.o
    0x0800beec   0x0000014c   Code   RO         5683    i.vPortSuppressTicksAndSleep  port.o
    0x0800c038   0x000000a0   Code   RO         5684    i.vPortValidateInterruptPriority  port.o
    0x0800c0d8   0x0000007c   Code   RO         4599    i.vQueueAddToRegistry  queue.o
    0x0800c154   0x00000048   Code   RO         4600    i.vQueueDelete      queue.o
    0x0800c19c   0x00000064   Code   RO         4602    i.vQueueUnregisterQueue  queue.o
    0x0800c200   0x0000004a   Code   RO         4603    i.vQueueWaitForMessageRestricted  queue.o
    0x0800c24a   0x00000002   PAD
    0x0800c24c   0x00000074   Code   RO         4885    i.vTaskDelay        tasks.o
    0x0800c2c0   0x00000114   Code   RO         4886    i.vTaskDelete       tasks.o
    0x0800c3d4   0x00000084   Code   RO         4889    i.vTaskGetInfo      tasks.o
    0x0800c458   0x000000c4   Code   RO         4890    i.vTaskGetRunTimeStats  tasks.o
    0x0800c51c   0x00000018   Code   RO         4891    i.vTaskInternalSetTimeOutState  tasks.o
    0x0800c534   0x0000000c   Code   RO         4893    i.vTaskMissedYield  tasks.o
    0x0800c540   0x00000054   Code   RO         4894    i.vTaskPlaceOnEventList  tasks.o
    0x0800c594   0x0000007c   Code   RO         4895    i.vTaskPlaceOnEventListRestricted  tasks.o
    0x0800c610   0x000000a0   Code   RO         4896    i.vTaskPlaceOnUnorderedEventList  tasks.o
    0x0800c6b0   0x00000128   Code   RO         4897    i.vTaskPriorityDisinheritAfterTimeout  tasks.o
    0x0800c7d8   0x00000124   Code   RO         4899    i.vTaskRemoveFromUnorderedEventList  tasks.o
    0x0800c8fc   0x000000b8   Code   RO         4903    i.vTaskStartScheduler  tasks.o
    0x0800c9b4   0x000000b0   Code   RO         4904    i.vTaskStepTick     tasks.o
    0x0800ca64   0x00000010   Code   RO         4906    i.vTaskSuspendAll   tasks.o
    0x0800ca74   0x000000e8   Code   RO         4907    i.vTaskSwitchContext  tasks.o
    0x0800cb5c   0x00000058   Code   RO         1311    i.write_flash       flash.o
    0x0800cbb4   0x0000000a   Code   RO         2078    i.write_my_addr     freertos_demo.o
    0x0800cbbe   0x00000002   PAD
    0x0800cbc0   0x00000324   Code   RO         1077    i.write_my_addr_route  routing.o
    0x0800cee4   0x00000034   Code   RO         1312    i.write_to_flash    flash.o
    0x0800cf18   0x00000074   Code   RO         5496    i.xEventGroupClearBits  event_groups.o
    0x0800cf8c   0x0000001a   Code   RO         5498    i.xEventGroupCreate  event_groups.o
    0x0800cfa6   0x00000002   PAD
    0x0800cfa8   0x000000e8   Code   RO         5500    i.xEventGroupSetBits  event_groups.o
    0x0800d090   0x00000024   Code   RO         5501    i.xEventGroupSetBitsFromISR  event_groups.o
    0x0800d0b4   0x0000015c   Code   RO         5503    i.xEventGroupWaitBits  event_groups.o
    0x0800d210   0x0000000c   Code   RO         5615    i.xPortGetMinimumEverFreeHeapSize  heap_4.o
    0x0800d21c   0x0000019c   Code   RO         5685    i.xPortStartScheduler  port.o
    0x0800d3b8   0x00000034   Code   RO         5686    i.xPortSysTickHandler  port.o
    0x0800d3ec   0x00000022   Code   RO         4606    i.xQueueCreateMutex  queue.o
    0x0800d40e   0x00000002   PAD
    0x0800d410   0x00000080   Code   RO         4608    i.xQueueGenericCreate  queue.o
    0x0800d490   0x000000ec   Code   RO         4609    i.xQueueGenericReset  queue.o
    0x0800d57c   0x000001d4   Code   RO         4610    i.xQueueGenericSend  queue.o
    0x0800d750   0x00000144   Code   RO         4611    i.xQueueGenericSendFromISR  queue.o
    0x0800d894   0x00000170   Code   RO         4618    i.xQueueReceive     queue.o
    0x0800da04   0x00000198   Code   RO         4623    i.xQueueSemaphoreTake  queue.o
    0x0800db9c   0x000000bc   Code   RO         4910    i.xTaskCheckForTimeOut  tasks.o
    0x0800dc58   0x00000068   Code   RO         4911    i.xTaskCreate       tasks.o
    0x0800dcc0   0x000000dc   Code   RO         4912    i.xTaskDelayUntil   tasks.o
    0x0800dd9c   0x00000020   Code   RO         4920    i.xTaskGetSchedulerState  tasks.o
    0x0800ddbc   0x0000000c   Code   RO         4921    i.xTaskGetTickCount  tasks.o
    0x0800ddc8   0x000001d4   Code   RO         4923    i.xTaskIncrementTick  tasks.o
    0x0800df9c   0x00000100   Code   RO         4924    i.xTaskPriorityDisinherit  tasks.o
    0x0800e09c   0x000000ec   Code   RO         4925    i.xTaskPriorityInherit  tasks.o
    0x0800e188   0x00000140   Code   RO         4926    i.xTaskRemoveFromEventList  tasks.o
    0x0800e2c8   0x00000190   Code   RO         4927    i.xTaskResumeAll    tasks.o
    0x0800e458   0x00000036   Code   RO         5331    i.xTimerCreate      timers.o
    0x0800e48e   0x00000002   PAD
    0x0800e490   0x00000074   Code   RO         5332    i.xTimerCreateTimerTask  timers.o
    0x0800e504   0x000000a4   Code   RO         5333    i.xTimerGenericCommand  timers.o
    0x0800e5a8   0x00000034   Code   RO         5340    i.xTimerPendFunctionCallFromISR  timers.o
    0x0800e5dc   0x0000002c   Code   RO         6112    locale$$code        c_w.l(lc_numeric_c.o)
    0x0800e608   0x0000002c   Code   RO         6191    locale$$code        c_w.l(lc_ctype_c.o)
    0x0800e634   0x00000018   Code   RO         5964    x$fpl$basic         fz_wm.l(basic.o)
    0x0800e64c   0x00000062   Code   RO         5858    x$fpl$d2f           fz_wm.l(d2f.o)
    0x0800e6ae   0x00000002   PAD
    0x0800e6b0   0x00000150   Code   RO         5860    x$fpl$dadd          fz_wm.l(daddsub_clz.o)
    0x0800e800   0x00000010   Code   RO         6114    x$fpl$dcheck1       fz_wm.l(dcheck1.o)
    0x0800e810   0x00000018   Code   RO         6184    x$fpl$dcmpinf       fz_wm.l(dcmpi.o)
    0x0800e828   0x000002b0   Code   RO         5867    x$fpl$ddiv          fz_wm.l(ddiv.o)
    0x0800ead8   0x0000005e   Code   RO         5870    x$fpl$dfix          fz_wm.l(dfix.o)
    0x0800eb36   0x0000002e   Code   RO         5875    x$fpl$dflt          fz_wm.l(dflt_clz.o)
    0x0800eb64   0x00000026   Code   RO         5874    x$fpl$dfltu         fz_wm.l(dflt_clz.o)
    0x0800eb8a   0x00000002   PAD
    0x0800eb8c   0x00000078   Code   RO         6116    x$fpl$dleqf         fz_wm.l(dleqf.o)
    0x0800ec04   0x00000154   Code   RO         5880    x$fpl$dmul          fz_wm.l(dmul.o)
    0x0800ed58   0x0000009c   Code   RO         5966    x$fpl$dnaninf       fz_wm.l(dnaninf.o)
    0x0800edf4   0x0000000c   Code   RO         5968    x$fpl$dretinf       fz_wm.l(dretinf.o)
    0x0800ee00   0x0000006c   Code   RO         5970    x$fpl$drleqf        fz_wm.l(drleqf.o)
    0x0800ee6c   0x00000016   Code   RO         5861    x$fpl$drsb          fz_wm.l(daddsub_clz.o)
    0x0800ee82   0x00000002   PAD
    0x0800ee84   0x00000198   Code   RO         6118    x$fpl$dsqrt         fz_wm.l(dsqrt_umaal.o)
    0x0800f01c   0x000001d4   Code   RO         5862    x$fpl$dsub          fz_wm.l(daddsub_clz.o)
    0x0800f1f0   0x00000056   Code   RO         5882    x$fpl$f2d           fz_wm.l(f2d.o)
    0x0800f246   0x0000008c   Code   RO         5972    x$fpl$fnaninf       fz_wm.l(fnaninf.o)
    0x0800f2d2   0x0000000a   Code   RO         6199    x$fpl$fpinit        fz_wm.l(fpinit.o)
    0x0800f2dc   0x0000000a   Code   RO         5974    x$fpl$fretinf       fz_wm.l(fretinf.o)
    0x0800f2e6   0x00000004   Code   RO         5884    x$fpl$printf1       fz_wm.l(printf1.o)
    0x0800f2ea   0x00000004   Code   RO         5978    x$fpl$printf2       fz_wm.l(printf2.o)
    0x0800f2ee   0x00000064   Code   RO         6186    x$fpl$retnan        fz_wm.l(retnan.o)
    0x0800f352   0x0000005c   Code   RO         5984    x$fpl$scalbn        fz_wm.l(scalbn.o)
    0x0800f3ae   0x00000030   Code   RO         6201    x$fpl$trapveneer    fz_wm.l(trapv.o)
    0x0800f3de   0x00000000   Code   RO         5986    x$fpl$usenofp       fz_wm.l(usenofp.o)
    0x0800f3de   0x00000200   Data   RO          587    .constdata          crc16.o
    0x0800f5de   0x00000028   Data   RO         5808    .constdata          c_w.l(_printf_hex_int_ll_ptr.o)
    0x0800f606   0x00000011   Data   RO         5828    .constdata          c_w.l(__printf_flags_ss_wp.o)
    0x0800f617   0x00000001   PAD
    0x0800f618   0x00000030   Data   RO         5889    .constdata          m_wm.l(expf.o)
    0x0800f648   0x00000088   Data   RO         5903    .constdata          m_wm.l(pow.o)
    0x0800f6d0   0x00000008   Data   RO         5938    .constdata          c_w.l(_printf_wctomb.o)
    0x0800f6d8   0x00000008   Data   RO         6027    .constdata          m_wm.l(qnan.o)
    0x0800f6e0   0x00000026   Data   RO         6072    .constdata          c_w.l(_printf_fp_hex.o)
    0x0800f706   0x00000002   PAD
    0x0800f708   0x00000094   Data   RO         6081    .constdata          c_w.l(bigflt0.o)
    0x0800f79c   0x00000086   Data   RO         1079    .conststring        routing.o
    0x0800f822   0x00000002   PAD
    0x0800f824   0x00000020   Data   RO         6271    Region$$Table       anon$$obj.o
    0x0800f844   0x0000001c   Data   RO         6111    locale$$data        c_w.l(lc_numeric_c.o)
    0x0800f860   0x00000110   Data   RO         6190    locale$$data        c_w.l(lc_ctype_c.o)


    Execution Region RW_IRAM1 (Base: 0x20000000, Size: 0x00009ea0, Max: 0x00020000, ABSOLUTE, COMPRESSED[0x00000020])

    Base Addr    Size         Type   Attr      Idx    E Section Name        Object

    0x20000000   0x00000014   Data   RW          318    .data               system_stm32f4xx.o
    0x20000014   0x00000004   Data   RW          544    .data               timer.o
    0x20000018   0x0000001c   Data   RW          764    .data               mac.o
    0x20000034   0x00000008   Data   RW          914    .data               lora.o
    0x2000003c   0x0000000c   Data   RW         1080    .data               routing.o
    0x20000048   0x00000001   Data   RW         1230    .data               tree_node.o
    0x20000049   0x00000001   PAD
    0x2000004a   0x00000010   Data   RW         1313    .data               flash.o
    0x2000005a   0x00000002   PAD
    0x2000005c   0x00000008   Data   RW         1619    .data               sht45.o
    0x20000064   0x0000000c   Data   RW         1673    .data               bmp280.o
    0x20000070   0x00000004   Data   RW         1763    .data               myrtc.o
    0x20000074   0x00000004   Data   RW         1851    .data               delay.o
    0x20000078   0x0000000e   Data   RW         1921    .data               usart.o
    0x20000086   0x00000002   PAD
    0x20000088   0x00000048   Data   RW         2080    .data               freertos_demo.o
    0x200000d0   0x00000010   Data   RW         2405    .data               stm32f4xx_rcc.o
    0x200000e0   0x00000048   Data   RW         4930    .data               tasks.o
    0x20000128   0x00000014   Data   RW         5342    .data               timers.o
    0x2000013c   0x0000001c   Data   RW         5617    .data               heap_4.o
    0x20000158   0x00000018   Data   RW         5687    .data               port.o
    0x20000170   0x0000008c   Zero   RW          364    .bss                adaptive_report.o
    0x200001fc   0x00000160   Zero   RW          763    .bss                mac.o
    0x2000035c   0x00000004   PAD
    0x20000360   0x00000528   Zero   RW         1078    .bss                routing.o
    0x20000888   0x00000100   Zero   RW         1229    .bss                tree_node.o
    0x20000988   0x0000001c   Zero   RW         1672    .bss                bmp280.o
    0x200009a4   0x00000258   Zero   RW         1920    .bss                usart.o
    0x20000bfc   0x000002ff   Zero   RW         2008    .bss                mb_usart.o
    0x20000efb   0x000001f4   Zero   RW         2079    .bss                freertos_demo.o
    0x200010ef   0x00000001   PAD
    0x200010f0   0x00000040   Zero   RW         4625    .bss                queue.o
    0x20001130   0x000002e4   Zero   RW         4929    .bss                tasks.o
    0x20001414   0x00000028   Zero   RW         5341    .bss                timers.o
    0x2000143c   0x00005800   Zero   RW         5616    .bss                heap_4.o
    0x20006c3c   0x00000060   Zero   RW         6121    .bss                c_w.l(libspace.o)
    0x20006c9c   0x00000004   PAD
    0x20006ca0   0x00000200   Zero   RW         2202    HEAP                startup_stm32f40_41xxx.o
    0x20006ea0   0x00003000   Zero   RW         2201    STACK               startup_stm32f40_41xxx.o


==============================================================================

Image component sizes


      Code (inc. data)   RO Data    RW Data    ZI Data      Debug   Object Name

      1824        182          0          0        140      14170   adaptive_report.o
       780         56          0         12         28       5253   bmp280.o
        72         10        512          0          0       1365   crc16.o
       244         18          0          4          0       3161   delay.o
       804        146          0          0          0       6999   event_groups.o
        80         10          0          0          0       1064   ewdg.o
        44         18          0          0          0        535   exti.o
       396         64          0         16          0       3895   flash.o
      2974       1414          0         72        500      15817   freertos_demo.o
       740        178          0         28      22528       5465   heap_4.o
       328          0          0          0          0       3340   ina226.o
        44          0          0          0          0       1100   iwdg.o
        68          8          0          0          0        559   key.o
       312         44          0          0          0       2194   led.o
       148          0          0          0          0       5866   list.o
      3472       1034          0          8          0      42232   lora.o
      3750       1036          0         28        352      17066   mac.o
       136          4          0          0          0     341267   main.o
       548         40          0          0        767       4733   mb_usart.o
      1382        140          0          0          0       7391   mdbs_func.o
       180         24          0          0          0       2161   misc.o
      1014        128          0          0          0       7970   myiic.o
       530         44          0          4          0       4992   myrtc.o
      1654        424          0         24          0      12630   port.o
      2992        396          0          0         64      33039   queue.o
      7348       1358        134         12       1320      16998   routing.o
       616         28          0          8          0       3917   sht45.o
        64         26        392          0      12800        868   startup_stm32f40_41xxx.o
       478         26          0          0          0       4358   stm32f4xx_dma.o
       160         12          0          0          0       1553   stm32f4xx_exti.o
       402         40          0          0          0       4625   stm32f4xx_flash.o
       230          0          0          0          0       3545   stm32f4xx_gpio.o
        20          0          0          0          0       2849   stm32f4xx_it.o
        68         30          0          0          0       2670   stm32f4xx_iwdg.o
        12          6          0          0          0        554   stm32f4xx_pwr.o
       540         66          0         16          0       7759   stm32f4xx_rcc.o
        72         16          0          0          0       1676   stm32f4xx_rng.o
      1210         88          0          0          0      11676   stm32f4xx_rtc.o
       198         28          0          0          0       3712   stm32f4xx_tim.o
       470          8          0          0          0       6237   stm32f4xx_usart.o
       340         32          0         20          0       1829   system_stm32f4xx.o
      6412       1334          0         72        740      48228   tasks.o
       278         18          0          4          0       3250   timer.o
      1448        282          0         20         40      14602   timers.o
       778        102          0          1        256       8770   tree_node.o
       796         96          0         14        600       7754   usart.o

    ----------------------------------------------------------------------
     46510       9014       1072        368      40140     701694   Object Totals
         0          0         32          0          0          0   (incl. Generated)
        54          0          2          5          5          0   (incl. Padding)

    ----------------------------------------------------------------------

      Code (inc. data)   RO Data    RW Data    ZI Data      Debug   Library Member Name

        24          4          0          0          0         84   __2printf.o
        44          6          0          0          0         84   __2sprintf.o
        90          0          0          0          0          0   __dczerorl2.o
         8          0          0          0          0         68   __main.o
       392          4         17          0          0         92   __printf_flags_ss_wp.o
        14          0          0          0          0         68   __printf_wp.o
         0          0          0          0          0          0   __rtentry.o
        12          0          0          0          0          0   __rtentry2.o
         6          0          0          0          0          0   __rtentry4.o
        52          8          0          0          0          0   __scatter.o
        28          0          0          0          0          0   __scatter_zi.o
         6          0          0          0          0          0   _printf_a.o
         6          0          0          0          0          0   _printf_c.o
        44          0          0          0          0        108   _printf_char.o
        48          6          0          0          0         96   _printf_char_common.o
        36          4          0          0          0         80   _printf_char_file.o
        40          0          0          0          0         68   _printf_charcount.o
         6          0          0          0          0          0   _printf_d.o
       120         16          0          0          0         92   _printf_dec.o
         6          0          0          0          0          0   _printf_e.o
         6          0          0          0          0          0   _printf_f.o
      1050          0          0          0          0        216   _printf_fp_dec.o
       764         10         38          0          0        100   _printf_fp_hex.o
       128         16          0          0          0         84   _printf_fp_infnan.o
         6          0          0          0          0          0   _printf_g.o
       148          4         40          0          0        160   _printf_hex_int_ll_ptr.o
         6          0          0          0          0          0   _printf_i.o
       178          0          0          0          0         88   _printf_intcommon.o
        10          0          0          0          0          0   _printf_l.o
         6          0          0          0          0          0   _printf_lc.o
        10          0          0          0          0          0   _printf_ll.o
         6          0          0          0          0          0   _printf_lld.o
         6          0          0          0          0          0   _printf_lli.o
         6          0          0          0          0          0   _printf_llo.o
         6          0          0          0          0          0   _printf_llu.o
         6          0          0          0          0          0   _printf_llx.o
       124         16          0          0          0         92   _printf_longlong_dec.o
         6          0          0          0          0          0   _printf_ls.o
         6          0          0          0          0          0   _printf_n.o
         6          0          0          0          0          0   _printf_o.o
       112          8          0          0          0        124   _printf_oct_int_ll.o
         6          0          0          0          0          0   _printf_p.o
        78          0          0          0          0        108   _printf_pad.o
         0          0          0          0          0          0   _printf_percent.o
         4          0          0          0          0          0   _printf_percent_end.o
         6          0          0          0          0          0   _printf_s.o
        82          0          0          0          0         80   _printf_str.o
        36          0          0          0          0         84   _printf_truncate.o
         6          0          0          0          0          0   _printf_u.o
        44          0          0          0          0        108   _printf_wchar.o
       188          6          8          0          0         92   _printf_wctomb.o
         6          0          0          0          0          0   _printf_x.o
        22          0          0          0          0        100   _rserrno.o
        10          0          0          0          0         68   _sputc.o
        64          0          0          0          0         92   _wcrtomb.o
        16          0          0          0          0         68   aeabi_memset.o
       220          4        148          0          0         96   bigflt0.o
      1910        128          0          0          0        672   btod.o
        12          0          0          0          0         72   exit.o
         8          0          0          0          0         68   ferror.o
         6          0          0          0          0        152   heapauxi.o
        44         10        272          0          0         76   lc_ctype_c.o
        44         10         28          0          0         76   lc_numeric_c.o
         2          0          0          0          0          0   libinit.o
        34          0          0          0          0          0   libinit2.o
         2          0          0          0          0          0   libshutdown.o
         2          0          0          0          0          0   libshutdown2.o
         8          4          0          0         96         68   libspace.o
        72          0          0          0          0         76   llsdiv.o
       138          0          0          0          0         80   lludiv10.o
       238          0          0          0          0        100   lludivv7m.o
        24          4          0          0          0         84   printf.o
        16          4          0          0          0         76   rt_ctype_table.o
         8          4          0          0          0         68   rt_errno_addr_intlibspace.o
         8          4          0          0          0         68   rt_locale_intlibspace.o
        68          0          0          0          0         68   rt_memclr.o
        78          0          0          0          0         80   rt_memclr_w.o
       138          0          0          0          0         68   rt_memcpy_v6.o
       100          0          0          0          0         80   rt_memcpy_w.o
         2          0          0          0          0          0   rtexit.o
        10          0          0          0          0          0   rtexit2.o
       128          0          0          0          0         68   strcmpv7m.o
        72          0          0          0          0         80   strcpy.o
        62          0          0          0          0         76   strlen.o
        36          0          0          0          0         80   strstr.o
        74          0          0          0          0         80   sys_stackheap_outer.o
         2          0          0          0          0         68   use_no_semi.o
         2          0          0          0          0         68   use_no_semi_2.o
        24          0          0          0          0        164   basic.o
        98          4          0          0          0        140   d2f.o
       826         16          0          0          0        492   daddsub_clz.o
        16          4          0          0          0        116   dcheck1.o
        24          0          0          0          0        116   dcmpi.o
       688        140          0          0          0        256   ddiv.o
        94          4          0          0          0        140   dfix.o
        84          0          0          0          0        232   dflt_clz.o
       120          4          0          0          0        140   dleqf.o
       340         12          0          0          0        152   dmul.o
       156          4          0          0          0        140   dnaninf.o
        12          0          0          0          0        116   dretinf.o
       108          0          0          0          0        128   drleqf.o
       408         56          0          0          0        168   dsqrt_umaal.o
        86          4          0          0          0        132   f2d.o
       140          4          0          0          0        132   fnaninf.o
        10          0          0          0          0        116   fpinit.o
        10          0          0          0          0        116   fretinf.o
         4          0          0          0          0        116   printf1.o
         4          0          0          0          0        116   printf2.o
       100          0          0          0          0        116   retnan.o
        92          0          0          0          0        116   scalbn.o
        48          0          0          0          0        116   trapv.o
         0          0          0          0          0          0   usenofp.o
       164         44          0          0          0        620   dunder.o
       488         62         48          0          0        236   expf.o
        24          0          0          0          0        124   fabs.o
        48          0          0          0          0        124   fpclassify.o
        38          0          0          0          0        116   fpclassifyf.o
        38         12          0          0          0        348   funder.o
       248          0          0          0          0        152   poly.o
      3128        302        136          0          0        356   pow.o
         0          0          8          0          0          0   qnan.o
       110          0          0          0          0        148   sqrt.o

    ----------------------------------------------------------------------
     15528        956        746          0        100      10952   Library Totals
        36          4          3          0          4          0   (incl. Padding)

    ----------------------------------------------------------------------

      Code (inc. data)   RO Data    RW Data    ZI Data      Debug   Library Name

      7714        280        551          0         96       5152   c_w.l
      3492        252          0          0          0       3576   fz_wm.l
      4286        420        192          0          0       2224   m_wm.l

    ----------------------------------------------------------------------
     15528        956        746          0        100      10952   Library Totals

    ----------------------------------------------------------------------

==============================================================================


      Code (inc. data)   RO Data    RW Data    ZI Data      Debug   

     62038       9970       1818        368      40240     669834   Grand Totals
     62038       9970       1818         32      40240     669834   ELF Image Totals (compressed)
     62038       9970       1818         32          0          0   ROM Totals

==============================================================================

    Total RO  Size (Code + RO Data)                63856 (  62.36kB)
    Total RW  Size (RW Data + ZI Data)             40608 (  39.66kB)
    Total ROM Size (Code + RO Data + RW Data)      63888 (  62.39kB)

==============================================================================

