<html>
<body>
<pre>
<h1>µVision Build Log</h1>
<h2>Tool Versions:</h2>
IDE-Version: ¦ÌVision V5.14.0.0
Copyright (C) 2015 ARM Ltd and ARM Germany GmbH. All rights reserved.
License Information: 1 826996050@qq.com, 2, LIC=HN0AE-5TEAP-2ZSW4-F0F8Y-HYES5-VXVTP
 
Tool Versions:
Toolchain:       MDK-ARM Standard  Version: 5.14.0.0
Toolchain Path:  G:\MDK5\ARM\ARMCC\Bin
C Compiler:      Armcc.exe V5.05 update 1 (build 106)
Assembler:       Armasm.exe V5.05 update 1 (build 106)
Linker/Locator:  ArmLink.exe V5.05 update 1 (build 106)
Library Manager: ArmAr.exe V5.05 update 1 (build 106)
Hex Converter:   FromElf.exe V5.05 update 1 (build 106)
CPU DLL:         SARMCM3.DLL V5.14.0.0
Dialog DLL:      DCM.DLL V1.13.1.0
Target DLL:      Segger\JL2CM3.dll V2.99.13.0
Dialog DLL:      TCM.DLL V1.14.4.0
 
<h2>Project:</h2>
C:\Users\82699\Desktop\FreeRTOS\FreeRTOS_code\FreeRTOS_code\WSN_GW_v0.5\USER\USART.uvprojx
Project File Date:  03/16/2026

<h2>Output:</h2>
Build target 'USART'
compiling main.c...
compiling adaptive_report.c...
adaptive_report.c(430): warning:  #550-D: variable "clamp_hard" was set but never used
      uint8_t clamp_hard = 0;
adaptive_report.c(431): warning:  #550-D: variable "clamp_grad" was set but never used
      uint8_t clamp_grad = 0;
adaptive_report.c(432): warning:  #550-D: variable "clamp_final" was set but never used
      uint8_t clamp_final = 0;
adaptive_report.c: 3 warnings, 0 errors
compiling mdbs_func.c...
compiling routing.c...
..\HARDWARE\ROUTING\routing.c(225): warning:  #111-D: statement is unreachable
      return AdaptiveReport_GetNextPeriodMs(routing_table.tree_depth);
..\HARDWARE\ROUTING\routing.c: 1 warning, 0 errors
linking...
Program Size: Code=66858 RO-data=1846 RW-data=440 ZI-data=40648  
FromELF: creating hex file...
"..\OBJ\USART.axf" - 0 Error(s), 4 Warning(s).

<h2>Collection of Component include folders:</h2>
  C:\Users\82699\Desktop\FreeRTOS\FreeRTOS_code\FreeRTOS_code\WSN_GW_v0.5\USER\RTE
  G:\MDK5\ARM\PACK\Keil\STM32F4xx_DFP\1.0.8\Device\Include

<h2>Collection of Component Files used:</h2>
</pre>
</body>
</html>
